Archive member included to satisfy reference by file (symbol)

c:/program files (x86)/atollic/truestudio for stm32 9.1.0/armtools/bin/../lib/gcc/arm-atollic-eabi/6.3.1/../../../../arm-atollic-eabi/lib/armv7-m\libc_nano.a(lib_a-errno.o)
                              Src\syscalls.o (__errno)
c:/program files (x86)/atollic/truestudio for stm32 9.1.0/armtools/bin/../lib/gcc/arm-atollic-eabi/6.3.1/../../../../arm-atollic-eabi/lib/armv7-m\libc_nano.a(lib_a-impure.o)
                              c:/program files (x86)/atollic/truestudio for stm32 9.1.0/armtools/bin/../lib/gcc/arm-atollic-eabi/6.3.1/../../../../arm-atollic-eabi/lib/armv7-m\libc_nano.a(lib_a-errno.o) (_impure_ptr)
c:/program files (x86)/atollic/truestudio for stm32 9.1.0/armtools/bin/../lib/gcc/arm-atollic-eabi/6.3.1/../../../../arm-atollic-eabi/lib/armv7-m\libc_nano.a(lib_a-memcpy-stub.o)
                              Middlewares\Third_Party\FreeRTOS\Source\queue.o (memcpy)
c:/program files (x86)/atollic/truestudio for stm32 9.1.0/armtools/bin/../lib/gcc/arm-atollic-eabi/6.3.1/../../../../arm-atollic-eabi/lib/armv7-m\libc_nano.a(lib_a-memset.o)
                              Drivers\STM32F1xx_HAL_Driver\Src\stm32f1xx_hal_rcc.o (memset)
c:/program files (x86)/atollic/truestudio for stm32 9.1.0/armtools/bin/../lib/gcc/arm-atollic-eabi/6.3.1/../../../../arm-atollic-eabi/lib/armv7-m\libc_nano.a(lib_a-sprintf.o)
                              Src\analyze.o (sprintf)
c:/program files (x86)/atollic/truestudio for stm32 9.1.0/armtools/bin/../lib/gcc/arm-atollic-eabi/6.3.1/../../../../arm-atollic-eabi/lib/armv7-m\libc_nano.a(lib_a-sscanf.o)
                              Src\processCommand.o (sscanf)
c:/program files (x86)/atollic/truestudio for stm32 9.1.0/armtools/bin/../lib/gcc/arm-atollic-eabi/6.3.1/../../../../arm-atollic-eabi/lib/armv7-m\libc_nano.a(lib_a-stdio.o)
                              c:/program files (x86)/atollic/truestudio for stm32 9.1.0/armtools/bin/../lib/gcc/arm-atollic-eabi/6.3.1/../../../../arm-atollic-eabi/lib/armv7-m\libc_nano.a(lib_a-sscanf.o) (__seofread)
c:/program files (x86)/atollic/truestudio for stm32 9.1.0/armtools/bin/../lib/gcc/arm-atollic-eabi/6.3.1/../../../../arm-atollic-eabi/lib/armv7-m\libc_nano.a(lib_a-strcpy.o)
                              Src\analyze.o (strcpy)
c:/program files (x86)/atollic/truestudio for stm32 9.1.0/armtools/bin/../lib/gcc/arm-atollic-eabi/6.3.1/../../../../arm-atollic-eabi/lib/armv7-m\libc_nano.a(lib_a-strlen.o)
                              Src\controllerInit.o (strlen)
c:/program files (x86)/atollic/truestudio for stm32 9.1.0/armtools/bin/../lib/gcc/arm-atollic-eabi/6.3.1/../../../../arm-atollic-eabi/lib/armv7-m\libc_nano.a(lib_a-writer.o)
                              c:/program files (x86)/atollic/truestudio for stm32 9.1.0/armtools/bin/../lib/gcc/arm-atollic-eabi/6.3.1/../../../../arm-atollic-eabi/lib/armv7-m\libc_nano.a(lib_a-stdio.o) (_write_r)
c:/program files (x86)/atollic/truestudio for stm32 9.1.0/armtools/bin/../lib/gcc/arm-atollic-eabi/6.3.1/../../../../arm-atollic-eabi/lib/armv7-m\libc_nano.a(lib_a-closer.o)
                              c:/program files (x86)/atollic/truestudio for stm32 9.1.0/armtools/bin/../lib/gcc/arm-atollic-eabi/6.3.1/../../../../arm-atollic-eabi/lib/armv7-m\libc_nano.a(lib_a-stdio.o) (_close_r)
c:/program files (x86)/atollic/truestudio for stm32 9.1.0/armtools/bin/../lib/gcc/arm-atollic-eabi/6.3.1/../../../../arm-atollic-eabi/lib/armv7-m\libc_nano.a(lib_a-lseekr.o)
                              c:/program files (x86)/atollic/truestudio for stm32 9.1.0/armtools/bin/../lib/gcc/arm-atollic-eabi/6.3.1/../../../../arm-atollic-eabi/lib/armv7-m\libc_nano.a(lib_a-stdio.o) (_lseek_r)
c:/program files (x86)/atollic/truestudio for stm32 9.1.0/armtools/bin/../lib/gcc/arm-atollic-eabi/6.3.1/../../../../arm-atollic-eabi/lib/armv7-m\libc_nano.a(lib_a-nano-svfprintf.o)
                              c:/program files (x86)/atollic/truestudio for stm32 9.1.0/armtools/bin/../lib/gcc/arm-atollic-eabi/6.3.1/../../../../arm-atollic-eabi/lib/armv7-m\libc_nano.a(lib_a-sprintf.o) (_svfprintf_r)
c:/program files (x86)/atollic/truestudio for stm32 9.1.0/armtools/bin/../lib/gcc/arm-atollic-eabi/6.3.1/../../../../arm-atollic-eabi/lib/armv7-m\libc_nano.a(lib_a-nano-svfscanf.o)
                              c:/program files (x86)/atollic/truestudio for stm32 9.1.0/armtools/bin/../lib/gcc/arm-atollic-eabi/6.3.1/../../../../arm-atollic-eabi/lib/armv7-m\libc_nano.a(lib_a-sscanf.o) (__ssvfscanf_r)
c:/program files (x86)/atollic/truestudio for stm32 9.1.0/armtools/bin/../lib/gcc/arm-atollic-eabi/6.3.1/../../../../arm-atollic-eabi/lib/armv7-m\libc_nano.a(lib_a-nano-vfprintf_i.o)
                              c:/program files (x86)/atollic/truestudio for stm32 9.1.0/armtools/bin/../lib/gcc/arm-atollic-eabi/6.3.1/../../../../arm-atollic-eabi/lib/armv7-m\libc_nano.a(lib_a-nano-svfprintf.o) (_printf_i)
[...]
Memory Configuration

Name             Origin             Length             Attributes
RAM              0x20000000         0x00010000         xrw
FLASH            0x08000000         0x00020000         xr
*default*        0x00000000         0xffffffff

Linker script and memory map

LOAD c:/program files (x86)/atollic/truestudio for stm32 9.1.0/armtools/bin/../lib/gcc/arm-atollic-eabi/6.3.1/armv7-m/crti.o
LOAD c:/program files (x86)/atollic/truestudio for stm32 9.1.0/armtools/bin/../lib/gcc/arm-atollic-eabi/6.3.1/armv7-m/crtbegin.o
LOAD Drivers\STM32F1xx_HAL_Driver\Src\stm32f1xx_hal.o
LOAD Drivers\STM32F1xx_HAL_Driver\Src\stm32f1xx_hal_adc.o
LOAD Drivers\STM32F1xx_HAL_Driver\Src\stm32f1xx_hal_adc_ex.o
LOAD Drivers\STM32F1xx_HAL_Driver\Src\stm32f1xx_hal_cortex.o
LOAD Drivers\STM32F1xx_HAL_Driver\Src\stm32f1xx_hal_dma.o
LOAD Drivers\STM32F1xx_HAL_Driver\Src\stm32f1xx_hal_flash.o
LOAD Drivers\STM32F1xx_HAL_Driver\Src\stm32f1xx_hal_flash_ex.o
LOAD Drivers\STM32F1xx_HAL_Driver\Src\stm32f1xx_hal_gpio.o
LOAD Drivers\STM32F1xx_HAL_Driver\Src\stm32f1xx_hal_gpio_ex.o
LOAD Drivers\STM32F1xx_HAL_Driver\Src\stm32f1xx_hal_pwr.o
LOAD Drivers\STM32F1xx_HAL_Driver\Src\stm32f1xx_hal_rcc.o
LOAD Drivers\STM32F1xx_HAL_Driver\Src\stm32f1xx_hal_rcc_ex.o
LOAD Drivers\STM32F1xx_HAL_Driver\Src\stm32f1xx_hal_tim.o
LOAD Drivers\STM32F1xx_HAL_Driver\Src\stm32f1xx_hal_tim_ex.o
LOAD Drivers\STM32F1xx_HAL_Driver\Src\stm32f1xx_hal_uart.o
LOAD Middlewares\Third_Party\FreeRTOS\Source\CMSIS_RTOS\cmsis_os.o
LOAD Middlewares\Third_Party\FreeRTOS\Source\croutine.o
LOAD Middlewares\Third_Party\FreeRTOS\Source\event_groups.o
LOAD Middlewares\Third_Party\FreeRTOS\Source\list.o
LOAD Middlewares\Third_Party\FreeRTOS\Source\portable\GCC\ARM_CM3\port.o
LOAD Middlewares\Third_Party\FreeRTOS\Source\portable\MemMang\heap_4.o
LOAD Middlewares\Third_Party\FreeRTOS\Source\queue.o
LOAD Middlewares\Third_Party\FreeRTOS\Source\tasks.o
LOAD Middlewares\Third_Party\FreeRTOS\Source\timers.o
LOAD Src\adcStorage.o
LOAD Src\analyze.o
LOAD Src\controllerInit.o
LOAD Src\controllerUtils.o
LOAD Src\flashFunctions.o
LOAD Src\freertos.o
LOAD Src\main.o
LOAD Src\processCommand.o
LOAD Src\scanInput.o
LOAD Src\stm32f1xx_hal_msp.o
LOAD Src\stm32f1xx_it.o
LOAD Src\syscalls.o
LOAD Src\system_stm32f1xx.o
LOAD startup\startup_stm32f105xc.o
                0x00000080                malloc_getpagesize_P = 0x80
START GROUP
LOAD c:/program files (x86)/atollic/truestudio for stm32 9.1.0/armtools/bin/../lib/gcc/arm-atollic-eabi/6.3.1/../../../../arm-atollic-eabi/lib/armv7-m\libc_nano.a
LOAD c:/program files (x86)/atollic/truestudio for stm32 9.1.0/armtools/bin/../lib/gcc/arm-atollic-eabi/6.3.1/../../../../arm-atollic-eabi/lib/armv7-m\libm.a
END GROUP
START GROUP
LOAD c:/program files (x86)/atollic/truestudio for stm32 9.1.0/armtools/bin/../lib/gcc/arm-atollic-eabi/6.3.1/armv7-m\libgcc.a
LOAD c:/program files (x86)/atollic/truestudio for stm32 9.1.0/armtools/bin/../lib/gcc/arm-atollic-eabi/6.3.1/../../../../arm-atollic-eabi/lib/armv7-m\libc_nano.a
END GROUP
START GROUP
LOAD c:/program files (x86)/atollic/truestudio for stm32 9.1.0/armtools/bin/../lib/gcc/arm-atollic-eabi/6.3.1/armv7-m\libgcc.a
LOAD c:/program files (x86)/atollic/truestudio for stm32 9.1.0/armtools/bin/../lib/gcc/arm-atollic-eabi/6.3.1/../../../../arm-atollic-eabi/lib/armv7-m\libc_nano.a
LOAD c:/program files (x86)/atollic/truestudio for stm32 9.1.0/armtools/bin/../lib/gcc/arm-atollic-eabi/6.3.1/../../../../arm-atollic-eabi/lib/armv7-m\libnosys.a
END GROUP
START GROUP
LOAD c:/program files (x86)/atollic/truestudio for stm32 9.1.0/armtools/bin/../lib/gcc/arm-atollic-eabi/6.3.1/armv7-m\libgcc.a
LOAD c:/program files (x86)/atollic/truestudio for stm32 9.1.0/armtools/bin/../lib/gcc/arm-atollic-eabi/6.3.1/../../../../arm-atollic-eabi/lib/armv7-m\libc_nano.a
LOAD c:/program files (x86)/atollic/truestudio for stm32 9.1.0/armtools/bin/../lib/gcc/arm-atollic-eabi/6.3.1/../../../../arm-atollic-eabi/lib/armv7-m\libnosys.a
END GROUP
LOAD c:/program files (x86)/atollic/truestudio for stm32 9.1.0/armtools/bin/../lib/gcc/arm-atollic-eabi/6.3.1/armv7-m/crtend.o
LOAD c:/program files (x86)/atollic/truestudio for stm32 9.1.0/armtools/bin/../lib/gcc/arm-atollic-eabi/6.3.1/armv7-m/crtn.o
                0x20010000                _estack = 0x20010000
                0x00000200                _Min_Heap_Size = 0x200
                0x00000400                _Min_Stack_Size = 0x400

.isr_vector     0x08000000      0x1e4
                0x08000000                . = ALIGN (0x4)
 *(.isr_vector)
 .isr_vector    0x08000000      0x1e4 startup\startup_stm32f105xc.o
                0x08000000                g_pfnVectors
                0x080001e4                . = ALIGN (0x4)

.text           0x080001f0     0x678c
                0x080001f0                . = ALIGN (0x4)
 *(.text)
 .text          0x080001f0       0x40 c:/program files (x86)/atollic/truestudio for stm32 9.1.0/armtools/bin/../lib/gcc/arm-atollic-eabi/6.3.1/armv7-m/crtbegin.o
 .text          0x08000230       0x10 c:/program files (x86)/atollic/truestudio for stm32 9.1.0/armtools/bin/../lib/gcc/arm-atollic-eabi/6.3.1/../../../../arm-atollic-eabi/lib/armv7-m\libc_nano.a(lib_a-strlen.o)
                0x08000230                strlen
 .text          0x08000240       0x18 c:/program files (x86)/atollic/truestudio for stm32 9.1.0/armtools/bin/../lib/gcc/arm-atollic-eabi/6.3.1/armv7-m\libgcc.a(_lshrdi3.o)
                0x08000240                __lshrdi3
                0x08000240                __aeabi_llsr
 .text          0x08000258      0x21c c:/program files (x86)/atollic/truestudio for stm32 9.1.0/armtools/bin/../lib/gcc/arm-atollic-eabi/6.3.1/armv7-m\libgcc.a(_arm_addsubsf3.o)
                0x08000258                __aeabi_frsub
                0x08000260                __subsf3
                0x08000260                __aeabi_fsub
                0x08000264                __aeabi_fadd
                0x08000264                __addsf3
                0x080003c4                __aeabi_ui2f
                0x080003c4                __floatunsisf
                0x080003cc                __aeabi_i2f
                0x080003cc                __floatsisf
                0x080003e8                __aeabi_ul2f
                0x080003e8                __floatundisf
                0x080003f8                __aeabi_l2f
                0x080003f8                __floatdisf
 .text          0x08000474      0x2a0 c:/program files (x86)/atollic/truestudio for stm32 9.1.0/armtools/bin/../lib/gcc/arm-atollic-eabi/6.3.1/armv7-m\libgcc.a(_arm_muldivsf3.o)
                0x08000474                __mulsf3
                0x08000474                __aeabi_fmul
                0x080005dc                __aeabi_fdiv
                0x080005dc                __divsf3
 .text          0x08000714       0x4c c:/program files (x86)/atollic/truestudio for stm32 9.1.0/armtools/bin/../lib/gcc/arm-atollic-eabi/6.3.1/armv7-m\libgcc.a(_arm_fixsfsi.o)
                0x08000714                __aeabi_f2iz
                0x08000714                __fixsfsi
 .text          0x08000760       0x30 c:/program files (x86)/atollic/truestudio for stm32 9.1.0/armtools/bin/../lib/gcc/arm-atollic-eabi/6.3.1/armv7-m\libgcc.a(_aeabi_uldivmod.o)
                0x08000760                __aeabi_uldivmod
 .text          0x08000790      0x2dc c:/program files (x86)/atollic/truestudio for stm32 9.1.0/armtools/bin/../lib/gcc/arm-atollic-eabi/6.3.1/armv7-m\libgcc.a(_udivmoddi4.o)
                0x08000790                __udivmoddi4
 .text          0x08000a6c        0x4 c:/program files (x86)/atollic/truestudio for stm32 9.1.0/armtools/bin/../lib/gcc/arm-atollic-eabi/6.3.1/armv7-m\libgcc.a(_dvmd_tls.o)
                0x08000a6c                __aeabi_idiv0
                0x08000a6c                __aeabi_ldiv0
 *(.text*)
 .text.HAL_InitTick
                0x08000a70       0x48 Drivers\STM32F1xx_HAL_Driver\Src\stm32f1xx_hal.o
                0x08000a70                HAL_InitTick
 .text.HAL_Init
                0x08000ab8       0x24 Drivers\STM32F1xx_HAL_Driver\Src\stm32f1xx_hal.o
                0x08000ab8                HAL_Init
 .text.HAL_IncTick
                0x08000adc       0x18 Drivers\STM32F1xx_HAL_Driver\Src\stm32f1xx_hal.o
                0x08000adc                HAL_IncTick
 .text.HAL_GetTick
                0x08000af4        0xc Drivers\STM32F1xx_HAL_Driver\Src\stm32f1xx_hal.o
                0x08000af4                HAL_GetTick
 .text.HAL_Delay
                0x08000b00       0x24 Drivers\STM32F1xx_HAL_Driver\Src\stm32f1xx_hal.o
                0x08000b00                HAL_Delay
 .text.HAL_GetUID
                0x08000b24       0x20 Drivers\STM32F1xx_HAL_Driver\Src\stm32f1xx_hal.o
                0x08000b24                HAL_GetUID
 .text.HAL_ADC_ConvCpltCallback
                0x08000b44        0x2 Drivers\STM32F1xx_HAL_Driver\Src\stm32f1xx_hal_adc.o
                0x08000b44                HAL_ADC_ConvCpltCallback
 .text.HAL_ADC_LevelOutOfWindowCallback
                0x08000b46        0x2 Drivers\STM32F1xx_HAL_Driver\Src\stm32f1xx_hal_adc.o
                0x08000b46                HAL_ADC_LevelOutOfWindowCallback
 .text.HAL_ADC_IRQHandler
                0x08000b48       0xec Drivers\STM32F1xx_HAL_Driver\Src\stm32f1xx_hal_adc.o
                0x08000b48                HAL_ADC_IRQHandler
 .text.HAL_ADC_ConfigChannel
                0x08000c34      0x108 Drivers\STM32F1xx_HAL_Driver\Src\stm32f1xx_hal_adc.o
                0x08000c34                HAL_ADC_ConfigChannel
 .text.ADC_Enable
                0x08000d3c       0x70 Drivers\STM32F1xx_HAL_Driver\Src\stm32f1xx_hal_adc.o
                0x08000d3c                ADC_Enable
 .text.ADC_ConversionStop_Disable
                0x08000dac       0x44 Drivers\STM32F1xx_HAL_Driver\Src\stm32f1xx_hal_adc.o
                0x08000dac                ADC_ConversionStop_Disable
 .text.HAL_ADC_Init
                0x08000df0      0x100 Drivers\STM32F1xx_HAL_Driver\Src\stm32f1xx_hal_adc.o
                0x08000df0                HAL_ADC_Init
 .text.HAL_ADCEx_InjectedStart_IT
                0x08000ef0       0xb4 Drivers\STM32F1xx_HAL_Driver\Src\stm32f1xx_hal_adc_ex.o
                0x08000ef0                HAL_ADCEx_InjectedStart_IT
 .text.HAL_ADCEx_InjectedGetValue
                0x08000fa4       0x1e Drivers\STM32F1xx_HAL_Driver\Src\stm32f1xx_hal_adc_ex.o
                0x08000fa4                HAL_ADCEx_InjectedGetValue
 *fill*         0x08000fc2        0x2 
 .text.HAL_ADCEx_InjectedConfigChannel
                0x08000fc4      0x1d8 Drivers\STM32F1xx_HAL_Driver\Src\stm32f1xx_hal_adc_ex.o
                0x08000fc4                HAL_ADCEx_InjectedConfigChannel
 .text.HAL_NVIC_SetPriorityGrouping
                0x0800119c       0x24 Drivers\STM32F1xx_HAL_Driver\Src\stm32f1xx_hal_cortex.o
                0x0800119c                HAL_NVIC_SetPriorityGrouping
 .text.HAL_NVIC_SetPriority
                0x080011c0       0x68 Drivers\STM32F1xx_HAL_Driver\Src\stm32f1xx_hal_cortex.o
                0x080011c0                HAL_NVIC_SetPriority
 .text.HAL_NVIC_EnableIRQ
                0x08001228       0x18 Drivers\STM32F1xx_HAL_Driver\Src\stm32f1xx_hal_cortex.o
                0x08001228                HAL_NVIC_EnableIRQ
 .text.HAL_SYSTICK_Config
                0x08001240       0x2c Drivers\STM32F1xx_HAL_Driver\Src\stm32f1xx_hal_cortex.o
                0x08001240                HAL_SYSTICK_Config
 .text.HAL_DMA_Init
                0x0800126c       0x80 Drivers\STM32F1xx_HAL_Driver\Src\stm32f1xx_hal_dma.o
                0x0800126c                HAL_DMA_Init
 .text.HAL_DMA_Start_IT
                0x080012ec       0x7a Drivers\STM32F1xx_HAL_Driver\Src\stm32f1xx_hal_dma.o
                0x080012ec                HAL_DMA_Start_IT
 *fill*         0x08001366        0x2 
 .text.HAL_DMA_Abort_IT
                0x08001368       0xdc Drivers\STM32F1xx_HAL_Driver\Src\stm32f1xx_hal_dma.o
                0x08001368                HAL_DMA_Abort_IT
 .text.HAL_DMA_IRQHandler
                0x08001444      0x1b8 Drivers\STM32F1xx_HAL_Driver\Src\stm32f1xx_hal_dma.o
                0x08001444                HAL_DMA_IRQHandler
 .text.FLASH_SetErrorCode
                0x080015fc       0x50 Drivers\STM32F1xx_HAL_Driver\Src\stm32f1xx_hal_flash.o
 .text.HAL_FLASH_Unlock
                0x0800164c       0x24 Drivers\STM32F1xx_HAL_Driver\Src\stm32f1xx_hal_flash.o
                0x0800164c                HAL_FLASH_Unlock
 .text.HAL_FLASH_Lock
                0x08001670       0x14 Drivers\STM32F1xx_HAL_Driver\Src\stm32f1xx_hal_flash.o
                0x08001670                HAL_FLASH_Lock
 .text.FLASH_WaitForLastOperation
                0x08001684       0x54 Drivers\STM32F1xx_HAL_Driver\Src\stm32f1xx_hal_flash.o
                0x08001684                FLASH_WaitForLastOperation
 .text.HAL_FLASH_Program
                0x080016d8       0x8c Drivers\STM32F1xx_HAL_Driver\Src\stm32f1xx_hal_flash.o
                0x080016d8                HAL_FLASH_Program
 .text.FLASH_MassErase.isra.0
                0x08001764       0x24 Drivers\STM32F1xx_HAL_Driver\Src\stm32f1xx_hal_flash_ex.o
 .text.FLASH_PageErase
                0x08001788       0x24 Drivers\STM32F1xx_HAL_Driver\Src\stm32f1xx_hal_flash_ex.o
                0x08001788                FLASH_PageErase
 .text.HAL_FLASHEx_Erase
                0x080017ac       0x9c Drivers\STM32F1xx_HAL_Driver\Src\stm32f1xx_hal_flash_ex.o
                0x080017ac                HAL_FLASHEx_Erase
 .text.HAL_GPIO_Init
                0x08001848      0x1c0 Drivers\STM32F1xx_HAL_Driver\Src\stm32f1xx_hal_gpio.o
                0x08001848                HAL_GPIO_Init
 .text.HAL_GPIO_ReadPin
                0x08001a08        0xc Drivers\STM32F1xx_HAL_Driver\Src\stm32f1xx_hal_gpio.o
                0x08001a08                HAL_GPIO_ReadPin
 .text.HAL_GPIO_WritePin
                0x08001a14        0xa Drivers\STM32F1xx_HAL_Driver\Src\stm32f1xx_hal_gpio.o
                0x08001a14                HAL_GPIO_WritePin
 *fill*         0x08001a1e        0x2 
 .text.HAL_RCC_OscConfig
                0x08001a20      0x3d8 Drivers\STM32F1xx_HAL_Driver\Src\stm32f1xx_hal_rcc.o
                0x08001a20                HAL_RCC_OscConfig
 .text.HAL_RCC_GetSysClockFreq
                0x08001df8       0xc4 Drivers\STM32F1xx_HAL_Driver\Src\stm32f1xx_hal_rcc.o
                0x08001df8                HAL_RCC_GetSysClockFreq
 .text.HAL_RCC_ClockConfig
                0x08001ebc      0x164 Drivers\STM32F1xx_HAL_Driver\Src\stm32f1xx_hal_rcc.o
                0x08001ebc                HAL_RCC_ClockConfig
 .text.HAL_RCC_GetPCLK1Freq
                0x08002020       0x20 Drivers\STM32F1xx_HAL_Driver\Src\stm32f1xx_hal_rcc.o
                0x08002020                HAL_RCC_GetPCLK1Freq
 .text.HAL_RCC_GetPCLK2Freq
                0x08002040       0x20 Drivers\STM32F1xx_HAL_Driver\Src\stm32f1xx_hal_rcc.o
                0x08002040                HAL_RCC_GetPCLK2Freq
 .text.HAL_RCCEx_PeriphCLKConfig
                0x08002060      0x17c Drivers\STM32F1xx_HAL_Driver\Src\stm32f1xx_hal_rcc_ex.o
                0x08002060                HAL_RCCEx_PeriphCLKConfig
 .text.TIM_OC1_SetConfig
                0x080021dc       0x50 Drivers\STM32F1xx_HAL_Driver\Src\stm32f1xx_hal_tim.o
 .text.TIM_OC3_SetConfig
                0x0800222c       0x54 Drivers\STM32F1xx_HAL_Driver\Src\stm32f1xx_hal_tim.o
 .text.TIM_OC4_SetConfig
                0x08002280       0x44 Drivers\STM32F1xx_HAL_Driver\Src\stm32f1xx_hal_tim.o
 .text.HAL_TIM_PWM_MspInit
                0x080022c4        0x2 Drivers\STM32F1xx_HAL_Driver\Src\stm32f1xx_hal_tim.o
                0x080022c4                HAL_TIM_PWM_MspInit
 .text.HAL_TIM_ConfigClockSource
                0x080022c6      0x172 Drivers\STM32F1xx_HAL_Driver\Src\stm32f1xx_hal_tim.o
                0x080022c6                HAL_TIM_ConfigClockSource
 .text.HAL_TIM_PeriodElapsedCallback
                0x08002438        0x2 Drivers\STM32F1xx_HAL_Driver\Src\stm32f1xx_hal_tim.o
                0x08002438                HAL_TIM_PeriodElapsedCallback
 .text.HAL_TIM_OC_DelayElapsedCallback
                0x0800243a        0x2 Drivers\STM32F1xx_HAL_Driver\Src\stm32f1xx_hal_tim.o
                0x0800243a                HAL_TIM_OC_DelayElapsedCallback
 .text.HAL_TIM_IC_CaptureCallback
                0x0800243c        0x2 Drivers\STM32F1xx_HAL_Driver\Src\stm32f1xx_hal_tim.o
                0x0800243c                HAL_TIM_IC_CaptureCallback
 .text.HAL_TIM_PWM_PulseFinishedCallback
                0x0800243e        0x2 Drivers\STM32F1xx_HAL_Driver\Src\stm32f1xx_hal_tim.o
                0x0800243e                HAL_TIM_PWM_PulseFinishedCallback
 .text.HAL_TIM_TriggerCallback
                0x08002440        0x2 Drivers\STM32F1xx_HAL_Driver\Src\stm32f1xx_hal_tim.o
                0x08002440                HAL_TIM_TriggerCallback
 .text.HAL_TIM_IRQHandler
                0x08002442      0x144 Drivers\STM32F1xx_HAL_Driver\Src\stm32f1xx_hal_tim.o
                0x08002442                HAL_TIM_IRQHandler
 *fill*         0x08002586        0x2 
 .text.TIM_Base_SetConfig
                0x08002588       0x80 Drivers\STM32F1xx_HAL_Driver\Src\stm32f1xx_hal_tim.o
                0x08002588                TIM_Base_SetConfig
 .text.HAL_TIM_Base_Init
                0x08002608       0x34 Drivers\STM32F1xx_HAL_Driver\Src\stm32f1xx_hal_tim.o
                0x08002608                HAL_TIM_Base_Init
 .text.HAL_TIM_PWM_Init
                0x0800263c       0x34 Drivers\STM32F1xx_HAL_Driver\Src\stm32f1xx_hal_tim.o
                0x0800263c                HAL_TIM_PWM_Init
 .text.TIM_OC2_SetConfig
                0x08002670       0x58 Drivers\STM32F1xx_HAL_Driver\Src\stm32f1xx_hal_tim.o
                0x08002670                TIM_OC2_SetConfig
 .text.HAL_TIM_PWM_ConfigChannel
                0x080026c8       0xc4 Drivers\STM32F1xx_HAL_Driver\Src\stm32f1xx_hal_tim.o
                0x080026c8                HAL_TIM_PWM_ConfigChannel
 .text.TIM_CCxChannelCmd
                0x0800278c       0x18 Drivers\STM32F1xx_HAL_Driver\Src\stm32f1xx_hal_tim.o
                0x0800278c                TIM_CCxChannelCmd
 .text.HAL_TIM_PWM_Start
                0x080027a4       0x2c Drivers\STM32F1xx_HAL_Driver\Src\stm32f1xx_hal_tim.o
                0x080027a4                HAL_TIM_PWM_Start
 .text.HAL_TIMEx_MasterConfigSynchronization
                0x080027d0       0x44 Drivers\STM32F1xx_HAL_Driver\Src\stm32f1xx_hal_tim_ex.o
                0x080027d0                HAL_TIMEx_MasterConfigSynchronization
 .text.HAL_TIMEx_CommutationCallback
                0x08002814        0x2 Drivers\STM32F1xx_HAL_Driver\Src\stm32f1xx_hal_tim_ex.o
                0x08002814                HAL_TIMEx_CommutationCallback
 .text.HAL_TIMEx_BreakCallback
                0x08002816        0x2 Drivers\STM32F1xx_HAL_Driver\Src\stm32f1xx_hal_tim_ex.o
                0x08002816                HAL_TIMEx_BreakCallback
 .text.UART_EndRxTransfer
                0x08002818       0x1a Drivers\STM32F1xx_HAL_Driver\Src\stm32f1xx_hal_uart.o
 *fill*         0x08002832        0x2 
 .text.UART_SetConfig
                0x08002834      0x13c Drivers\STM32F1xx_HAL_Driver\Src\stm32f1xx_hal_uart.o
 .text.UART_WaitOnFlagUntilTimeout.constprop.3
                0x08002970       0x50 Drivers\STM32F1xx_HAL_Driver\Src\stm32f1xx_hal_uart.o
 .text.HAL_UART_Init
                0x080029c0       0x5c Drivers\STM32F1xx_HAL_Driver\Src\stm32f1xx_hal_uart.o
                0x080029c0                HAL_UART_Init
 .text.HAL_UART_Transmit
                0x08002a1c       0xb8 Drivers\STM32F1xx_HAL_Driver\Src\stm32f1xx_hal_uart.o
                0x08002a1c                HAL_UART_Transmit
 .text.HAL_UART_Receive_IT
                0x08002ad4       0x4e Drivers\STM32F1xx_HAL_Driver\Src\stm32f1xx_hal_uart.o
                0x08002ad4                HAL_UART_Receive_IT
 *fill*         0x08002b22        0x2 
 .text.HAL_UART_Transmit_DMA
                0x08002b24       0x74 Drivers\STM32F1xx_HAL_Driver\Src\stm32f1xx_hal_uart.o
                0x08002b24                HAL_UART_Transmit_DMA
 .text.HAL_UART_TxCpltCallback
                0x08002b98        0x2 Drivers\STM32F1xx_HAL_Driver\Src\stm32f1xx_hal_uart.o
                0x08002b98                HAL_UART_TxCpltCallback
 .text.UART_DMATransmitCplt
                0x08002b9a       0x2c Drivers\STM32F1xx_HAL_Driver\Src\stm32f1xx_hal_uart.o
 .text.HAL_UART_TxHalfCpltCallback
                0x08002bc6        0x2 Drivers\STM32F1xx_HAL_Driver\Src\stm32f1xx_hal_uart.o
                0x08002bc6                HAL_UART_TxHalfCpltCallback
 .text.UART_DMATxHalfCplt
                0x08002bc8        0xa Drivers\STM32F1xx_HAL_Driver\Src\stm32f1xx_hal_uart.o
 .text.UART_Receive_IT
                0x08002bd2       0x7c Drivers\STM32F1xx_HAL_Driver\Src\stm32f1xx_hal_uart.o
 .text.HAL_UART_ErrorCallback
                0x08002c4e        0x2 Drivers\STM32F1xx_HAL_Driver\Src\stm32f1xx_hal_uart.o
                0x08002c4e                HAL_UART_ErrorCallback
 .text.UART_DMAError
                0x08002c50       0x4e Drivers\STM32F1xx_HAL_Driver\Src\stm32f1xx_hal_uart.o
 *fill*         0x08002c9e        0x2 
 .text.HAL_UART_IRQHandler
                0x08002ca0      0x140 Drivers\STM32F1xx_HAL_Driver\Src\stm32f1xx_hal_uart.o
                0x08002ca0                HAL_UART_IRQHandler
 .text.UART_DMAAbortOnError
                0x08002de0       0x10 Drivers\STM32F1xx_HAL_Driver\Src\stm32f1xx_hal_uart.o
 .text.osKernelStart
                0x08002df0        0xa Middlewares\Third_Party\FreeRTOS\Source\CMSIS_RTOS\cmsis_os.o
                0x08002df0                osKernelStart
 .text.osSystickHandler
                0x08002dfa       0x14 Middlewares\Third_Party\FreeRTOS\Source\CMSIS_RTOS\cmsis_os.o
                0x08002dfa                osSystickHandler
 .text.vListInitialise
                0x08002e0e       0x16 Middlewares\Third_Party\FreeRTOS\Source\list.o
                0x08002e0e                vListInitialise
 .text.vListInitialiseItem
                0x08002e24        0x6 Middlewares\Third_Party\FreeRTOS\Source\list.o
                0x08002e24                vListInitialiseItem
 .text.vListInsertEnd
                0x08002e2a       0x18 Middlewares\Third_Party\FreeRTOS\Source\list.o
                0x08002e2a                vListInsertEnd
 .text.vListInsert
                0x08002e42       0x2e Middlewares\Third_Party\FreeRTOS\Source\list.o
                0x08002e42                vListInsert
 .text.uxListRemove
                0x08002e70       0x20 Middlewares\Third_Party\FreeRTOS\Source\list.o
                0x08002e70                uxListRemove
 .text.prvTaskExitError
                0x08002e90       0x30 Middlewares\Third_Party\FreeRTOS\Source\portable\GCC\ARM_CM3\port.o
 .text.prvPortStartFirstTask
                0x08002ec0       0x20 Middlewares\Third_Party\FreeRTOS\Source\portable\GCC\ARM_CM3\port.o
 .text.pxPortInitialiseStack
                0x08002ee0       0x24 Middlewares\Third_Party\FreeRTOS\Source\portable\GCC\ARM_CM3\port.o
                0x08002ee0                pxPortInitialiseStack
 *fill*         0x08002f04        0xc 
 .text.SVC_Handler
                0x08002f10       0x24 Middlewares\Third_Party\FreeRTOS\Source\portable\GCC\ARM_CM3\port.o
                0x08002f10                SVC_Handler
 .text.vPortEnterCritical
                0x08002f34       0x44 Middlewares\Third_Party\FreeRTOS\Source\portable\GCC\ARM_CM3\port.o
                0x08002f34                vPortEnterCritical
 .text.vPortExitCritical
                0x08002f78       0x28 Middlewares\Third_Party\FreeRTOS\Source\portable\GCC\ARM_CM3\port.o
                0x08002f78                vPortExitCritical
 .text.PendSV_Handler
                0x08002fa0       0x44 Middlewares\Third_Party\FreeRTOS\Source\portable\GCC\ARM_CM3\port.o
                0x08002fa0                PendSV_Handler
 .text.xPortSysTickHandler
                0x08002fe4       0x2c Middlewares\Third_Party\FreeRTOS\Source\portable\GCC\ARM_CM3\port.o
                0x08002fe4                xPortSysTickHandler
 .text.vPortSetupTimerInterrupt
                0x08003010       0x28 Middlewares\Third_Party\FreeRTOS\Source\portable\GCC\ARM_CM3\port.o
                0x08003010                vPortSetupTimerInterrupt
 .text.xPortStartScheduler
                0x08003038       0x94 Middlewares\Third_Party\FreeRTOS\Source\portable\GCC\ARM_CM3\port.o
                0x08003038                xPortStartScheduler
 .text.vPortValidateInterruptPriority
                0x080030cc       0x5c Middlewares\Third_Party\FreeRTOS\Source\portable\GCC\ARM_CM3\port.o
                0x080030cc                vPortValidateInterruptPriority
 .text.unlikely.prvInsertBlockIntoFreeList
                0x08003128       0x48 Middlewares\Third_Party\FreeRTOS\Source\portable\MemMang\heap_4.o
 .text.pvPortMalloc
                0x08003170      0x11c Middlewares\Third_Party\FreeRTOS\Source\portable\MemMang\heap_4.o
                0x08003170                pvPortMalloc
 .text.vPortFree
                0x0800328c       0x70 Middlewares\Third_Party\FreeRTOS\Source\portable\MemMang\heap_4.o
                0x0800328c                vPortFree
 .text.xPortGetFreeHeapSize
                0x080032fc        0xc Middlewares\Third_Party\FreeRTOS\Source\portable\MemMang\heap_4.o
                0x080032fc                xPortGetFreeHeapSize
 .text.unlikely.prvCopyDataToQueue
                0x08003308       0x66 Middlewares\Third_Party\FreeRTOS\Source\queue.o
 .text.unlikely.prvCopyDataFromQueue
                0x0800336e       0x28 Middlewares\Third_Party\FreeRTOS\Source\queue.o
 .text.prvUnlockQueue
                0x08003396       0x70 Middlewares\Third_Party\FreeRTOS\Source\queue.o
 *fill*         0x08003406        0x2 
 .text.xQueueGenericReset
                0x08003408       0x80 Middlewares\Third_Party\FreeRTOS\Source\queue.o
                0x08003408                xQueueGenericReset
 .text.xQueueGenericCreate
                0x08003488       0x42 Middlewares\Third_Party\FreeRTOS\Source\queue.o
                0x08003488                xQueueGenericCreate
 *fill*         0x080034ca        0x2 
 .text.xQueueGenericSend
                0x080034cc      0x16c Middlewares\Third_Party\FreeRTOS\Source\queue.o
                0x080034cc                xQueueGenericSend
 .text.xQueueGenericSendFromISR
                0x08003638       0xc4 Middlewares\Third_Party\FreeRTOS\Source\queue.o
                0x08003638                xQueueGenericSendFromISR
 .text.xQueueGenericReceive
                0x080036fc      0x188 Middlewares\Third_Party\FreeRTOS\Source\queue.o
                0x080036fc                xQueueGenericReceive
 .text.prvResetNextTaskUnblockTime
                0x08003884       0x24 Middlewares\Third_Party\FreeRTOS\Source\tasks.o
 .text.prvAddCurrentTaskToDelayedList
                0x080038a8       0x8c Middlewares\Third_Party\FreeRTOS\Source\tasks.o
 .text.vTaskSetTimeOutState.part.5
                0x08003934       0x12 Middlewares\Third_Party\FreeRTOS\Source\tasks.o
 *fill*         0x08003946        0x2 
 .text.xTaskCreate
                0x08003948      0x1a0 Middlewares\Third_Party\FreeRTOS\Source\tasks.o
                0x08003948                xTaskCreate
 .text.vTaskStartScheduler
                0x08003ae8       0x78 Middlewares\Third_Party\FreeRTOS\Source\tasks.o
                0x08003ae8                vTaskStartScheduler
 .text.vTaskSuspendAll
                0x08003b60       0x10 Middlewares\Third_Party\FreeRTOS\Source\tasks.o
                0x08003b60                vTaskSuspendAll
 .text.xTaskIncrementTick
                0x08003b70      0x124 Middlewares\Third_Party\FreeRTOS\Source\tasks.o
                0x08003b70                xTaskIncrementTick
 .text.xTaskResumeAll
                0x08003c94       0xf0 Middlewares\Third_Party\FreeRTOS\Source\tasks.o
                0x08003c94                xTaskResumeAll
 .text.vTaskDelay
                0x08003d84       0x48 Middlewares\Third_Party\FreeRTOS\Source\tasks.o
                0x08003d84                vTaskDelay
 .text.prvIdleTask
                0x08003dcc       0x74 Middlewares\Third_Party\FreeRTOS\Source\tasks.o
 .text.vTaskSwitchContext
                0x08003e40       0x74 Middlewares\Third_Party\FreeRTOS\Source\tasks.o
                0x08003e40                vTaskSwitchContext
 .text.vTaskPlaceOnEventList
                0x08003eb4       0x34 Middlewares\Third_Party\FreeRTOS\Source\tasks.o
                0x08003eb4                vTaskPlaceOnEventList
 .text.xTaskRemoveFromEventList
                0x08003ee8       0x84 Middlewares\Third_Party\FreeRTOS\Source\tasks.o
                0x08003ee8                xTaskRemoveFromEventList
 .text.vTaskSetTimeOutState
                0x08003f6c       0x20 Middlewares\Third_Party\FreeRTOS\Source\tasks.o
                0x08003f6c                vTaskSetTimeOutState
 .text.xTaskCheckForTimeOut
                0x08003f8c       0x74 Middlewares\Third_Party\FreeRTOS\Source\tasks.o
                0x08003f8c                xTaskCheckForTimeOut
 .text.vTaskMissedYield
                0x08004000        0xc Middlewares\Third_Party\FreeRTOS\Source\tasks.o
                0x08004000                vTaskMissedYield
 .text.xTaskGetSchedulerState
                0x0800400c       0x20 Middlewares\Third_Party\FreeRTOS\Source\tasks.o
                0x0800400c                xTaskGetSchedulerState
 .text.vTaskPriorityInherit
                0x0800402c       0x90 Middlewares\Third_Party\FreeRTOS\Source\tasks.o
                0x0800402c                vTaskPriorityInherit
 .text.xTaskPriorityDisinherit
                0x080040bc       0xa0 Middlewares\Third_Party\FreeRTOS\Source\tasks.o
                0x080040bc                xTaskPriorityDisinherit
 .text.pvTaskIncrementMutexHeldCount
                0x0800415c       0x18 Middlewares\Third_Party\FreeRTOS\Source\tasks.o
                0x0800415c                pvTaskIncrementMutexHeldCount
 .text.fir_filter
                0x08004174       0x4c Src\adcStorage.o
                0x08004174                fir_filter
 .text.xStoreADCDataTask
                0x080041c0      0x1c0 Src\adcStorage.o
                0x080041c0                xStoreADCDataTask
 .text.xAnalyzeTask
                0x08004380      0x4cc Src\analyze.o
                0x08004380                xAnalyzeTask
 .text.xBlynkTask
                0x0800484c       0x58 Src\controllerInit.o
                0x0800484c                xBlynkTask
 .text.controller_init
                0x080048a4      0x240 Src\controllerInit.o
                0x080048a4                controller_init
 .text.print_debug
                0x08004ae4       0x34 Src\controllerUtils.o
                0x08004ae4                print_debug
 .text.init_rf433
                0x08004b18       0xa8 Src\controllerUtils.o
                0x08004b18                init_rf433
 .text.mWrite_flash
                0x08004bc0       0x74 Src\flashFunctions.o
                0x08004bc0                mWrite_flash
 .text.mRead_flash
                0x08004c34       0x38 Src\flashFunctions.o
                0x08004c34                mRead_flash
 .text.SystemClock_Config
                0x08004c6c       0x78 Src\main.o
                0x08004c6c                SystemClock_Config
 .text.startup.main
                0x08004ce4      0x23c Src\main.o
                0x08004ce4                main
 .text.HAL_UART_RxCpltCallback
                0x08004f20       0x78 Src\main.o
                0x08004f20                HAL_UART_RxCpltCallback
 .text.HAL_ADCEx_InjectedConvCpltCallback
                0x08004f98       0x34 Src\main.o
                0x08004f98                HAL_ADCEx_InjectedConvCpltCallback
 .text.Error_Handler
                0x08004fcc        0x2 Src\main.o
                0x08004fcc                Error_Handler
 *fill*         0x08004fce        0x2 
 .text.xProcessCommandTask
                0x08004fd0      0x368 Src\processCommand.o
                0x08004fd0                xProcessCommandTask
 .text.xScanInputTask
                0x08005338       0x88 Src\scanInput.o
                0x08005338                xScanInputTask
 .text.HAL_MspInit
                0x080053c0       0x50 Src\stm32f1xx_hal_msp.o
                0x080053c0                HAL_MspInit
 .text.HAL_ADC_MspInit
                0x08005410       0x6c Src\stm32f1xx_hal_msp.o
                0x08005410                HAL_ADC_MspInit
 .text.HAL_TIM_Base_MspInit
                0x0800547c       0x3c Src\stm32f1xx_hal_msp.o
                0x0800547c                HAL_TIM_Base_MspInit
 .text.HAL_TIM_MspPostInit
                0x080054b8       0x74 Src\stm32f1xx_hal_msp.o
                0x080054b8                HAL_TIM_MspPostInit
 .text.HAL_UART_MspInit
                0x0800552c       0xb8 Src\stm32f1xx_hal_msp.o
                0x0800552c                HAL_UART_MspInit
 .text.NMI_Handler
                0x080055e4        0x2 Src\stm32f1xx_it.o
                0x080055e4                NMI_Handler
 .text.HardFault_Handler
                0x080055e6        0x2 Src\stm32f1xx_it.o
                0x080055e6                HardFault_Handler
 .text.MemManage_Handler
                0x080055e8        0x2 Src\stm32f1xx_it.o
                0x080055e8                MemManage_Handler
 .text.BusFault_Handler
                0x080055ea        0x2 Src\stm32f1xx_it.o
                0x080055ea                BusFault_Handler
 .text.UsageFault_Handler
                0x080055ec        0x2 Src\stm32f1xx_it.o
                0x080055ec                UsageFault_Handler
 .text.DebugMon_Handler
                0x080055ee        0x2 Src\stm32f1xx_it.o
                0x080055ee                DebugMon_Handler
 .text.SysTick_Handler
                0x080055f0        0xe Src\stm32f1xx_it.o
                0x080055f0                SysTick_Handler
 *fill*         0x080055fe        0x2 
 .text.DMA1_Channel4_IRQHandler
                0x08005600        0xc Src\stm32f1xx_it.o
                0x08005600                DMA1_Channel4_IRQHandler
 .text.ADC1_2_IRQHandler
                0x0800560c        0xc Src\stm32f1xx_it.o
                0x0800560c                ADC1_2_IRQHandler
 .text.TIM3_IRQHandler
                0x08005618        0xc Src\stm32f1xx_it.o
                0x08005618                TIM3_IRQHandler
 .text.USART1_IRQHandler
                0x08005624        0xc Src\stm32f1xx_it.o
                0x08005624                USART1_IRQHandler
 .text._sbrk    0x08005630       0x34 Src\syscalls.o
                0x08005630                _sbrk
 .text.SystemInit
                0x08005664       0x58 Src\system_stm32f1xx.o
                0x08005664                SystemInit
 .text.Reset_Handler
                0x080056bc       0x44 startup\startup_stm32f105xc.o
                0x080056bc                Reset_Handler
 .text.Default_Handler
                0x08005700        0x2 startup\startup_stm32f105xc.o
                0x08005700                RTC_Alarm_IRQHandler
                0x08005700                EXTI2_IRQHandler
                0x08005700                TIM1_CC_IRQHandler
                0x08005700                TIM6_IRQHandler
                0x08005700                PVD_IRQHandler
                0x08005700                CAN2_RX1_IRQHandler
                0x08005700                EXTI3_IRQHandler
                0x08005700                EXTI0_IRQHandler
                0x08005700                I2C2_EV_IRQHandler
                0x08005700                CAN1_RX0_IRQHandler
                0x08005700                CAN2_SCE_IRQHandler
                0x08005700                SPI1_IRQHandler
                0x08005700                TAMPER_IRQHandler
                0x08005700                CAN2_RX0_IRQHandler
                0x08005700                DMA2_Channel2_IRQHandler
                0x08005700                USART3_IRQHandler
                0x08005700                RTC_IRQHandler
                0x08005700                DMA1_Channel7_IRQHandler
                0x08005700                CAN1_RX1_IRQHandler
                0x08005700                UART5_IRQHandler
                0x08005700                TIM4_IRQHandler
                0x08005700                DMA2_Channel1_IRQHandler
                0x08005700                I2C1_EV_IRQHandler
                0x08005700                DMA1_Channel6_IRQHandler
                0x08005700                UART4_IRQHandler
                0x08005700                DMA2_Channel4_IRQHandler
                0x08005700                RCC_IRQHandler
                0x08005700                TIM1_TRG_COM_IRQHandler
                0x08005700                DMA1_Channel1_IRQHandler
                0x08005700                Default_Handler
                0x08005700                EXTI15_10_IRQHandler
                0x08005700                TIM7_IRQHandler
                0x08005700                CAN2_TX_IRQHandler
                0x08005700                TIM5_IRQHandler
                0x08005700                EXTI9_5_IRQHandler
                0x08005700                SPI2_IRQHandler
                0x08005700                CAN1_TX_IRQHandler
                0x08005700                DMA2_Channel5_IRQHandler
                0x08005700                DMA1_Channel5_IRQHandler
                0x08005700                EXTI4_IRQHandler
                0x08005700                DMA1_Channel3_IRQHandler
                0x08005700                TIM1_UP_IRQHandler
                0x08005700                WWDG_IRQHandler
                0x08005700                TIM2_IRQHandler
                0x08005700                OTG_FS_WKUP_IRQHandler
                0x08005700                TIM1_BRK_IRQHandler
                0x08005700                EXTI1_IRQHandler
                0x08005700                USART2_IRQHandler
                0x08005700                I2C2_ER_IRQHandler
                0x08005700                DMA1_Channel2_IRQHandler
                0x08005700                CAN1_SCE_IRQHandler
                0x08005700                FLASH_IRQHandler
                0x08005700                OTG_FS_IRQHandler
                0x08005700                SPI3_IRQHandler
                0x08005700                I2C1_ER_IRQHandler
                0x08005700                DMA2_Channel3_IRQHandler
 *fill*         0x08005702        0x2 
 .text.__errno  0x08005704        0xc c:/program files (x86)/atollic/truestudio for stm32 9.1.0/armtools/bin/../lib/gcc/arm-atollic-eabi/6.3.1/../../../../arm-atollic-eabi/lib/armv7-m\libc_nano.a(lib_a-errno.o)
                0x08005704                __errno
 .text.memcpy   0x08005710       0x16 c:/program files (x86)/atollic/truestudio for stm32 9.1.0/armtools/bin/../lib/gcc/arm-atollic-eabi/6.3.1/../../../../arm-atollic-eabi/lib/armv7-m\libc_nano.a(lib_a-memcpy-stub.o)
                0x08005710                memcpy
 .text.memset   0x08005726       0x10 c:/program files (x86)/atollic/truestudio for stm32 9.1.0/armtools/bin/../lib/gcc/arm-atollic-eabi/6.3.1/../../../../arm-atollic-eabi/lib/armv7-m\libc_nano.a(lib_a-memset.o)
                0x08005726                memset
 *fill*         0x08005736        0x2 
 .text.sprintf  0x08005738       0x48 c:/program files (x86)/atollic/truestudio for stm32 9.1.0/armtools/bin/../lib/gcc/arm-atollic-eabi/6.3.1/../../../../arm-atollic-eabi/lib/armv7-m\libc_nano.a(lib_a-sprintf.o)
                0x08005738                siprintf
                0x08005738                sprintf
 .text.sscanf   0x08005780       0x54 c:/program files (x86)/atollic/truestudio for stm32 9.1.0/armtools/bin/../lib/gcc/arm-atollic-eabi/6.3.1/../../../../arm-atollic-eabi/lib/armv7-m\libc_nano.a(lib_a-sscanf.o)
                0x08005780                siscanf
                0x08005780                sscanf
 .text.__seofread
                0x080057d4        0x4 c:/program files (x86)/atollic/truestudio for stm32 9.1.0/armtools/bin/../lib/gcc/arm-atollic-eabi/6.3.1/../../../../arm-atollic-eabi/lib/armv7-m\libc_nano.a(lib_a-stdio.o)
                0x080057d4                __seofread
 .text.strcpy   0x080057d8       0x10 c:/program files (x86)/atollic/truestudio for stm32 9.1.0/armtools/bin/../lib/gcc/arm-atollic-eabi/6.3.1/../../../../arm-atollic-eabi/lib/armv7-m\libc_nano.a(lib_a-strcpy.o)
                0x080057d8                strcpy
 .text.__ssputs_r
                0x080057e8       0xb6 c:/program files (x86)/atollic/truestudio for stm32 9.1.0/armtools/bin/../lib/gcc/arm-atollic-eabi/6.3.1/../../../../arm-atollic-eabi/lib/armv7-m\libc_nano.a(lib_a-nano-svfprintf.o)
                0x080057e8                __ssputs_r
 *fill*         0x0800589e        0x2 
 .text._svfprintf_r
                0x080058a0      0x1e8 c:/program files (x86)/atollic/truestudio for stm32 9.1.0/armtools/bin/../lib/gcc/arm-atollic-eabi/6.3.1/../../../../arm-atollic-eabi/lib/armv7-m\libc_nano.a(lib_a-nano-svfprintf.o)
                0x080058a0                _svfiprintf_r
                0x080058a0                _svfprintf_r
 .text._sungetc_r
                0x08005a88       0x7a c:/program files (x86)/atollic/truestudio for stm32 9.1.0/armtools/bin/../lib/gcc/arm-atollic-eabi/6.3.1/../../../../arm-atollic-eabi/lib/armv7-m\libc_nano.a(lib_a-nano-svfscanf.o)
                0x08005a88                _sungetc_r
 .text.__ssrefill_r
                0x08005b02       0x3a c:/program files (x86)/atollic/truestudio for stm32 9.1.0/armtools/bin/../lib/gcc/arm-atollic-eabi/6.3.1/../../../../arm-atollic-eabi/lib/armv7-m\libc_nano.a(lib_a-nano-svfscanf.o)
                0x08005b02                __ssrefill_r
 .text.__ssvfscanf_r
                0x08005b3c      0x2a8 c:/program files (x86)/atollic/truestudio for stm32 9.1.0/armtools/bin/../lib/gcc/arm-atollic-eabi/6.3.1/../../../../arm-atollic-eabi/lib/armv7-m\libc_nano.a(lib_a-nano-svfscanf.o)
                0x08005b3c                __ssvfiscanf_r
                0x08005b3c                __ssvfscanf_r
 .text._printf_common
                0x08005de4       0xee c:/program files (x86)/atollic/truestudio for stm32 9.1.0/armtools/bin/../lib/gcc/arm-atollic-eabi/6.3.1/../../../../arm-atollic-eabi/lib/armv7-m\libc_nano.a(lib_a-nano-vfprintf_i.o)
                0x08005de4                _printf_common
 *fill*         0x08005ed2        0x2 
 .text._printf_i
                0x08005ed4      0x240 c:/program files (x86)/atollic/truestudio for stm32 9.1.0/armtools/bin/../lib/gcc/arm-atollic-eabi/6.3.1/../../../../arm-atollic-eabi/lib/armv7-m\libc_nano.a(lib_a-nano-vfprintf_i.o)
                0x08005ed4                _printf_i
 .text._scanf_chars
                0x08006114       0xc6 c:/program files (x86)/atollic/truestudio for stm32 9.1.0/armtools/bin/../lib/gcc/arm-atollic-eabi/6.3.1/../../../../arm-atollic-eabi/lib/armv7-m\libc_nano.a(lib_a-nano-vfscanf_i.o)
                0x08006114                _scanf_chars
 *fill*         0x080061da        0x2 
 .text._scanf_i
                0x080061dc      0x1ec c:/program files (x86)/atollic/truestudio for stm32 9.1.0/armtools/bin/../lib/gcc/arm-atollic-eabi/6.3.1/../../../../arm-atollic-eabi/lib/armv7-m\libc_nano.a(lib_a-nano-vfscanf_i.o)
                0x080061dc                _scanf_i
 .text.__sccl   0x080063c8       0x5e c:/program files (x86)/atollic/truestudio for stm32 9.1.0/armtools/bin/../lib/gcc/arm-atollic-eabi/6.3.1/../../../../arm-atollic-eabi/lib/armv7-m\libc_nano.a(lib_a-sccl.o)
                0x080063c8                __sccl
 .text._strtol_l.isra.0
                0x08006426      0x100 c:/program files (x86)/atollic/truestudio for stm32 9.1.0/armtools/bin/../lib/gcc/arm-atollic-eabi/6.3.1/../../../../arm-atollic-eabi/lib/armv7-m\libc_nano.a(lib_a-strtol.o)
 *fill*         0x08006526        0x2 
 .text._strtol_r
                0x08006528       0x24 c:/program files (x86)/atollic/truestudio for stm32 9.1.0/armtools/bin/../lib/gcc/arm-atollic-eabi/6.3.1/../../../../arm-atollic-eabi/lib/armv7-m\libc_nano.a(lib_a-strtol.o)
                0x08006528                _strtol_r
 .text._strtoul_l.isra.0
                0x0800654c       0xfa c:/program files (x86)/atollic/truestudio for stm32 9.1.0/armtools/bin/../lib/gcc/arm-atollic-eabi/6.3.1/../../../../arm-atollic-eabi/lib/armv7-m\libc_nano.a(lib_a-strtoul.o)
 *fill*         0x08006646        0x2 
 .text._strtoul_r
                0x08006648       0x24 c:/program files (x86)/atollic/truestudio for stm32 9.1.0/armtools/bin/../lib/gcc/arm-atollic-eabi/6.3.1/../../../../arm-atollic-eabi/lib/armv7-m\libc_nano.a(lib_a-strtoul.o)
                0x08006648                _strtoul_r
 .text.__submore
                0x0800666c       0x72 c:/program files (x86)/atollic/truestudio for stm32 9.1.0/armtools/bin/../lib/gcc/arm-atollic-eabi/6.3.1/../../../../arm-atollic-eabi/lib/armv7-m\libc_nano.a(lib_a-ungetc.o)
                0x0800666c                __submore
 .text.__locale_ctype_ptr_l
                0x080066de        0x6 c:/program files (x86)/atollic/truestudio for stm32 9.1.0/armtools/bin/../lib/gcc/arm-atollic-eabi/6.3.1/../../../../arm-atollic-eabi/lib/armv7-m\libc_nano.a(lib_a-locale.o)
                0x080066de                __locale_ctype_ptr_l
 .text.__locale_ctype_ptr
                0x080066e4       0x1c c:/program files (x86)/atollic/truestudio for stm32 9.1.0/armtools/bin/../lib/gcc/arm-atollic-eabi/6.3.1/../../../../arm-atollic-eabi/lib/armv7-m\libc_nano.a(lib_a-locale.o)
                0x080066e4                __locale_ctype_ptr
 .text.__ascii_mbtowc
                0x08006700       0x24 c:/program files (x86)/atollic/truestudio for stm32 9.1.0/armtools/bin/../lib/gcc/arm-atollic-eabi/6.3.1/../../../../arm-atollic-eabi/lib/armv7-m\libc_nano.a(lib_a-mbtowc_r.o)
                0x08006700                __ascii_mbtowc
 .text.memchr   0x08006724       0x1c c:/program files (x86)/atollic/truestudio for stm32 9.1.0/armtools/bin/../lib/gcc/arm-atollic-eabi/6.3.1/../../../../arm-atollic-eabi/lib/armv7-m\libc_nano.a(lib_a-memchr-stub.o)
                0x08006724                memchr
 .text.memmove  0x08006740       0x34 c:/program files (x86)/atollic/truestudio for stm32 9.1.0/armtools/bin/../lib/gcc/arm-atollic-eabi/6.3.1/../../../../arm-atollic-eabi/lib/armv7-m\libc_nano.a(lib_a-memmove.o)
                0x08006740                memmove
 .text._free_r  0x08006774       0x98 c:/program files (x86)/atollic/truestudio for stm32 9.1.0/armtools/bin/../lib/gcc/arm-atollic-eabi/6.3.1/../../../../arm-atollic-eabi/lib/armv7-m\libc_nano.a(lib_a-nano-freer.o)
                0x08006774                _free_r
 .text._malloc_r
                0x0800680c       0xbc c:/program files (x86)/atollic/truestudio for stm32 9.1.0/armtools/bin/../lib/gcc/arm-atollic-eabi/6.3.1/../../../../arm-atollic-eabi/lib/armv7-m\libc_nano.a(lib_a-nano-mallocr.o)
                0x0800680c                _malloc_r
 .text._realloc_r
                0x080068c8       0x4c c:/program files (x86)/atollic/truestudio for stm32 9.1.0/armtools/bin/../lib/gcc/arm-atollic-eabi/6.3.1/../../../../arm-atollic-eabi/lib/armv7-m\libc_nano.a(lib_a-nano-reallocr.o)
                0x080068c8                _realloc_r
 .text._sbrk_r  0x08006914       0x20 c:/program files (x86)/atollic/truestudio for stm32 9.1.0/armtools/bin/../lib/gcc/arm-atollic-eabi/6.3.1/../../../../arm-atollic-eabi/lib/armv7-m\libc_nano.a(lib_a-sbrkr.o)
                0x08006914                _sbrk_r
 .text.__ascii_wctomb
                0x08006934       0x1a c:/program files (x86)/atollic/truestudio for stm32 9.1.0/armtools/bin/../lib/gcc/arm-atollic-eabi/6.3.1/../../../../arm-atollic-eabi/lib/armv7-m\libc_nano.a(lib_a-wctomb_r.o)
                0x08006934                __ascii_wctomb
 .text.__malloc_lock
                0x0800694e        0x2 c:/program files (x86)/atollic/truestudio for stm32 9.1.0/armtools/bin/../lib/gcc/arm-atollic-eabi/6.3.1/../../../../arm-atollic-eabi/lib/armv7-m\libc_nano.a(lib_a-mlock.o)
                0x0800694e                __malloc_lock
 .text.__malloc_unlock
                0x08006950        0x2 c:/program files (x86)/atollic/truestudio for stm32 9.1.0/armtools/bin/../lib/gcc/arm-atollic-eabi/6.3.1/../../../../arm-atollic-eabi/lib/armv7-m\libc_nano.a(lib_a-mlock.o)
                0x08006950                __malloc_unlock
 .text._malloc_usable_size_r
                0x08006952       0x12 c:/program files (x86)/atollic/truestudio for stm32 9.1.0/armtools/bin/../lib/gcc/arm-atollic-eabi/6.3.1/../../../../arm-atollic-eabi/lib/armv7-m\libc_nano.a(lib_a-nano-msizer.o)
                0x08006952                _malloc_usable_size_r
 *(.glue_7)
 .glue_7        0x08006964        0x0 linker stubs
 *(.glue_7t)
 .glue_7t       0x08006964        0x0 linker stubs
 *(.eh_frame)
 .eh_frame      0x08006964        0x0 c:/program files (x86)/atollic/truestudio for stm32 9.1.0/armtools/bin/../lib/gcc/arm-atollic-eabi/6.3.1/armv7-m/crtbegin.o
 *(.init)
 .init          0x08006964        0x4 c:/program files (x86)/atollic/truestudio for stm32 9.1.0/armtools/bin/../lib/gcc/arm-atollic-eabi/6.3.1/armv7-m/crti.o
                0x08006964                _init
 .init          0x08006968        0x8 c:/program files (x86)/atollic/truestudio for stm32 9.1.0/armtools/bin/../lib/gcc/arm-atollic-eabi/6.3.1/armv7-m/crtn.o
 *(.fini)
 .fini          0x08006970        0x4 c:/program files (x86)/atollic/truestudio for stm32 9.1.0/armtools/bin/../lib/gcc/arm-atollic-eabi/6.3.1/armv7-m/crti.o
                0x08006970                _fini
 .fini          0x08006974        0x8 c:/program files (x86)/atollic/truestudio for stm32 9.1.0/armtools/bin/../lib/gcc/arm-atollic-eabi/6.3.1/armv7-m/crtn.o
                0x0800697c                . = ALIGN (0x4)
                0x0800697c                _etext = .

.vfp11_veneer   0x0800697c        0x0
 .vfp11_veneer  0x0800697c        0x0 linker stubs

.v4_bx          0x0800697c        0x0
 .v4_bx         0x0800697c        0x0 linker stubs

.iplt           0x0800697c        0x0
 .iplt          0x0800697c        0x0 c:/program files (x86)/atollic/truestudio for stm32 9.1.0/armtools/bin/../lib/gcc/arm-atollic-eabi/6.3.1/armv7-m/crtbegin.o

.rodata         0x0800697c      0x428
                0x0800697c                . = ALIGN (0x4)
 *(.rodata)
 .rodata        0x0800697c       0x1e Drivers\STM32F1xx_HAL_Driver\Src\stm32f1xx_hal_rcc.o
 *fill*         0x0800699a        0x2 
 .rodata        0x0800699c       0x28 Src\adcStorage.o
 .rodata        0x080069c4        0xc c:/program files (x86)/atollic/truestudio for stm32 9.1.0/armtools/bin/../lib/gcc/arm-atollic-eabi/6.3.1/../../../../arm-atollic-eabi/lib/armv7-m\libc_nano.a(lib_a-nano-vfscanf_i.o)
 *(.rodata*)
 .rodata.vTaskStartScheduler.str1.1
                0x080069d0        0x5 Middlewares\Third_Party\FreeRTOS\Source\tasks.o
 .rodata.xAnalyzeTask.str1.1
                0x080069d5       0x32 Src\analyze.o
 .rodata.controller_init.str1.1
                0x08006a07       0xc8 Src\controllerInit.o
 .rodata.init_rf433.str1.1
                0x08006acf       0x1d Src\controllerUtils.o
 .rodata.print_debug.str1.1
                0x08006aec        0x3 Src\controllerUtils.o
 .rodata.mRead_flash.str1.1
                0x08006aef       0x1b Src\flashFunctions.o
 .rodata.mWrite_flash.str1.1
                0x08006b0a       0x30 Src\flashFunctions.o
 .rodata.xProcessCommandTask.str1.1
                0x08006b3a       0x8d Src\processCommand.o
                                 0x97 (size before relaxing)
 .rodata.xScanInputTask.str1.1
                0x08006bc7        0x9 Src\scanInput.o
 .rodata.AHBPrescTable
                0x08006bd0       0x10 Src\system_stm32f1xx.o
                0x08006bd0                AHBPrescTable
 .rodata.APBPrescTable
                0x08006be0        0x8 Src\system_stm32f1xx.o
                0x08006be0                APBPrescTable
 .rodata._svfprintf_r.str1.1
                0x08006be8       0x11 c:/program files (x86)/atollic/truestudio for stm32 9.1.0/armtools/bin/../lib/gcc/arm-atollic-eabi/6.3.1/../../../../arm-atollic-eabi/lib/armv7-m\libc_nano.a(lib_a-nano-svfprintf.o)
 .rodata.__ssvfscanf_r.str1.1
                0x08006bf9        0x4 c:/program files (x86)/atollic/truestudio for stm32 9.1.0/armtools/bin/../lib/gcc/arm-atollic-eabi/6.3.1/../../../../arm-atollic-eabi/lib/armv7-m\libc_nano.a(lib_a-nano-svfscanf.o)
 .rodata._printf_i.str1.1
                0x08006bf9       0x22 c:/program files (x86)/atollic/truestudio for stm32 9.1.0/armtools/bin/../lib/gcc/arm-atollic-eabi/6.3.1/../../../../arm-atollic-eabi/lib/armv7-m\libc_nano.a(lib_a-nano-vfprintf_i.o)
 .rodata._scanf_i.str1.1
                0x08006c1b       0x12 c:/program files (x86)/atollic/truestudio for stm32 9.1.0/armtools/bin/../lib/gcc/arm-atollic-eabi/6.3.1/../../../../arm-atollic-eabi/lib/armv7-m\libc_nano.a(lib_a-nano-vfscanf_i.o)
 .rodata.str1.1
                0x08006c2d        0x9 c:/program files (x86)/atollic/truestudio for stm32 9.1.0/armtools/bin/../lib/gcc/arm-atollic-eabi/6.3.1/../../../../arm-atollic-eabi/lib/armv7-m\libc_nano.a(lib_a-nano-vfscanf_i.o)
 *fill*         0x08006c36        0x2 
 .rodata.__sf_fake_stderr
                0x08006c38       0x20 c:/program files (x86)/atollic/truestudio for stm32 9.1.0/armtools/bin/../lib/gcc/arm-atollic-eabi/6.3.1/../../../../arm-atollic-eabi/lib/armv7-m\libc_nano.a(lib_a-findfp.o)
                0x08006c38                __sf_fake_stderr
 .rodata.__sf_fake_stdin
                0x08006c58       0x20 c:/program files (x86)/atollic/truestudio for stm32 9.1.0/armtools/bin/../lib/gcc/arm-atollic-eabi/6.3.1/../../../../arm-atollic-eabi/lib/armv7-m\libc_nano.a(lib_a-findfp.o)
                0x08006c58                __sf_fake_stdin
 .rodata.__sf_fake_stdout
                0x08006c78       0x20 c:/program files (x86)/atollic/truestudio for stm32 9.1.0/armtools/bin/../lib/gcc/arm-atollic-eabi/6.3.1/../../../../arm-atollic-eabi/lib/armv7-m\libc_nano.a(lib_a-findfp.o)
                0x08006c78                __sf_fake_stdout
 .rodata._setlocale_r.str1.1
                0x08006c98        0x8 c:/program files (x86)/atollic/truestudio for stm32 9.1.0/armtools/bin/../lib/gcc/arm-atollic-eabi/6.3.1/../../../../arm-atollic-eabi/lib/armv7-m\libc_nano.a(lib_a-locale.o)
                                  0x9 (size before relaxing)
 .rodata.str1.1
                0x08006ca0        0x2 c:/program files (x86)/atollic/truestudio for stm32 9.1.0/armtools/bin/../lib/gcc/arm-atollic-eabi/6.3.1/../../../../arm-atollic-eabi/lib/armv7-m\libc_nano.a(lib_a-locale.o)
 .rodata._ctype_
                0x08006ca2      0x101 c:/program files (x86)/atollic/truestudio for stm32 9.1.0/armtools/bin/../lib/gcc/arm-atollic-eabi/6.3.1/../../../../arm-atollic-eabi/lib/armv7-m\libc_nano.a(lib_a-ctype_.o)
                0x08006ca2                _ctype_
                0x08006da4                . = ALIGN (0x4)
 *fill*         0x08006da3        0x1 

.ARM.extab
 *(.ARM.extab* .gnu.linkonce.armextab.*)

.ARM            0x08006da4        0x8
                0x08006da4                __exidx_start = .
 *(.ARM.exidx*)
 .ARM.exidx     0x08006da4        0x8 c:/program files (x86)/atollic/truestudio for stm32 9.1.0/armtools/bin/../lib/gcc/arm-atollic-eabi/6.3.1/armv7-m\libgcc.a(_udivmoddi4.o)
                0x08006dac                __exidx_end = .

.rel.dyn        0x08006dac        0x0
 .rel.iplt      0x08006dac        0x0 c:/program files (x86)/atollic/truestudio for stm32 9.1.0/armtools/bin/../lib/gcc/arm-atollic-eabi/6.3.1/armv7-m/crtbegin.o

.preinit_array  0x08006dac        0x0
                [!provide]                PROVIDE (__preinit_array_start, .)
 *(.preinit_array*)
                [!provide]                PROVIDE (__preinit_array_end, .)

.init_array     0x08006dac        0x4
                [!provide]                PROVIDE (__init_array_start, .)
 *(SORT(.init_array.*))
 *(.init_array*)
 .init_array    0x08006dac        0x4 c:/program files (x86)/atollic/truestudio for stm32 9.1.0/armtools/bin/../lib/gcc/arm-atollic-eabi/6.3.1/armv7-m/crtbegin.o
                [!provide]                PROVIDE (__init_array_end, .)

.fini_array     0x08006db0        0x4
                [!provide]                PROVIDE (__fini_array_start, .)
 *(SORT(.fini_array.*))
 *(.fini_array*)
 .fini_array    0x08006db0        0x4 c:/program files (x86)/atollic/truestudio for stm32 9.1.0/armtools/bin/../lib/gcc/arm-atollic-eabi/6.3.1/armv7-m/crtbegin.o
                [!provide]                PROVIDE (__fini_array_end, .)
                0x08006db4                _sidata = LOADADDR (.data)

.data           0x20000000      0x224 load address 0x08006db4
                0x20000000                . = ALIGN (0x4)
                0x20000000                _sdata = .
 *(.data)
 *(.data*)
 .data.uwTickFreq
                0x20000000        0x1 Drivers\STM32F1xx_HAL_Driver\Src\stm32f1xx_hal.o
                0x20000000                uwTickFreq
 *fill*         0x20000001        0x3 
 .data.uwTickPrio
                0x20000004        0x4 Drivers\STM32F1xx_HAL_Driver\Src\stm32f1xx_hal.o
                0x20000004                uwTickPrio
 .data.uxCriticalNesting
                0x20000008        0x4 Middlewares\Third_Party\FreeRTOS\Source\portable\GCC\ARM_CM3\port.o
 .data.indicationState
                0x2000000c        0x1 Src\controllerInit.o
                0x2000000c                indicationState
 *fill*         0x2000000d        0x3 
 .data.DOWN_PIN
                0x20000010       0x10 Src\main.o
                0x20000010                DOWN_PIN
 .data.DOWN_PORT
                0x20000020       0x10 Src\main.o
                0x20000020                DOWN_PORT
 .data.UP_PIN   0x20000030       0x10 Src\main.o
                0x20000030                UP_PIN
 .data.UP_PORT  0x20000040       0x10 Src\main.o
                0x20000040                UP_PORT
 .data.SystemCoreClock
                0x20000050        0x4 Src\system_stm32f1xx.o
                0x20000050                SystemCoreClock
 .data._impure_ptr
                0x20000054        0x4 c:/program files (x86)/atollic/truestudio for stm32 9.1.0/armtools/bin/../lib/gcc/arm-atollic-eabi/6.3.1/../../../../arm-atollic-eabi/lib/armv7-m\libc_nano.a(lib_a-impure.o)
                0x20000054                _impure_ptr
 .data.impure_data
                0x20000058       0x60 c:/program files (x86)/atollic/truestudio for stm32 9.1.0/armtools/bin/../lib/gcc/arm-atollic-eabi/6.3.1/../../../../arm-atollic-eabi/lib/armv7-m\libc_nano.a(lib_a-impure.o)
 .data.__global_locale
                0x200000b8      0x16c c:/program files (x86)/atollic/truestudio for stm32 9.1.0/armtools/bin/../lib/gcc/arm-atollic-eabi/6.3.1/../../../../arm-atollic-eabi/lib/armv7-m\libc_nano.a(lib_a-locale.o)
                0x200000b8                __global_locale
                0x20000224                . = ALIGN (0x4)
                0x20000224                _edata = .

.igot.plt       0x20000224        0x0 load address 0x08006fd8
 .igot.plt      0x20000224        0x0 c:/program files (x86)/atollic/truestudio for stm32 9.1.0/armtools/bin/../lib/gcc/arm-atollic-eabi/6.3.1/armv7-m/crtbegin.o
                0x20000224                . = ALIGN (0x4)

.bss            0x20000228     0x5254 load address 0x08006fd8
                0x20000228                _sbss = .
                0x20000228                __bss_start__ = _sbss
 *(.bss)
 .bss           0x20000228       0x1c c:/program files (x86)/atollic/truestudio for stm32 9.1.0/armtools/bin/../lib/gcc/arm-atollic-eabi/6.3.1/armv7-m/crtbegin.o
 *(.bss*)
 .bss.ucMaxSysCallPriority
                0x20000244        0x1 Middlewares\Third_Party\FreeRTOS\Source\portable\GCC\ARM_CM3\port.o
 *fill*         0x20000245        0x3 
 .bss.ulMaxPRIGROUPValue
                0x20000248        0x4 Middlewares\Third_Party\FreeRTOS\Source\portable\GCC\ARM_CM3\port.o
 .bss.pxEnd     0x2000024c        0x4 Middlewares\Third_Party\FreeRTOS\Source\portable\MemMang\heap_4.o
 .bss.ucHeap    0x20000250     0x4e20 Middlewares\Third_Party\FreeRTOS\Source\portable\MemMang\heap_4.o
 .bss.xBlockAllocatedBit
                0x20005070        0x4 Middlewares\Third_Party\FreeRTOS\Source\portable\MemMang\heap_4.o
 .bss.xFreeBytesRemaining
                0x20005074        0x4 Middlewares\Third_Party\FreeRTOS\Source\portable\MemMang\heap_4.o
 .bss.xMinimumEverFreeBytesRemaining
                0x20005078        0x4 Middlewares\Third_Party\FreeRTOS\Source\portable\MemMang\heap_4.o
 .bss.xStart    0x2000507c        0x8 Middlewares\Third_Party\FreeRTOS\Source\portable\MemMang\heap_4.o
 .bss.pxCurrentTCB
                0x20005084        0x4 Middlewares\Third_Party\FreeRTOS\Source\tasks.o
                0x20005084                pxCurrentTCB
 .bss.pxDelayedTaskList
                0x20005088        0x4 Middlewares\Third_Party\FreeRTOS\Source\tasks.o
 .bss.pxOverflowDelayedTaskList
                0x2000508c        0x4 Middlewares\Third_Party\FreeRTOS\Source\tasks.o
 .bss.pxReadyTasksLists
                0x20005090       0x8c Middlewares\Third_Party\FreeRTOS\Source\tasks.o
 .bss.uxCurrentNumberOfTasks
                0x2000511c        0x4 Middlewares\Third_Party\FreeRTOS\Source\tasks.o
 .bss.uxDeletedTasksWaitingCleanUp
                0x20005120        0x4 Middlewares\Third_Party\FreeRTOS\Source\tasks.o
 .bss.uxPendedTicks
                0x20005124        0x4 Middlewares\Third_Party\FreeRTOS\Source\tasks.o
 .bss.uxSchedulerSuspended
                0x20005128        0x4 Middlewares\Third_Party\FreeRTOS\Source\tasks.o
 .bss.uxTaskNumber
                0x2000512c        0x4 Middlewares\Third_Party\FreeRTOS\Source\tasks.o
 .bss.uxTopReadyPriority
                0x20005130        0x4 Middlewares\Third_Party\FreeRTOS\Source\tasks.o
 .bss.xDelayedTaskList1
                0x20005134       0x14 Middlewares\Third_Party\FreeRTOS\Source\tasks.o
 .bss.xDelayedTaskList2
                0x20005148       0x14 Middlewares\Third_Party\FreeRTOS\Source\tasks.o
 .bss.xIdleTaskHandle
                0x2000515c        0x4 Middlewares\Third_Party\FreeRTOS\Source\tasks.o
 .bss.xNextTaskUnblockTime
                0x20005160        0x4 Middlewares\Third_Party\FreeRTOS\Source\tasks.o
 .bss.xNumOfOverflows
                0x20005164        0x4 Middlewares\Third_Party\FreeRTOS\Source\tasks.o
 .bss.xPendingReadyList
                0x20005168       0x14 Middlewares\Third_Party\FreeRTOS\Source\tasks.o
 .bss.xSchedulerRunning
                0x2000517c        0x4 Middlewares\Third_Party\FreeRTOS\Source\tasks.o
 .bss.xSuspendedTaskList
                0x20005180       0x14 Middlewares\Third_Party\FreeRTOS\Source\tasks.o
 .bss.xTasksWaitingTermination
                0x20005194       0x14 Middlewares\Third_Party\FreeRTOS\Source\tasks.o
 .bss.xTickCount
                0x200051a8        0x4 Middlewares\Third_Party\FreeRTOS\Source\tasks.o
 .bss.xYieldPending
                0x200051ac        0x4 Middlewares\Third_Party\FreeRTOS\Source\tasks.o
 .bss.lastTimeCommand
                0x200051b0        0x2 Src\adcStorage.o
                0x200051b0                lastTimeCommand
 .bss.prevCompensation
                0x200051b2        0x1 Src\adcStorage.o
                0x200051b2                prevCompensation
 .bss.analyzeCounter
                0x200051b3        0x4 Src\analyze.o
                0x200051b3                analyzeCounter
 *fill*         0x200051b7        0x1 
 .bss.unique_ID
                0x200051b8        0xc Src\controllerInit.o
                0x200051b8                unique_ID
 .bss.debugMessage
                0x200051c4       0x40 Src\controllerUtils.o
                0x200051c4                debugMessage
 .bss.debugMessageLength
                0x20005204        0x1 Src\controllerUtils.o
                0x20005204                debugMessageLength
 .bss.airSystem
                0x20005205        0x1 Src\main.o
                0x20005205                airSystem
 *fill*         0x20005206        0x2 
 .bss.controllerSettings
                0x20005208        0xc Src\main.o
                0x20005208                controllerSettings
 .bss.filteredData
                0x20005214        0x8 Src\main.o
                0x20005214                filteredData
 .bss.message   0x2000521c       0x80 Src\main.o
                0x2000521c                message
 .bss.messageLength
                0x2000529c        0x1 Src\main.o
                0x2000529c                messageLength
 *fill*         0x2000529d        0x1 
 .bss.nessPressure
                0x2000529e        0x8 Src\main.o
                0x2000529e                nessPressure
 .bss.pressureCompensation
                0x200052a6        0x1 Src\main.o
                0x200052a6                pressureCompensation
 *fill*         0x200052a7        0x1 
 .bss.server_UID
                0x200052a8        0x2 Src\main.o
                0x200052a8                server_UID
 .bss.workState
                0x200052aa        0x1 Src\main.o
                0x200052aa                workState
 .bss.pressIsLower
                0x200052ab        0x4 Src\processCommand.o
                0x200052ab                pressIsLower
 *fill*         0x200052af        0x1 
 .bss.heap_end.5887
                0x200052b0        0x4 Src\syscalls.o
 .bss.__malloc_free_list
                0x200052b4        0x4 c:/program files (x86)/atollic/truestudio for stm32 9.1.0/armtools/bin/../lib/gcc/arm-atollic-eabi/6.3.1/../../../../arm-atollic-eabi/lib/armv7-m\libc_nano.a(lib_a-nano-mallocr.o)
                0x200052b4                __malloc_free_list
 .bss.__malloc_sbrk_start
                0x200052b8        0x4 c:/program files (x86)/atollic/truestudio for stm32 9.1.0/armtools/bin/../lib/gcc/arm-atollic-eabi/6.3.1/../../../../arm-atollic-eabi/lib/armv7-m\libc_nano.a(lib_a-nano-mallocr.o)
                0x200052b8                __malloc_sbrk_start
 *(COMMON)
 COMMON         0x200052bc        0x4 Drivers\STM32F1xx_HAL_Driver\Src\stm32f1xx_hal.o
                0x200052bc                uwTick
 COMMON         0x200052c0       0x20 Drivers\STM32F1xx_HAL_Driver\Src\stm32f1xx_hal_flash.o
                0x200052c0                pFlash
 COMMON         0x200052e0      0x195 Src\main.o
                0x200052e0                recCommandBuffer
                0x20005320                commandToProcessBuffer
                0x20005360                defaultTaskHandle
                0x20005364                ADCRawData
                0x2000536c                htim3
                0x200053ac                xPressureCompensationSemaphore
                0x200053b0                hdma_usart1_tx
                0x200053f4                hadc1
                0x20005424                huart1
                0x20005464                p_commandToProcessBuffer
                0x20005466                sensorValue
                0x2000546e                p_recCommandBuffer
                0x20005470                xRecCommandQueue
                0x20005474                recCommandByte
 *fill*         0x20005475        0x3 
 COMMON         0x20005478        0x4 c:/program files (x86)/atollic/truestudio for stm32 9.1.0/armtools/bin/../lib/gcc/arm-atollic-eabi/6.3.1/../../../../arm-atollic-eabi/lib/armv7-m\libc_nano.a(lib_a-reent.o)
                0x20005478                errno
                0x2000547c                . = ALIGN (0x4)
                0x2000547c                _ebss = .
                0x2000547c                __bss_end__ = _ebss

._user_heap_stack
                0x2000547c      0x600 load address 0x08006fd8
                0x2000547c                . = ALIGN (0x4)
                0x2000547c                PROVIDE (end, .)
                [!provide]                PROVIDE (_end, .)
                0x2000567c                . = (. + _Min_Heap_Size)
 *fill*         0x2000547c      0x200 
                0x20005a7c                . = (. + _Min_Stack_Size)
 *fill*         0x2000567c      0x400 
                0x20005a7c                . = ALIGN (0x4)

/DISCARD/
 libc.a(*)
 libm.a(*)
 libgcc.a(*)

.ARM.attributes
                0x00000000       0x29
 *(.ARM.attributes)
 .ARM.attributes
                0x00000000       0x1d c:/program files (x86)/atollic/truestudio for stm32 9.1.0/armtools/bin/../lib/gcc/arm-atollic-eabi/6.3.1/armv7-m/crti.o
 .ARM.attributes
                0x0000001d       0x2d c:/program files (x86)/atollic/truestudio for stm32 9.1.0/armtools/bin/../lib/gcc/arm-atollic-eabi/6.3.1/armv7-m/crtbegin.o
 .ARM.attributes
                0x0000004a       0x33 Drivers\STM32F1xx_HAL_Driver\Src\stm32f1xx_hal.o
 .ARM.attributes
                0x0000007d       0x33 Drivers\STM32F1xx_HAL_Driver\Src\stm32f1xx_hal_adc.o
 .ARM.attributes
                0x000000b0       0x33 Drivers\STM32F1xx_HAL_Driver\Src\stm32f1xx_hal_adc_ex.o
 .ARM.attributes
                0x000000e3       0x33 Drivers\STM32F1xx_HAL_Driver\Src\stm32f1xx_hal_cortex.o
 .ARM.attributes
                0x00000116       0x33 Drivers\STM32F1xx_HAL_Driver\Src\stm32f1xx_hal_dma.o
 .ARM.attributes
                0x00000149       0x33 Drivers\STM32F1xx_HAL_Driver\Src\stm32f1xx_hal_flash.o
 .ARM.attributes
                0x0000017c       0x33 Drivers\STM32F1xx_HAL_Driver\Src\stm32f1xx_hal_flash_ex.o
 .ARM.attributes
                0x000001af       0x33 Drivers\STM32F1xx_HAL_Driver\Src\stm32f1xx_hal_gpio.o
 .ARM.attributes
                0x000001e2       0x33 Drivers\STM32F1xx_HAL_Driver\Src\stm32f1xx_hal_rcc.o
 .ARM.attributes
                0x00000215       0x33 Drivers\STM32F1xx_HAL_Driver\Src\stm32f1xx_hal_rcc_ex.o
 .ARM.attributes
                0x00000248       0x33 Drivers\STM32F1xx_HAL_Driver\Src\stm32f1xx_hal_tim.o
 .ARM.attributes
                0x0000027b       0x33 Drivers\STM32F1xx_HAL_Driver\Src\stm32f1xx_hal_tim_ex.o
 .ARM.attributes
                0x000002ae       0x33 Drivers\STM32F1xx_HAL_Driver\Src\stm32f1xx_hal_uart.o
 .ARM.attributes
                0x000002e1       0x33 Middlewares\Third_Party\FreeRTOS\Source\CMSIS_RTOS\cmsis_os.o
 .ARM.attributes
                0x00000314       0x33 Middlewares\Third_Party\FreeRTOS\Source\list.o
 .ARM.attributes
                0x00000347       0x33 Middlewares\Third_Party\FreeRTOS\Source\portable\GCC\ARM_CM3\port.o
 .ARM.attributes
                0x0000037a       0x33 Middlewares\Third_Party\FreeRTOS\Source\portable\MemMang\heap_4.o
 .ARM.attributes
                0x000003ad       0x33 Middlewares\Third_Party\FreeRTOS\Source\queue.o
 .ARM.attributes
                0x000003e0       0x33 Middlewares\Third_Party\FreeRTOS\Source\tasks.o
 .ARM.attributes
                0x00000413       0x33 Src\adcStorage.o
 .ARM.attributes
                0x00000446       0x33 Src\analyze.o
 .ARM.attributes
                0x00000479       0x33 Src\controllerInit.o
 .ARM.attributes
                0x000004ac       0x33 Src\controllerUtils.o
 .ARM.attributes
                0x000004df       0x33 Src\flashFunctions.o
 .ARM.attributes
                0x00000512       0x33 Src\main.o
 .ARM.attributes
                0x00000545       0x33 Src\processCommand.o
 .ARM.attributes
                0x00000578       0x33 Src\scanInput.o
 .ARM.attributes
                0x000005ab       0x33 Src\stm32f1xx_hal_msp.o
 .ARM.attributes
                0x000005de       0x33 Src\stm32f1xx_it.o
 .ARM.attributes
                0x00000611       0x33 Src\syscalls.o
 .ARM.attributes
                0x00000644       0x33 Src\system_stm32f1xx.o
 .ARM.attributes
                0x00000677       0x21 startup\startup_stm32f105xc.o
 .ARM.attributes
                0x00000698       0x2d c:/program files (x86)/atollic/truestudio for stm32 9.1.0/armtools/bin/../lib/gcc/arm-atollic-eabi/6.3.1/../../../../arm-atollic-eabi/lib/armv7-m\libc_nano.a(lib_a-errno.o)
 .ARM.attributes
                0x000006c5       0x2d c:/program files (x86)/atollic/truestudio for stm32 9.1.0/armtools/bin/../lib/gcc/arm-atollic-eabi/6.3.1/../../../../arm-atollic-eabi/lib/armv7-m\libc_nano.a(lib_a-impure.o)
 .ARM.attributes
                0x000006f2       0x2d c:/program files (x86)/atollic/truestudio for stm32 9.1.0/armtools/bin/../lib/gcc/arm-atollic-eabi/6.3.1/../../../../arm-atollic-eabi/lib/armv7-m\libc_nano.a(lib_a-memcpy-stub.o)
 .ARM.attributes
                0x0000071f       0x2d c:/program files (x86)/atollic/truestudio for stm32 9.1.0/armtools/bin/../lib/gcc/arm-atollic-eabi/6.3.1/../../../../arm-atollic-eabi/lib/armv7-m\libc_nano.a(lib_a-memset.o)
 .ARM.attributes
                0x0000074c       0x2d c:/program files (x86)/atollic/truestudio for stm32 9.1.0/armtools/bin/../lib/gcc/arm-atollic-eabi/6.3.1/../../../../arm-atollic-eabi/lib/armv7-m\libc_nano.a(lib_a-sprintf.o)
 .ARM.attributes
                0x00000779       0x2d c:/program files (x86)/atollic/truestudio for stm32 9.1.0/armtools/bin/../lib/gcc/arm-atollic-eabi/6.3.1/../../../../arm-atollic-eabi/lib/armv7-m\libc_nano.a(lib_a-sscanf.o)
 .ARM.attributes
                0x000007a6       0x2d c:/program files (x86)/atollic/truestudio for stm32 9.1.0/armtools/bin/../lib/gcc/arm-atollic-eabi/6.3.1/../../../../arm-atollic-eabi/lib/armv7-m\libc_nano.a(lib_a-stdio.o)
 .ARM.attributes
                0x000007d3       0x2d c:/program files (x86)/atollic/truestudio for stm32 9.1.0/armtools/bin/../lib/gcc/arm-atollic-eabi/6.3.1/../../../../arm-atollic-eabi/lib/armv7-m\libc_nano.a(lib_a-strcpy.o)
 .ARM.attributes
                0x00000800       0x17 c:/program files (x86)/atollic/truestudio for stm32 9.1.0/armtools/bin/../lib/gcc/arm-atollic-eabi/6.3.1/../../../../arm-atollic-eabi/lib/armv7-m\libc_nano.a(lib_a-strlen.o)
 .ARM.attributes
                0x00000817       0x2d c:/program files (x86)/atollic/truestudio for stm32 9.1.0/armtools/bin/../lib/gcc/arm-atollic-eabi/6.3.1/../../../../arm-atollic-eabi/lib/armv7-m\libc_nano.a(lib_a-nano-svfprintf.o)
 .ARM.attributes
                0x00000844       0x2d c:/program files (x86)/atollic/truestudio for stm32 9.1.0/armtools/bin/../lib/gcc/arm-atollic-eabi/6.3.1/../../../../arm-atollic-eabi/lib/armv7-m\libc_nano.a(lib_a-nano-svfscanf.o)
 .ARM.attributes
                0x00000871       0x2d c:/program files (x86)/atollic/truestudio for stm32 9.1.0/armtools/bin/../lib/gcc/arm-atollic-eabi/6.3.1/../../../../arm-atollic-eabi/lib/armv7-m\libc_nano.a(lib_a-nano-vfprintf_i.o)
 .ARM.attributes
                0x0000089e       0x2d c:/program files (x86)/atollic/truestudio for stm32 9.1.0/armtools/bin/../lib/gcc/arm-atollic-eabi/6.3.1/../../../../arm-atollic-eabi/lib/armv7-m\libc_nano.a(lib_a-nano-vfscanf_i.o)
 .ARM.attributes
                0x000008cb       0x2d c:/program files (x86)/atollic/truestudio for stm32 9.1.0/armtools/bin/../lib/gcc/arm-atollic-eabi/6.3.1/../../../../arm-atollic-eabi/lib/armv7-m\libc_nano.a(lib_a-reent.o)
 .ARM.attributes
                0x000008f8       0x2d c:/program files (x86)/atollic/truestudio for stm32 9.1.0/armtools/bin/../lib/gcc/arm-atollic-eabi/6.3.1/../../../../arm-atollic-eabi/lib/armv7-m\libc_nano.a(lib_a-sccl.o)
 .ARM.attributes
                0x00000925       0x2d c:/program files (x86)/atollic/truestudio for stm32 9.1.0/armtools/bin/../lib/gcc/arm-atollic-eabi/6.3.1/../../../../arm-atollic-eabi/lib/armv7-m\libc_nano.a(lib_a-strtol.o)
 .ARM.attributes
                0x00000952       0x2d c:/program files (x86)/atollic/truestudio for stm32 9.1.0/armtools/bin/../lib/gcc/arm-atollic-eabi/6.3.1/../../../../arm-atollic-eabi/lib/armv7-m\libc_nano.a(lib_a-strtoul.o)
 .ARM.attributes
                0x0000097f       0x2d c:/program files (x86)/atollic/truestudio for stm32 9.1.0/armtools/bin/../lib/gcc/arm-atollic-eabi/6.3.1/../../../../arm-atollic-eabi/lib/armv7-m\libc_nano.a(lib_a-ungetc.o)
 .ARM.attributes
                0x000009ac       0x2d c:/program files (x86)/atollic/truestudio for stm32 9.1.0/armtools/bin/../lib/gcc/arm-atollic-eabi/6.3.1/../../../../arm-atollic-eabi/lib/armv7-m\libc_nano.a(lib_a-findfp.o)
 .ARM.attributes
                0x000009d9       0x2d c:/program files (x86)/atollic/truestudio for stm32 9.1.0/armtools/bin/../lib/gcc/arm-atollic-eabi/6.3.1/../../../../arm-atollic-eabi/lib/armv7-m\libc_nano.a(lib_a-locale.o)
 .ARM.attributes
                0x00000a06       0x2d c:/program files (x86)/atollic/truestudio for stm32 9.1.0/armtools/bin/../lib/gcc/arm-atollic-eabi/6.3.1/../../../../arm-atollic-eabi/lib/armv7-m\libc_nano.a(lib_a-mbtowc_r.o)
 .ARM.attributes
                0x00000a33       0x2d c:/program files (x86)/atollic/truestudio for stm32 9.1.0/armtools/bin/../lib/gcc/arm-atollic-eabi/6.3.1/../../../../arm-atollic-eabi/lib/armv7-m\libc_nano.a(lib_a-memchr-stub.o)
 .ARM.attributes
                0x00000a60       0x2d c:/program files (x86)/atollic/truestudio for stm32 9.1.0/armtools/bin/../lib/gcc/arm-atollic-eabi/6.3.1/../../../../arm-atollic-eabi/lib/armv7-m\libc_nano.a(lib_a-memmove.o)
 .ARM.attributes
                0x00000a8d       0x2d c:/program files (x86)/atollic/truestudio for stm32 9.1.0/armtools/bin/../lib/gcc/arm-atollic-eabi/6.3.1/../../../../arm-atollic-eabi/lib/armv7-m\libc_nano.a(lib_a-nano-freer.o)
 .ARM.attributes
                0x00000aba       0x2d c:/program files (x86)/atollic/truestudio for stm32 9.1.0/armtools/bin/../lib/gcc/arm-atollic-eabi/6.3.1/../../../../arm-atollic-eabi/lib/armv7-m\libc_nano.a(lib_a-nano-mallocr.o)
 .ARM.attributes
                0x00000ae7       0x2d c:/program files (x86)/atollic/truestudio for stm32 9.1.0/armtools/bin/../lib/gcc/arm-atollic-eabi/6.3.1/../../../../arm-atollic-eabi/lib/armv7-m\libc_nano.a(lib_a-nano-reallocr.o)
 .ARM.attributes
                0x00000b14       0x2d c:/program files (x86)/atollic/truestudio for stm32 9.1.0/armtools/bin/../lib/gcc/arm-atollic-eabi/6.3.1/../../../../arm-atollic-eabi/lib/armv7-m\libc_nano.a(lib_a-sbrkr.o)
 .ARM.attributes
                0x00000b41       0x2d c:/program files (x86)/atollic/truestudio for stm32 9.1.0/armtools/bin/../lib/gcc/arm-atollic-eabi/6.3.1/../../../../arm-atollic-eabi/lib/armv7-m\libc_nano.a(lib_a-wctomb_r.o)
 .ARM.attributes
                0x00000b6e       0x2d c:/program files (x86)/atollic/truestudio for stm32 9.1.0/armtools/bin/../lib/gcc/arm-atollic-eabi/6.3.1/../../../../arm-atollic-eabi/lib/armv7-m\libc_nano.a(lib_a-ctype_.o)
 .ARM.attributes
                0x00000b9b       0x2d c:/program files (x86)/atollic/truestudio for stm32 9.1.0/armtools/bin/../lib/gcc/arm-atollic-eabi/6.3.1/../../../../arm-atollic-eabi/lib/armv7-m\libc_nano.a(lib_a-mlock.o)
 .ARM.attributes
                0x00000bc8       0x2d c:/program files (x86)/atollic/truestudio for stm32 9.1.0/armtools/bin/../lib/gcc/arm-atollic-eabi/6.3.1/../../../../arm-atollic-eabi/lib/armv7-m\libc_nano.a(lib_a-nano-msizer.o)
 .ARM.attributes
                0x00000bf5       0x1d c:/program files (x86)/atollic/truestudio for stm32 9.1.0/armtools/bin/../lib/gcc/arm-atollic-eabi/6.3.1/armv7-m\libgcc.a(_lshrdi3.o)
 .ARM.attributes
                0x00000c12       0x1d c:/program files (x86)/atollic/truestudio for stm32 9.1.0/armtools/bin/../lib/gcc/arm-atollic-eabi/6.3.1/armv7-m\libgcc.a(_arm_addsubsf3.o)
 .ARM.attributes
                0x00000c2f       0x1d c:/program files (x86)/atollic/truestudio for stm32 9.1.0/armtools/bin/../lib/gcc/arm-atollic-eabi/6.3.1/armv7-m\libgcc.a(_arm_muldivsf3.o)
 .ARM.attributes
                0x00000c4c       0x1d c:/program files (x86)/atollic/truestudio for stm32 9.1.0/armtools/bin/../lib/gcc/arm-atollic-eabi/6.3.1/armv7-m\libgcc.a(_arm_fixsfsi.o)
 .ARM.attributes
                0x00000c69       0x1d c:/program files (x86)/atollic/truestudio for stm32 9.1.0/armtools/bin/../lib/gcc/arm-atollic-eabi/6.3.1/armv7-m\libgcc.a(_aeabi_uldivmod.o)
 .ARM.attributes
                0x00000c86       0x2d c:/program files (x86)/atollic/truestudio for stm32 9.1.0/armtools/bin/../lib/gcc/arm-atollic-eabi/6.3.1/armv7-m\libgcc.a(_udivmoddi4.o)
 .ARM.attributes
                0x00000cb3       0x1d c:/program files (x86)/atollic/truestudio for stm32 9.1.0/armtools/bin/../lib/gcc/arm-atollic-eabi/6.3.1/armv7-m\libgcc.a(_dvmd_tls.o)
 .ARM.attributes
                0x00000cd0       0x1d c:/program files (x86)/atollic/truestudio for stm32 9.1.0/armtools/bin/../lib/gcc/arm-atollic-eabi/6.3.1/armv7-m/crtn.o
OUTPUT(aride_pressure.elf elf32-littlearm)

.debug_info     0x00000000    0x29f07
 .debug_info    0x00000000     0x1042 Drivers\STM32F1xx_HAL_Driver\Src\stm32f1xx_hal.o
 .debug_info    0x00001042     0x16a1 Drivers\STM32F1xx_HAL_Driver\Src\stm32f1xx_hal_adc.o
 .debug_info    0x000026e3     0x138b Drivers\STM32F1xx_HAL_Driver\Src\stm32f1xx_hal_adc_ex.o
 .debug_info    0x00003a6e     0x1509 Drivers\STM32F1xx_HAL_Driver\Src\stm32f1xx_hal_cortex.o
 .debug_info    0x00004f77     0x1047 Drivers\STM32F1xx_HAL_Driver\Src\stm32f1xx_hal_dma.o
 .debug_info    0x00005fbe      0xeeb Drivers\STM32F1xx_HAL_Driver\Src\stm32f1xx_hal_flash.o
 .debug_info    0x00006ea9     0x13ac Drivers\STM32F1xx_HAL_Driver\Src\stm32f1xx_hal_flash_ex.o
 .debug_info    0x00008255      0xedc Drivers\STM32F1xx_HAL_Driver\Src\stm32f1xx_hal_gpio.o
 .debug_info    0x00009131     0x1342 Drivers\STM32F1xx_HAL_Driver\Src\stm32f1xx_hal_rcc.o
 .debug_info    0x0000a473      0xef4 Drivers\STM32F1xx_HAL_Driver\Src\stm32f1xx_hal_rcc_ex.o
 .debug_info    0x0000b367     0x3bb9 Drivers\STM32F1xx_HAL_Driver\Src\stm32f1xx_hal_tim.o
 .debug_info    0x0000ef20     0x1989 Drivers\STM32F1xx_HAL_Driver\Src\stm32f1xx_hal_tim_ex.o
 .debug_info    0x000108a9     0x1e46 Drivers\STM32F1xx_HAL_Driver\Src\stm32f1xx_hal_uart.o
 .debug_info    0x000126ef     0x2500 Middlewares\Third_Party\FreeRTOS\Source\CMSIS_RTOS\cmsis_os.o
 .debug_info    0x00014bef      0xac0 Middlewares\Third_Party\FreeRTOS\Source\list.o
 .debug_info    0x000156af      0x4ca Middlewares\Third_Party\FreeRTOS\Source\portable\GCC\ARM_CM3\port.o
 .debug_info    0x00015b79      0xca5 Middlewares\Third_Party\FreeRTOS\Source\portable\MemMang\heap_4.o
 .debug_info    0x0001681e     0x1fdf Middlewares\Third_Party\FreeRTOS\Source\queue.o
 .debug_info    0x000187fd     0x2993 Middlewares\Third_Party\FreeRTOS\Source\tasks.o
 .debug_info    0x0001b190     0x12ff Src\adcStorage.o
 .debug_info    0x0001c48f     0x1429 Src\analyze.o
 .debug_info    0x0001d8b8     0x17b3 Src\controllerInit.o
 .debug_info    0x0001f06b     0x10bf Src\controllerUtils.o
 .debug_info    0x0002012a      0xbde Src\flashFunctions.o
 .debug_info    0x00020d08     0x23e8 Src\main.o
 .debug_info    0x000230f0     0x140a Src\processCommand.o
 .debug_info    0x000244fa      0xfae Src\scanInput.o
 .debug_info    0x000254a8     0x1a38 Src\stm32f1xx_hal_msp.o
 .debug_info    0x00026ee0     0x133e Src\stm32f1xx_it.o
 .debug_info    0x0002821e      0xfe1 Src\syscalls.o
 .debug_info    0x000291ff      0xc8e Src\system_stm32f1xx.o
 .debug_info    0x00029e8d       0x7a startup\startup_stm32f105xc.o

.debug_abbrev   0x00000000     0x597e
 .debug_abbrev  0x00000000      0x315 Drivers\STM32F1xx_HAL_Driver\Src\stm32f1xx_hal.o
 .debug_abbrev  0x00000315      0x2fb Drivers\STM32F1xx_HAL_Driver\Src\stm32f1xx_hal_adc.o
 .debug_abbrev  0x00000610      0x296 Drivers\STM32F1xx_HAL_Driver\Src\stm32f1xx_hal_adc_ex.o
 .debug_abbrev  0x000008a6      0x399 Drivers\STM32F1xx_HAL_Driver\Src\stm32f1xx_hal_cortex.o
 .debug_abbrev  0x00000c3f      0x29e Drivers\STM32F1xx_HAL_Driver\Src\stm32f1xx_hal_dma.o
 .debug_abbrev  0x00000edd      0x373 Drivers\STM32F1xx_HAL_Driver\Src\stm32f1xx_hal_flash.o
 .debug_abbrev  0x00001250      0x35a Drivers\STM32F1xx_HAL_Driver\Src\stm32f1xx_hal_flash_ex.o
 .debug_abbrev  0x000015aa      0x268 Drivers\STM32F1xx_HAL_Driver\Src\stm32f1xx_hal_gpio.o
 .debug_abbrev  0x00001812      0x383 Drivers\STM32F1xx_HAL_Driver\Src\stm32f1xx_hal_rcc.o
 .debug_abbrev  0x00001b95      0x287 Drivers\STM32F1xx_HAL_Driver\Src\stm32f1xx_hal_rcc_ex.o
 .debug_abbrev  0x00001e1c      0x3bb Drivers\STM32F1xx_HAL_Driver\Src\stm32f1xx_hal_tim.o
 .debug_abbrev  0x000021d7      0x30d Drivers\STM32F1xx_HAL_Driver\Src\stm32f1xx_hal_tim_ex.o
 .debug_abbrev  0x000024e4      0x364 Drivers\STM32F1xx_HAL_Driver\Src\stm32f1xx_hal_uart.o
 .debug_abbrev  0x00002848      0x468 Middlewares\Third_Party\FreeRTOS\Source\CMSIS_RTOS\cmsis_os.o
 .debug_abbrev  0x00002cb0      0x1e3 Middlewares\Third_Party\FreeRTOS\Source\list.o
 .debug_abbrev  0x00002e93      0x249 Middlewares\Third_Party\FreeRTOS\Source\portable\GCC\ARM_CM3\port.o
 .debug_abbrev  0x000030dc      0x314 Middlewares\Third_Party\FreeRTOS\Source\portable\MemMang\heap_4.o
 .debug_abbrev  0x000033f0      0x3b6 Middlewares\Third_Party\FreeRTOS\Source\queue.o
 .debug_abbrev  0x000037a6      0x419 Middlewares\Third_Party\FreeRTOS\Source\tasks.o
 .debug_abbrev  0x00003bbf      0x28f Src\adcStorage.o
 .debug_abbrev  0x00003e4e      0x2cc Src\analyze.o
 .debug_abbrev  0x0000411a      0x265 Src\controllerInit.o
 .debug_abbrev  0x0000437f      0x253 Src\controllerUtils.o
 .debug_abbrev  0x000045d2      0x241 Src\flashFunctions.o
 .debug_abbrev  0x00004813      0x36a Src\main.o
 .debug_abbrev  0x00004b7d      0x273 Src\processCommand.o
 .debug_abbrev  0x00004df0      0x214 Src\scanInput.o
 .debug_abbrev  0x00005004      0x28d Src\stm32f1xx_hal_msp.o
 .debug_abbrev  0x00005291      0x220 Src\stm32f1xx_it.o
 .debug_abbrev  0x000054b1      0x2d9 Src\syscalls.o
 .debug_abbrev  0x0000578a      0x1e2 Src\system_stm32f1xx.o
 .debug_abbrev  0x0000596c       0x12 startup\startup_stm32f105xc.o

.debug_loc      0x00000000     0xc3b8
 .debug_loc     0x00000000      0x11b Drivers\STM32F1xx_HAL_Driver\Src\stm32f1xx_hal.o
 .debug_loc     0x0000011b      0x873 Drivers\STM32F1xx_HAL_Driver\Src\stm32f1xx_hal_adc.o
 .debug_loc     0x0000098e      0x769 Drivers\STM32F1xx_HAL_Driver\Src\stm32f1xx_hal_adc_ex.o
 .debug_loc     0x000010f7      0x46b Drivers\STM32F1xx_HAL_Driver\Src\stm32f1xx_hal_cortex.o
 .debug_loc     0x00001562      0x5f2 Drivers\STM32F1xx_HAL_Driver\Src\stm32f1xx_hal_dma.o
 .debug_loc     0x00001b54      0x334 Drivers\STM32F1xx_HAL_Driver\Src\stm32f1xx_hal_flash.o
 .debug_loc     0x00001e88      0x6d0 Drivers\STM32F1xx_HAL_Driver\Src\stm32f1xx_hal_flash_ex.o
 .debug_loc     0x00002558      0x36a Drivers\STM32F1xx_HAL_Driver\Src\stm32f1xx_hal_gpio.o
 .debug_loc     0x000028c2      0x5a7 Drivers\STM32F1xx_HAL_Driver\Src\stm32f1xx_hal_rcc.o
 .debug_loc     0x00002e69      0x59c Drivers\STM32F1xx_HAL_Driver\Src\stm32f1xx_hal_rcc_ex.o
 .debug_loc     0x00003405     0x300c Drivers\STM32F1xx_HAL_Driver\Src\stm32f1xx_hal_tim.o
 .debug_loc     0x00006411      0x822 Drivers\STM32F1xx_HAL_Driver\Src\stm32f1xx_hal_tim_ex.o
 .debug_loc     0x00006c33     0x1311 Drivers\STM32F1xx_HAL_Driver\Src\stm32f1xx_hal_uart.o
 .debug_loc     0x00007f44     0x102d Middlewares\Third_Party\FreeRTOS\Source\CMSIS_RTOS\cmsis_os.o
 .debug_loc     0x00008f71       0x94 Middlewares\Third_Party\FreeRTOS\Source\list.o
 .debug_loc     0x00009005       0xce Middlewares\Third_Party\FreeRTOS\Source\portable\GCC\ARM_CM3\port.o
 .debug_loc     0x000090d3      0x385 Middlewares\Third_Party\FreeRTOS\Source\portable\MemMang\heap_4.o
 .debug_loc     0x00009458      0xe0c Middlewares\Third_Party\FreeRTOS\Source\queue.o
 .debug_loc     0x0000a264     0x123d Middlewares\Third_Party\FreeRTOS\Source\tasks.o
 .debug_loc     0x0000b4a1       0xc6 Src\adcStorage.o
 .debug_loc     0x0000b567      0x3f4 Src\analyze.o
 .debug_loc     0x0000b95b       0xc3 Src\controllerInit.o
 .debug_loc     0x0000ba1e       0x4d Src\controllerUtils.o
 .debug_loc     0x0000ba6b       0x93 Src\flashFunctions.o
 .debug_loc     0x0000bafe       0x66 Src\main.o
 .debug_loc     0x0000bb64       0xe2 Src\processCommand.o
 .debug_loc     0x0000bc46       0x80 Src\scanInput.o
 .debug_loc     0x0000bcc6      0x134 Src\stm32f1xx_hal_msp.o
 .debug_loc     0x0000bdfa      0x3ef Src\syscalls.o
 .debug_loc     0x0000c1e9      0x1cf Src\system_stm32f1xx.o

.debug_aranges  0x00000000     0x1188
 .debug_aranges
                0x00000000       0xc8 Drivers\STM32F1xx_HAL_Driver\Src\stm32f1xx_hal.o
 .debug_aranges
                0x000000c8       0xc8 Drivers\STM32F1xx_HAL_Driver\Src\stm32f1xx_hal_adc.o
 .debug_aranges
                0x00000190       0x80 Drivers\STM32F1xx_HAL_Driver\Src\stm32f1xx_hal_adc_ex.o
 .debug_aranges
                0x00000210       0x90 Drivers\STM32F1xx_HAL_Driver\Src\stm32f1xx_hal_cortex.o
 .debug_aranges
                0x000002a0       0x78 Drivers\STM32F1xx_HAL_Driver\Src\stm32f1xx_hal_dma.o
 .debug_aranges
                0x00000318       0x78 Drivers\STM32F1xx_HAL_Driver\Src\stm32f1xx_hal_flash.o
 .debug_aranges
                0x00000390       0x60 Drivers\STM32F1xx_HAL_Driver\Src\stm32f1xx_hal_flash_ex.o
 .debug_aranges
                0x000003f0       0x58 Drivers\STM32F1xx_HAL_Driver\Src\stm32f1xx_hal_gpio.o
 .debug_aranges
                0x00000448       0x88 Drivers\STM32F1xx_HAL_Driver\Src\stm32f1xx_hal_rcc.o
 .debug_aranges
                0x000004d0       0x50 Drivers\STM32F1xx_HAL_Driver\Src\stm32f1xx_hal_rcc_ex.o
 .debug_aranges
                0x00000520      0x250 Drivers\STM32F1xx_HAL_Driver\Src\stm32f1xx_hal_tim.o
 .debug_aranges
                0x00000770       0xe8 Drivers\STM32F1xx_HAL_Driver\Src\stm32f1xx_hal_tim_ex.o
 .debug_aranges
                0x00000858      0x170 Drivers\STM32F1xx_HAL_Driver\Src\stm32f1xx_hal_uart.o
 .debug_aranges
                0x000009c8      0x190 Middlewares\Third_Party\FreeRTOS\Source\CMSIS_RTOS\cmsis_os.o
 .debug_aranges
                0x00000b58       0x40 Middlewares\Third_Party\FreeRTOS\Source\list.o
 .debug_aranges
                0x00000b98       0x78 Middlewares\Third_Party\FreeRTOS\Source\portable\GCC\ARM_CM3\port.o
 .debug_aranges
                0x00000c10       0x48 Middlewares\Third_Party\FreeRTOS\Source\portable\MemMang\heap_4.o
 .debug_aranges
                0x00000c58       0xc0 Middlewares\Third_Party\FreeRTOS\Source\queue.o
 .debug_aranges
                0x00000d18      0x170 Middlewares\Third_Party\FreeRTOS\Source\tasks.o
 .debug_aranges
                0x00000e88       0x28 Src\adcStorage.o
 .debug_aranges
                0x00000eb0       0x20 Src\analyze.o
 .debug_aranges
                0x00000ed0       0x28 Src\controllerInit.o
 .debug_aranges
                0x00000ef8       0x28 Src\controllerUtils.o
 .debug_aranges
                0x00000f20       0x28 Src\flashFunctions.o
 .debug_aranges
                0x00000f48       0x40 Src\main.o
 .debug_aranges
                0x00000f88       0x20 Src\processCommand.o
 .debug_aranges
                0x00000fa8       0x20 Src\scanInput.o
 .debug_aranges
                0x00000fc8       0x58 Src\stm32f1xx_hal_msp.o
 .debug_aranges
                0x00001020       0x68 Src\stm32f1xx_it.o
 .debug_aranges
                0x00001088       0xb0 Src\syscalls.o
 .debug_aranges
                0x00001138       0x28 Src\system_stm32f1xx.o
 .debug_aranges
                0x00001160       0x28 startup\startup_stm32f105xc.o

.debug_ranges   0x00000000     0x1720
 .debug_ranges  0x00000000       0xb8 Drivers\STM32F1xx_HAL_Driver\Src\stm32f1xx_hal.o
 .debug_ranges  0x000000b8       0xb8 Drivers\STM32F1xx_HAL_Driver\Src\stm32f1xx_hal_adc.o
 .debug_ranges  0x00000170       0x70 Drivers\STM32F1xx_HAL_Driver\Src\stm32f1xx_hal_adc_ex.o
 .debug_ranges  0x000001e0      0x128 Drivers\STM32F1xx_HAL_Driver\Src\stm32f1xx_hal_cortex.o
 .debug_ranges  0x00000308       0xa8 Drivers\STM32F1xx_HAL_Driver\Src\stm32f1xx_hal_dma.o
 .debug_ranges  0x000003b0       0xb8 Drivers\STM32F1xx_HAL_Driver\Src\stm32f1xx_hal_flash.o
 .debug_ranges  0x00000468       0xe0 Drivers\STM32F1xx_HAL_Driver\Src\stm32f1xx_hal_flash_ex.o
 .debug_ranges  0x00000548       0x60 Drivers\STM32F1xx_HAL_Driver\Src\stm32f1xx_hal_gpio.o
 .debug_ranges  0x000005a8       0xa0 Drivers\STM32F1xx_HAL_Driver\Src\stm32f1xx_hal_rcc.o
 .debug_ranges  0x00000648       0x60 Drivers\STM32F1xx_HAL_Driver\Src\stm32f1xx_hal_rcc_ex.o
 .debug_ranges  0x000006a8      0x340 Drivers\STM32F1xx_HAL_Driver\Src\stm32f1xx_hal_tim.o
 .debug_ranges  0x000009e8       0xd8 Drivers\STM32F1xx_HAL_Driver\Src\stm32f1xx_hal_tim_ex.o
 .debug_ranges  0x00000ac0      0x190 Drivers\STM32F1xx_HAL_Driver\Src\stm32f1xx_hal_uart.o
 .debug_ranges  0x00000c50      0x198 Middlewares\Third_Party\FreeRTOS\Source\CMSIS_RTOS\cmsis_os.o
 .debug_ranges  0x00000de8       0x30 Middlewares\Third_Party\FreeRTOS\Source\list.o
 .debug_ranges  0x00000e18       0x80 Middlewares\Third_Party\FreeRTOS\Source\portable\GCC\ARM_CM3\port.o
 .debug_ranges  0x00000e98       0x38 Middlewares\Third_Party\FreeRTOS\Source\portable\MemMang\heap_4.o
 .debug_ranges  0x00000ed0      0x1a0 Middlewares\Third_Party\FreeRTOS\Source\queue.o
 .debug_ranges  0x00001070      0x288 Middlewares\Third_Party\FreeRTOS\Source\tasks.o
 .debug_ranges  0x000012f8       0x18 Src\adcStorage.o
 .debug_ranges  0x00001310       0x30 Src\analyze.o
 .debug_ranges  0x00001340       0x18 Src\controllerInit.o
 .debug_ranges  0x00001358       0x18 Src\controllerUtils.o
 .debug_ranges  0x00001370       0x30 Src\flashFunctions.o
 .debug_ranges  0x000013a0       0xe0 Src\main.o
 .debug_ranges  0x00001480       0x10 Src\processCommand.o
 .debug_ranges  0x00001490       0x10 Src\scanInput.o
 .debug_ranges  0x000014a0      0x150 Src\stm32f1xx_hal_msp.o
 .debug_ranges  0x000015f0       0x58 Src\stm32f1xx_it.o
 .debug_ranges  0x00001648       0xa0 Src\syscalls.o
 .debug_ranges  0x000016e8       0x18 Src\system_stm32f1xx.o
 .debug_ranges  0x00001700       0x20 startup\startup_stm32f105xc.o

.debug_line     0x00000000     0xb81a
 .debug_line    0x00000000      0x461 Drivers\STM32F1xx_HAL_Driver\Src\stm32f1xx_hal.o
 .debug_line    0x00000461      0x86c Drivers\STM32F1xx_HAL_Driver\Src\stm32f1xx_hal_adc.o
 .debug_line    0x00000ccd      0x72b Drivers\STM32F1xx_HAL_Driver\Src\stm32f1xx_hal_adc_ex.o
 .debug_line    0x000013f8      0x469 Drivers\STM32F1xx_HAL_Driver\Src\stm32f1xx_hal_cortex.o
 .debug_line    0x00001861      0x7bc Drivers\STM32F1xx_HAL_Driver\Src\stm32f1xx_hal_dma.o
 .debug_line    0x0000201d      0x51e Drivers\STM32F1xx_HAL_Driver\Src\stm32f1xx_hal_flash.o
 .debug_line    0x0000253b      0x551 Drivers\STM32F1xx_HAL_Driver\Src\stm32f1xx_hal_flash_ex.o
 .debug_line    0x00002a8c      0x45e Drivers\STM32F1xx_HAL_Driver\Src\stm32f1xx_hal_gpio.o
 .debug_line    0x00002eea      0x683 Drivers\STM32F1xx_HAL_Driver\Src\stm32f1xx_hal_rcc.o
 .debug_line    0x0000356d      0x4d9 Drivers\STM32F1xx_HAL_Driver\Src\stm32f1xx_hal_rcc_ex.o
 .debug_line    0x00003a46     0x116e Drivers\STM32F1xx_HAL_Driver\Src\stm32f1xx_hal_tim.o
 .debug_line    0x00004bb4      0x701 Drivers\STM32F1xx_HAL_Driver\Src\stm32f1xx_hal_tim_ex.o
 .debug_line    0x000052b5      0xc45 Drivers\STM32F1xx_HAL_Driver\Src\stm32f1xx_hal_uart.o
 .debug_line    0x00005efa      0x8da Middlewares\Third_Party\FreeRTOS\Source\CMSIS_RTOS\cmsis_os.o