Archive member included to satisfy reference by file (symbol)

c:/program files (x86)/atollic/truestudio for stm32 9.1.0/armtools/bin/../lib/gcc/arm-atollic-eabi/6.3.1/../../../../arm-atollic-eabi/lib/armv7-m\libc_nano.a(lib_a-errno.o)
                              Src\syscalls.o (__errno)
c:/program files (x86)/atollic/truestudio for stm32 9.1.0/armtools/bin/../lib/gcc/arm-atollic-eabi/6.3.1/../../../../arm-atollic-eabi/lib/armv7-m\libc_nano.a(lib_a-impure.o)
                              c:/program files (x86)/atollic/truestudio for stm32 9.1.0/armtools/bin/../lib/gcc/arm-atollic-eabi/6.3.1/../../../../arm-atollic-eabi/lib/armv7-m\libc_nano.a(lib_a-errno.o) (_impure_ptr)
c:/program files (x86)/atollic/truestudio for stm32 9.1.0/armtools/bin/../lib/gcc/arm-atollic-eabi/6.3.1/../../../../arm-atollic-eabi/lib/armv7-m\libc_nano.a(lib_a-memcpy-stub.o)
                              Middlewares\Third_Party\FreeRTOS\Source\queue.o (memcpy)
c:/program files (x86)/atollic/truestudio for stm32 9.1.0/armtools/bin/../lib/gcc/arm-atollic-eabi/6.3.1/../../../../arm-atollic-eabi/lib/armv7-m\libc_nano.a(lib_a-memset.o)
                              Drivers\STM32F1xx_HAL_Driver\Src\stm32f1xx_hal_rcc.o (memset)
c:/program files (x86)/atollic/truestudio for stm32 9.1.0/armtools/bin/../lib/gcc/arm-atollic-eabi/6.3.1/../../../../arm-atollic-eabi/lib/armv7-m\libc_nano.a(lib_a-nano-vfprintf_float.o)
                              (_printf_float)
c:/program files (x86)/atollic/truestudio for stm32 9.1.0/armtools/bin/../lib/gcc/arm-atollic-eabi/6.3.1/../../../../arm-atollic-eabi/lib/armv7-m\libc_nano.a(lib_a-nano-vfprintf_i.o)
                              c:/program files (x86)/atollic/truestudio for stm32 9.1.0/armtools/bin/../lib/gcc/arm-atollic-eabi/6.3.1/../../../../arm-atollic-eabi/lib/armv7-m\libc_nano.a(lib_a-nano-vfprintf_float.o) (_printf_common)
c:/program files (x86)/atollic/truestudio for stm32 9.1.0/armtools/bin/../lib/gcc/arm-atollic-eabi/6.3.1/../../../../arm-atollic-eabi/lib/armv7-m\libc_nano.a(lib_a-sprintf.o)
                              Src\controllerUtils.o (sprintf)
c:/program files (x86)/atollic/truestudio for stm32 9.1.0/armtools/bin/../lib/gcc/arm-atollic-eabi/6.3.1/../../../../arm-atollic-eabi/lib/armv7-m\libc_nano.a(lib_a-sscanf.o)
                              Src\processCommand.o (sscanf)
c:/program files (x86)/atollic/truestudio for stm32 9.1.0/armtools/bin/../lib/gcc/arm-atollic-eabi/6.3.1/../../../../arm-atollic-eabi/lib/armv7-m\libc_nano.a(lib_a-stdio.o)
                              c:/program files (x86)/atollic/truestudio for stm32 9.1.0/armtools/bin/../lib/gcc/arm-atollic-eabi/6.3.1/../../../../arm-atollic-eabi/lib/armv7-m\libc_nano.a(lib_a-sscanf.o) (__seofread)
c:/program files (x86)/atollic/truestudio for stm32 9.1.0/armtools/bin/../lib/gcc/arm-atollic-eabi/6.3.1/../../../../arm-atollic-eabi/lib/armv7-m\libc_nano.a(lib_a-strlen.o)
                              c:/program files (x86)/atollic/truestudio for stm32 9.1.0/armtools/bin/../lib/gcc/arm-atollic-eabi/6.3.1/../../../../arm-atollic-eabi/lib/armv7-m\libc_nano.a(lib_a-nano-vfprintf_float.o) (strlen)
c:/program files (x86)/atollic/truestudio for stm32 9.1.0/armtools/bin/../lib/gcc/arm-atollic-eabi/6.3.1/../../../../arm-atollic-eabi/lib/armv7-m\libc_nano.a(lib_a-writer.o)
                              c:/program files (x86)/atollic/truestudio for stm32 9.1.0/armtools/bin/../lib/gcc/arm-atollic-eabi/6.3.1/../../../../arm-atollic-eabi/lib/armv7-m\libc_nano.a(lib_a-stdio.o) (_write_r)
c:/program files (x86)/atollic/truestudio for stm32 9.1.0/armtools/bin/../lib/gcc/arm-atollic-eabi/6.3.1/../../../../arm-atollic-eabi/lib/armv7-m\libc_nano.a(lib_a-closer.o)
                              c:/program files (x86)/atollic/truestudio for stm32 9.1.0/armtools/bin/../lib/gcc/arm-atollic-eabi/6.3.1/../../../../arm-atollic-eabi/lib/armv7-m\libc_nano.a(lib_a-stdio.o) (_close_r)
c:/program files (x86)/atollic/truestudio for stm32 9.1.0/armtools/bin/../lib/gcc/arm-atollic-eabi/6.3.1/../../../../arm-atollic-eabi/lib/armv7-m\libc_nano.a(lib_a-dtoa.o)
                              c:/program files (x86)/atollic/truestudio for stm32 9.1.0/armtools/bin/../lib/gcc/arm-atollic-eabi/6.3.1/../../../../arm-atollic-eabi/lib/armv7-m\libc_nano.a(lib_a-nano-vfprintf_float.o) (_dtoa_r)
c:/program files (x86)/atollic/truestudio for stm32 9.1.0/armtools/bin/../lib/gcc/arm-atollic-eabi/6.3.1/../../../../arm-atollic-eabi/lib/armv7-m\libc_nano.a(lib_a-localeconv.o)
                              c:/program files (x86)/atollic/truestudio for stm32 9.1.0/armtools/bin/../lib/gcc/arm-atollic-eabi/6.3.1/../../../../arm-atollic-eabi/lib/armv7-m\libc_nano.a(lib_a-nano-vfprintf_float.o) (_localeconv_r)
c:/program files (x86)/atollic/truestudio for stm32 9.1.0/armtools/bin/../lib/gcc/arm-atollic-eabi/6.3.1/../../../../arm-atollic-eabi/lib/armv7-m\libc_nano.a(lib_a-lseekr.o)
[...]
Memory Configuration

Name             Origin             Length             Attributes
RAM              0x20000000         0x00010000         xrw
FLASH            0x08000000         0x00020000         xr
*default*        0x00000000         0xffffffff

Linker script and memory map

LOAD c:/program files (x86)/atollic/truestudio for stm32 9.1.0/armtools/bin/../lib/gcc/arm-atollic-eabi/6.3.1/armv7-m/crti.o
LOAD c:/program files (x86)/atollic/truestudio for stm32 9.1.0/armtools/bin/../lib/gcc/arm-atollic-eabi/6.3.1/armv7-m/crtbegin.o
LOAD Drivers\STM32F1xx_HAL_Driver\Src\stm32f1xx_hal.o
LOAD Drivers\STM32F1xx_HAL_Driver\Src\stm32f1xx_hal_adc.o
LOAD Drivers\STM32F1xx_HAL_Driver\Src\stm32f1xx_hal_adc_ex.o
LOAD Drivers\STM32F1xx_HAL_Driver\Src\stm32f1xx_hal_cortex.o
LOAD Drivers\STM32F1xx_HAL_Driver\Src\stm32f1xx_hal_dma.o
LOAD Drivers\STM32F1xx_HAL_Driver\Src\stm32f1xx_hal_flash.o
LOAD Drivers\STM32F1xx_HAL_Driver\Src\stm32f1xx_hal_flash_ex.o
LOAD Drivers\STM32F1xx_HAL_Driver\Src\stm32f1xx_hal_gpio.o
LOAD Drivers\STM32F1xx_HAL_Driver\Src\stm32f1xx_hal_gpio_ex.o
LOAD Drivers\STM32F1xx_HAL_Driver\Src\stm32f1xx_hal_pwr.o
LOAD Drivers\STM32F1xx_HAL_Driver\Src\stm32f1xx_hal_rcc.o
LOAD Drivers\STM32F1xx_HAL_Driver\Src\stm32f1xx_hal_rcc_ex.o
LOAD Drivers\STM32F1xx_HAL_Driver\Src\stm32f1xx_hal_tim.o
LOAD Drivers\STM32F1xx_HAL_Driver\Src\stm32f1xx_hal_tim_ex.o
LOAD Drivers\STM32F1xx_HAL_Driver\Src\stm32f1xx_hal_uart.o
LOAD Middlewares\Third_Party\FreeRTOS\Source\CMSIS_RTOS\cmsis_os.o
LOAD Middlewares\Third_Party\FreeRTOS\Source\croutine.o
LOAD Middlewares\Third_Party\FreeRTOS\Source\event_groups.o
LOAD Middlewares\Third_Party\FreeRTOS\Source\list.o
LOAD Middlewares\Third_Party\FreeRTOS\Source\portable\GCC\ARM_CM3\port.o
LOAD Middlewares\Third_Party\FreeRTOS\Source\portable\MemMang\heap_4.o
LOAD Middlewares\Third_Party\FreeRTOS\Source\queue.o
LOAD Middlewares\Third_Party\FreeRTOS\Source\tasks.o
LOAD Middlewares\Third_Party\FreeRTOS\Source\timers.o
LOAD Src\adcStorage.o
LOAD Src\analyze.o
LOAD Src\controllerInit.o
LOAD Src\controllerUtils.o
LOAD Src\flashFunctions.o
LOAD Src\freertos.o
LOAD Src\main.o
LOAD Src\processCommand.o
LOAD Src\scanInput.o
LOAD Src\stm32f1xx_hal_msp.o
LOAD Src\stm32f1xx_it.o
LOAD Src\syscalls.o
LOAD Src\system_stm32f1xx.o
LOAD startup\startup_stm32f105xc.o
                0x00000080                malloc_getpagesize_P = 0x80
START GROUP
LOAD c:/program files (x86)/atollic/truestudio for stm32 9.1.0/armtools/bin/../lib/gcc/arm-atollic-eabi/6.3.1/../../../../arm-atollic-eabi/lib/armv7-m\libc_nano.a
LOAD c:/program files (x86)/atollic/truestudio for stm32 9.1.0/armtools/bin/../lib/gcc/arm-atollic-eabi/6.3.1/../../../../arm-atollic-eabi/lib/armv7-m\libm.a
END GROUP
START GROUP
LOAD c:/program files (x86)/atollic/truestudio for stm32 9.1.0/armtools/bin/../lib/gcc/arm-atollic-eabi/6.3.1/armv7-m\libgcc.a
LOAD c:/program files (x86)/atollic/truestudio for stm32 9.1.0/armtools/bin/../lib/gcc/arm-atollic-eabi/6.3.1/../../../../arm-atollic-eabi/lib/armv7-m\libc_nano.a
END GROUP
START GROUP
LOAD c:/program files (x86)/atollic/truestudio for stm32 9.1.0/armtools/bin/../lib/gcc/arm-atollic-eabi/6.3.1/armv7-m\libgcc.a
LOAD c:/program files (x86)/atollic/truestudio for stm32 9.1.0/armtools/bin/../lib/gcc/arm-atollic-eabi/6.3.1/../../../../arm-atollic-eabi/lib/armv7-m\libc_nano.a
LOAD c:/program files (x86)/atollic/truestudio for stm32 9.1.0/armtools/bin/../lib/gcc/arm-atollic-eabi/6.3.1/../../../../arm-atollic-eabi/lib/armv7-m\libnosys.a
END GROUP
START GROUP
LOAD c:/program files (x86)/atollic/truestudio for stm32 9.1.0/armtools/bin/../lib/gcc/arm-atollic-eabi/6.3.1/armv7-m\libgcc.a
LOAD c:/program files (x86)/atollic/truestudio for stm32 9.1.0/armtools/bin/../lib/gcc/arm-atollic-eabi/6.3.1/../../../../arm-atollic-eabi/lib/armv7-m\libc_nano.a
LOAD c:/program files (x86)/atollic/truestudio for stm32 9.1.0/armtools/bin/../lib/gcc/arm-atollic-eabi/6.3.1/../../../../arm-atollic-eabi/lib/armv7-m\libnosys.a
END GROUP
LOAD c:/program files (x86)/atollic/truestudio for stm32 9.1.0/armtools/bin/../lib/gcc/arm-atollic-eabi/6.3.1/armv7-m/crtend.o
LOAD c:/program files (x86)/atollic/truestudio for stm32 9.1.0/armtools/bin/../lib/gcc/arm-atollic-eabi/6.3.1/armv7-m/crtn.o
                0x20010000                _estack = 0x20010000
                0x00000200                _Min_Heap_Size = 0x200
                0x00000400                _Min_Stack_Size = 0x400

.isr_vector     0x08000000      0x1e4
                0x08000000                . = ALIGN (0x4)
 *(.isr_vector)
 .isr_vector    0x08000000      0x1e4 startup\startup_stm32f105xc.o
                0x08000000                g_pfnVectors
                0x080001e4                . = ALIGN (0x4)

.text           0x080001f0     0x8888
                0x080001f0                . = ALIGN (0x4)
 *(.text)
 .text          0x080001f0       0x40 c:/program files (x86)/atollic/truestudio for stm32 9.1.0/armtools/bin/../lib/gcc/arm-atollic-eabi/6.3.1/armv7-m/crtbegin.o
 .text          0x08000230       0x10 c:/program files (x86)/atollic/truestudio for stm32 9.1.0/armtools/bin/../lib/gcc/arm-atollic-eabi/6.3.1/../../../../arm-atollic-eabi/lib/armv7-m\libc_nano.a(lib_a-strlen.o)
                0x08000230                strlen
 .text          0x08000240       0x18 c:/program files (x86)/atollic/truestudio for stm32 9.1.0/armtools/bin/../lib/gcc/arm-atollic-eabi/6.3.1/armv7-m\libgcc.a(_lshrdi3.o)
                0x08000240                __lshrdi3
                0x08000240                __aeabi_llsr
 .text          0x08000258      0x370 c:/program files (x86)/atollic/truestudio for stm32 9.1.0/armtools/bin/../lib/gcc/arm-atollic-eabi/6.3.1/armv7-m\libgcc.a(_arm_addsubdf3.o)
                0x08000258                __aeabi_drsub
                0x08000260                __aeabi_dsub
                0x08000260                __subdf3
                0x08000264                __aeabi_dadd
                0x08000264                __adddf3
                0x080004dc                __floatunsidf
                0x080004dc                __aeabi_ui2d
                0x080004fc                __floatsidf
                0x080004fc                __aeabi_i2d
                0x08000520                __aeabi_f2d
                0x08000520                __extendsfdf2
                0x0800055c                __floatundidf
                0x0800055c                __aeabi_ul2d
                0x0800056c                __floatdidf
                0x0800056c                __aeabi_l2d
 .text          0x080005c8      0x424 c:/program files (x86)/atollic/truestudio for stm32 9.1.0/armtools/bin/../lib/gcc/arm-atollic-eabi/6.3.1/armv7-m\libgcc.a(_arm_muldivdf3.o)
                0x080005c8                __aeabi_dmul
                0x080005c8                __muldf3
                0x0800081c                __divdf3
                0x0800081c                __aeabi_ddiv
 .text          0x080009ec      0x110 c:/program files (x86)/atollic/truestudio for stm32 9.1.0/armtools/bin/../lib/gcc/arm-atollic-eabi/6.3.1/armv7-m\libgcc.a(_arm_cmpdf2.o)
                0x080009ec                __gtdf2
                0x080009ec                __gedf2
                0x080009f4                __ltdf2
                0x080009f4                __ledf2
                0x080009fc                __nedf2
                0x080009fc                __eqdf2
                0x080009fc                __cmpdf2
                0x08000a78                __aeabi_cdrcmple
                0x08000a88                __aeabi_cdcmpeq
                0x08000a88                __aeabi_cdcmple
                0x08000a98                __aeabi_dcmpeq
                0x08000aac                __aeabi_dcmplt
                0x08000ac0                __aeabi_dcmple
                0x08000ad4                __aeabi_dcmpge
                0x08000ae8                __aeabi_dcmpgt
 .text          0x08000afc       0x2c c:/program files (x86)/atollic/truestudio for stm32 9.1.0/armtools/bin/../lib/gcc/arm-atollic-eabi/6.3.1/armv7-m\libgcc.a(_arm_unorddf2.o)
                0x08000afc                __unorddf2
                0x08000afc                __aeabi_dcmpun
 .text          0x08000b28       0x50 c:/program files (x86)/atollic/truestudio for stm32 9.1.0/armtools/bin/../lib/gcc/arm-atollic-eabi/6.3.1/armv7-m\libgcc.a(_arm_fixdfsi.o)
                0x08000b28                __aeabi_d2iz
                0x08000b28                __fixdfsi
 .text          0x08000b78      0x21c c:/program files (x86)/atollic/truestudio for stm32 9.1.0/armtools/bin/../lib/gcc/arm-atollic-eabi/6.3.1/armv7-m\libgcc.a(_arm_addsubsf3.o)
                0x08000b78                __aeabi_frsub
                0x08000b80                __subsf3
                0x08000b80                __aeabi_fsub
                0x08000b84                __aeabi_fadd
                0x08000b84                __addsf3
                0x08000ce4                __aeabi_ui2f
                0x08000ce4                __floatunsisf
                0x08000cec                __aeabi_i2f
                0x08000cec                __floatsisf
                0x08000d08                __aeabi_ul2f
                0x08000d08                __floatundisf
                0x08000d18                __aeabi_l2f
                0x08000d18                __floatdisf
 .text          0x08000d94      0x2a0 c:/program files (x86)/atollic/truestudio for stm32 9.1.0/armtools/bin/../lib/gcc/arm-atollic-eabi/6.3.1/armv7-m\libgcc.a(_arm_muldivsf3.o)
                0x08000d94                __mulsf3
                0x08000d94                __aeabi_fmul
                0x08000efc                __aeabi_fdiv
                0x08000efc                __divsf3
 .text          0x08001034       0xec c:/program files (x86)/atollic/truestudio for stm32 9.1.0/armtools/bin/../lib/gcc/arm-atollic-eabi/6.3.1/armv7-m\libgcc.a(_arm_cmpsf2.o)
                0x08001034                __gesf2
                0x08001034                __gtsf2
                0x0800103c                __lesf2
                0x0800103c                __ltsf2
                0x08001044                __nesf2
                0x08001044                __eqsf2
                0x08001044                __cmpsf2
                0x080010a4                __aeabi_cfrcmple
                0x080010ac                __aeabi_cfcmpeq
                0x080010ac                __aeabi_cfcmple
                0x080010bc                __aeabi_fcmpeq
                0x080010d0                __aeabi_fcmplt
                0x080010e4                __aeabi_fcmple
                0x080010f8                __aeabi_fcmpge
                0x0800110c                __aeabi_fcmpgt
 .text          0x08001120       0x4c c:/program files (x86)/atollic/truestudio for stm32 9.1.0/armtools/bin/../lib/gcc/arm-atollic-eabi/6.3.1/armv7-m\libgcc.a(_arm_fixsfsi.o)
                0x08001120                __aeabi_f2iz
                0x08001120                __fixsfsi
 .text          0x0800116c       0x30 c:/program files (x86)/atollic/truestudio for stm32 9.1.0/armtools/bin/../lib/gcc/arm-atollic-eabi/6.3.1/armv7-m\libgcc.a(_aeabi_uldivmod.o)
                0x0800116c                __aeabi_uldivmod
 .text          0x0800119c      0x2dc c:/program files (x86)/atollic/truestudio for stm32 9.1.0/armtools/bin/../lib/gcc/arm-atollic-eabi/6.3.1/armv7-m\libgcc.a(_udivmoddi4.o)
                0x0800119c                __udivmoddi4
 .text          0x08001478        0x4 c:/program files (x86)/atollic/truestudio for stm32 9.1.0/armtools/bin/../lib/gcc/arm-atollic-eabi/6.3.1/armv7-m\libgcc.a(_dvmd_tls.o)
                0x08001478                __aeabi_idiv0
                0x08001478                __aeabi_ldiv0
 *(.text*)
 .text.HAL_InitTick
                0x0800147c       0x48 Drivers\STM32F1xx_HAL_Driver\Src\stm32f1xx_hal.o
                0x0800147c                HAL_InitTick
 .text.HAL_Init
                0x080014c4       0x24 Drivers\STM32F1xx_HAL_Driver\Src\stm32f1xx_hal.o
                0x080014c4                HAL_Init
 .text.HAL_IncTick
                0x080014e8       0x18 Drivers\STM32F1xx_HAL_Driver\Src\stm32f1xx_hal.o
                0x080014e8                HAL_IncTick
 .text.HAL_GetTick
                0x08001500        0xc Drivers\STM32F1xx_HAL_Driver\Src\stm32f1xx_hal.o
                0x08001500                HAL_GetTick
 .text.HAL_Delay
                0x0800150c       0x24 Drivers\STM32F1xx_HAL_Driver\Src\stm32f1xx_hal.o
                0x0800150c                HAL_Delay
 .text.HAL_GetUID
                0x08001530       0x20 Drivers\STM32F1xx_HAL_Driver\Src\stm32f1xx_hal.o
                0x08001530                HAL_GetUID
 .text.HAL_ADC_ConvCpltCallback
                0x08001550        0x2 Drivers\STM32F1xx_HAL_Driver\Src\stm32f1xx_hal_adc.o
                0x08001550                HAL_ADC_ConvCpltCallback
 .text.HAL_ADC_LevelOutOfWindowCallback
                0x08001552        0x2 Drivers\STM32F1xx_HAL_Driver\Src\stm32f1xx_hal_adc.o
                0x08001552                HAL_ADC_LevelOutOfWindowCallback
 .text.HAL_ADC_IRQHandler
                0x08001554       0xec Drivers\STM32F1xx_HAL_Driver\Src\stm32f1xx_hal_adc.o
                0x08001554                HAL_ADC_IRQHandler
 .text.HAL_ADC_ConfigChannel
                0x08001640      0x108 Drivers\STM32F1xx_HAL_Driver\Src\stm32f1xx_hal_adc.o
                0x08001640                HAL_ADC_ConfigChannel
 .text.ADC_Enable
                0x08001748       0x70 Drivers\STM32F1xx_HAL_Driver\Src\stm32f1xx_hal_adc.o
                0x08001748                ADC_Enable
 .text.ADC_ConversionStop_Disable
                0x080017b8       0x44 Drivers\STM32F1xx_HAL_Driver\Src\stm32f1xx_hal_adc.o
                0x080017b8                ADC_ConversionStop_Disable
 .text.HAL_ADC_Init
                0x080017fc      0x100 Drivers\STM32F1xx_HAL_Driver\Src\stm32f1xx_hal_adc.o
                0x080017fc                HAL_ADC_Init
 .text.HAL_ADCEx_InjectedStart_IT
                0x080018fc       0xb4 Drivers\STM32F1xx_HAL_Driver\Src\stm32f1xx_hal_adc_ex.o
                0x080018fc                HAL_ADCEx_InjectedStart_IT
 .text.HAL_ADCEx_InjectedGetValue
                0x080019b0       0x1e Drivers\STM32F1xx_HAL_Driver\Src\stm32f1xx_hal_adc_ex.o
                0x080019b0                HAL_ADCEx_InjectedGetValue
 *fill*         0x080019ce        0x2 
 .text.HAL_ADCEx_InjectedConfigChannel
                0x080019d0      0x1d8 Drivers\STM32F1xx_HAL_Driver\Src\stm32f1xx_hal_adc_ex.o
                0x080019d0                HAL_ADCEx_InjectedConfigChannel
 .text.HAL_NVIC_SetPriorityGrouping
                0x08001ba8       0x24 Drivers\STM32F1xx_HAL_Driver\Src\stm32f1xx_hal_cortex.o
                0x08001ba8                HAL_NVIC_SetPriorityGrouping
 .text.HAL_NVIC_SetPriority
                0x08001bcc       0x68 Drivers\STM32F1xx_HAL_Driver\Src\stm32f1xx_hal_cortex.o
                0x08001bcc                HAL_NVIC_SetPriority
 .text.HAL_NVIC_EnableIRQ
                0x08001c34       0x18 Drivers\STM32F1xx_HAL_Driver\Src\stm32f1xx_hal_cortex.o
                0x08001c34                HAL_NVIC_EnableIRQ
 .text.HAL_SYSTICK_Config
                0x08001c4c       0x2c Drivers\STM32F1xx_HAL_Driver\Src\stm32f1xx_hal_cortex.o
                0x08001c4c                HAL_SYSTICK_Config
 .text.HAL_DMA_Init
                0x08001c78       0x80 Drivers\STM32F1xx_HAL_Driver\Src\stm32f1xx_hal_dma.o
                0x08001c78                HAL_DMA_Init
 .text.HAL_DMA_Start_IT
                0x08001cf8       0x7a Drivers\STM32F1xx_HAL_Driver\Src\stm32f1xx_hal_dma.o
                0x08001cf8                HAL_DMA_Start_IT
 *fill*         0x08001d72        0x2 
 .text.HAL_DMA_Abort_IT
                0x08001d74       0xdc Drivers\STM32F1xx_HAL_Driver\Src\stm32f1xx_hal_dma.o
                0x08001d74                HAL_DMA_Abort_IT
 .text.HAL_DMA_IRQHandler
                0x08001e50      0x1b8 Drivers\STM32F1xx_HAL_Driver\Src\stm32f1xx_hal_dma.o
                0x08001e50                HAL_DMA_IRQHandler
 .text.FLASH_SetErrorCode
                0x08002008       0x50 Drivers\STM32F1xx_HAL_Driver\Src\stm32f1xx_hal_flash.o
 .text.HAL_FLASH_Unlock
                0x08002058       0x24 Drivers\STM32F1xx_HAL_Driver\Src\stm32f1xx_hal_flash.o
                0x08002058                HAL_FLASH_Unlock
 .text.HAL_FLASH_Lock
                0x0800207c       0x14 Drivers\STM32F1xx_HAL_Driver\Src\stm32f1xx_hal_flash.o
                0x0800207c                HAL_FLASH_Lock
 .text.FLASH_WaitForLastOperation
                0x08002090       0x54 Drivers\STM32F1xx_HAL_Driver\Src\stm32f1xx_hal_flash.o
                0x08002090                FLASH_WaitForLastOperation
 .text.HAL_FLASH_Program
                0x080020e4       0x8c Drivers\STM32F1xx_HAL_Driver\Src\stm32f1xx_hal_flash.o
                0x080020e4                HAL_FLASH_Program
 .text.FLASH_MassErase.isra.0
                0x08002170       0x24 Drivers\STM32F1xx_HAL_Driver\Src\stm32f1xx_hal_flash_ex.o
 .text.FLASH_PageErase
                0x08002194       0x24 Drivers\STM32F1xx_HAL_Driver\Src\stm32f1xx_hal_flash_ex.o
                0x08002194                FLASH_PageErase
 .text.HAL_FLASHEx_Erase
                0x080021b8       0x9c Drivers\STM32F1xx_HAL_Driver\Src\stm32f1xx_hal_flash_ex.o
                0x080021b8                HAL_FLASHEx_Erase
 .text.HAL_GPIO_Init
                0x08002254      0x1c0 Drivers\STM32F1xx_HAL_Driver\Src\stm32f1xx_hal_gpio.o
                0x08002254                HAL_GPIO_Init
 .text.HAL_GPIO_ReadPin
                0x08002414        0xc Drivers\STM32F1xx_HAL_Driver\Src\stm32f1xx_hal_gpio.o
                0x08002414                HAL_GPIO_ReadPin
 .text.HAL_GPIO_WritePin
                0x08002420        0xa Drivers\STM32F1xx_HAL_Driver\Src\stm32f1xx_hal_gpio.o
                0x08002420                HAL_GPIO_WritePin
 *fill*         0x0800242a        0x2 
 .text.HAL_RCC_OscConfig
                0x0800242c      0x3d8 Drivers\STM32F1xx_HAL_Driver\Src\stm32f1xx_hal_rcc.o
                0x0800242c                HAL_RCC_OscConfig
 .text.HAL_RCC_GetSysClockFreq
                0x08002804       0xc4 Drivers\STM32F1xx_HAL_Driver\Src\stm32f1xx_hal_rcc.o
                0x08002804                HAL_RCC_GetSysClockFreq
 .text.HAL_RCC_ClockConfig
                0x080028c8      0x164 Drivers\STM32F1xx_HAL_Driver\Src\stm32f1xx_hal_rcc.o
                0x080028c8                HAL_RCC_ClockConfig
 .text.HAL_RCC_GetPCLK1Freq
                0x08002a2c       0x20 Drivers\STM32F1xx_HAL_Driver\Src\stm32f1xx_hal_rcc.o
                0x08002a2c                HAL_RCC_GetPCLK1Freq
 .text.HAL_RCC_GetPCLK2Freq
                0x08002a4c       0x20 Drivers\STM32F1xx_HAL_Driver\Src\stm32f1xx_hal_rcc.o
                0x08002a4c                HAL_RCC_GetPCLK2Freq
 .text.HAL_RCCEx_PeriphCLKConfig
                0x08002a6c      0x17c Drivers\STM32F1xx_HAL_Driver\Src\stm32f1xx_hal_rcc_ex.o
                0x08002a6c                HAL_RCCEx_PeriphCLKConfig
 .text.TIM_OC1_SetConfig
                0x08002be8       0x50 Drivers\STM32F1xx_HAL_Driver\Src\stm32f1xx_hal_tim.o
 .text.TIM_OC3_SetConfig
                0x08002c38       0x54 Drivers\STM32F1xx_HAL_Driver\Src\stm32f1xx_hal_tim.o
 .text.TIM_OC4_SetConfig
                0x08002c8c       0x44 Drivers\STM32F1xx_HAL_Driver\Src\stm32f1xx_hal_tim.o
 .text.HAL_TIM_PWM_MspInit
                0x08002cd0        0x2 Drivers\STM32F1xx_HAL_Driver\Src\stm32f1xx_hal_tim.o
                0x08002cd0                HAL_TIM_PWM_MspInit
 .text.HAL_TIM_ConfigClockSource
                0x08002cd2      0x172 Drivers\STM32F1xx_HAL_Driver\Src\stm32f1xx_hal_tim.o
                0x08002cd2                HAL_TIM_ConfigClockSource
 .text.HAL_TIM_PeriodElapsedCallback
                0x08002e44        0x2 Drivers\STM32F1xx_HAL_Driver\Src\stm32f1xx_hal_tim.o
                0x08002e44                HAL_TIM_PeriodElapsedCallback
 .text.HAL_TIM_OC_DelayElapsedCallback
                0x08002e46        0x2 Drivers\STM32F1xx_HAL_Driver\Src\stm32f1xx_hal_tim.o
                0x08002e46                HAL_TIM_OC_DelayElapsedCallback
 .text.HAL_TIM_IC_CaptureCallback
                0x08002e48        0x2 Drivers\STM32F1xx_HAL_Driver\Src\stm32f1xx_hal_tim.o
                0x08002e48                HAL_TIM_IC_CaptureCallback
 .text.HAL_TIM_PWM_PulseFinishedCallback
                0x08002e4a        0x2 Drivers\STM32F1xx_HAL_Driver\Src\stm32f1xx_hal_tim.o
                0x08002e4a                HAL_TIM_PWM_PulseFinishedCallback
 .text.HAL_TIM_TriggerCallback
                0x08002e4c        0x2 Drivers\STM32F1xx_HAL_Driver\Src\stm32f1xx_hal_tim.o
                0x08002e4c                HAL_TIM_TriggerCallback
 .text.HAL_TIM_IRQHandler
                0x08002e4e      0x144 Drivers\STM32F1xx_HAL_Driver\Src\stm32f1xx_hal_tim.o
                0x08002e4e                HAL_TIM_IRQHandler
 *fill*         0x08002f92        0x2 
 .text.TIM_Base_SetConfig
                0x08002f94       0x80 Drivers\STM32F1xx_HAL_Driver\Src\stm32f1xx_hal_tim.o
                0x08002f94                TIM_Base_SetConfig
 .text.HAL_TIM_Base_Init
                0x08003014       0x34 Drivers\STM32F1xx_HAL_Driver\Src\stm32f1xx_hal_tim.o
                0x08003014                HAL_TIM_Base_Init
 .text.HAL_TIM_PWM_Init
                0x08003048       0x34 Drivers\STM32F1xx_HAL_Driver\Src\stm32f1xx_hal_tim.o
                0x08003048                HAL_TIM_PWM_Init
 .text.TIM_OC2_SetConfig
                0x0800307c       0x58 Drivers\STM32F1xx_HAL_Driver\Src\stm32f1xx_hal_tim.o
                0x0800307c                TIM_OC2_SetConfig
 .text.HAL_TIM_PWM_ConfigChannel
                0x080030d4       0xc4 Drivers\STM32F1xx_HAL_Driver\Src\stm32f1xx_hal_tim.o
                0x080030d4                HAL_TIM_PWM_ConfigChannel
 .text.TIM_CCxChannelCmd
                0x08003198       0x18 Drivers\STM32F1xx_HAL_Driver\Src\stm32f1xx_hal_tim.o
                0x08003198                TIM_CCxChannelCmd
 .text.HAL_TIM_PWM_Start
                0x080031b0       0x2c Drivers\STM32F1xx_HAL_Driver\Src\stm32f1xx_hal_tim.o
                0x080031b0                HAL_TIM_PWM_Start
 .text.HAL_TIMEx_MasterConfigSynchronization
                0x080031dc       0x44 Drivers\STM32F1xx_HAL_Driver\Src\stm32f1xx_hal_tim_ex.o
                0x080031dc                HAL_TIMEx_MasterConfigSynchronization
 .text.HAL_TIMEx_CommutationCallback
                0x08003220        0x2 Drivers\STM32F1xx_HAL_Driver\Src\stm32f1xx_hal_tim_ex.o
                0x08003220                HAL_TIMEx_CommutationCallback
 .text.HAL_TIMEx_BreakCallback
                0x08003222        0x2 Drivers\STM32F1xx_HAL_Driver\Src\stm32f1xx_hal_tim_ex.o
                0x08003222                HAL_TIMEx_BreakCallback
 .text.UART_EndRxTransfer
                0x08003224       0x1a Drivers\STM32F1xx_HAL_Driver\Src\stm32f1xx_hal_uart.o
 *fill*         0x0800323e        0x2 
 .text.UART_SetConfig
                0x08003240      0x13c Drivers\STM32F1xx_HAL_Driver\Src\stm32f1xx_hal_uart.o
 .text.UART_WaitOnFlagUntilTimeout.constprop.3
                0x0800337c       0x50 Drivers\STM32F1xx_HAL_Driver\Src\stm32f1xx_hal_uart.o
 .text.HAL_UART_Init
                0x080033cc       0x5c Drivers\STM32F1xx_HAL_Driver\Src\stm32f1xx_hal_uart.o
                0x080033cc                HAL_UART_Init
 .text.HAL_UART_Transmit
                0x08003428       0xb8 Drivers\STM32F1xx_HAL_Driver\Src\stm32f1xx_hal_uart.o
                0x08003428                HAL_UART_Transmit
 .text.HAL_UART_Receive_IT
                0x080034e0       0x4e Drivers\STM32F1xx_HAL_Driver\Src\stm32f1xx_hal_uart.o
                0x080034e0                HAL_UART_Receive_IT
 *fill*         0x0800352e        0x2 
 .text.HAL_UART_Transmit_DMA
                0x08003530       0x74 Drivers\STM32F1xx_HAL_Driver\Src\stm32f1xx_hal_uart.o
                0x08003530                HAL_UART_Transmit_DMA
 .text.HAL_UART_TxCpltCallback
                0x080035a4        0x2 Drivers\STM32F1xx_HAL_Driver\Src\stm32f1xx_hal_uart.o
                0x080035a4                HAL_UART_TxCpltCallback
 .text.UART_DMATransmitCplt
                0x080035a6       0x2c Drivers\STM32F1xx_HAL_Driver\Src\stm32f1xx_hal_uart.o
 .text.HAL_UART_TxHalfCpltCallback
                0x080035d2        0x2 Drivers\STM32F1xx_HAL_Driver\Src\stm32f1xx_hal_uart.o
                0x080035d2                HAL_UART_TxHalfCpltCallback
 .text.UART_DMATxHalfCplt
                0x080035d4        0xa Drivers\STM32F1xx_HAL_Driver\Src\stm32f1xx_hal_uart.o
 .text.UART_Receive_IT
                0x080035de       0x7c Drivers\STM32F1xx_HAL_Driver\Src\stm32f1xx_hal_uart.o
 .text.HAL_UART_ErrorCallback
                0x0800365a        0x2 Drivers\STM32F1xx_HAL_Driver\Src\stm32f1xx_hal_uart.o
                0x0800365a                HAL_UART_ErrorCallback
 .text.UART_DMAError
                0x0800365c       0x4e Drivers\STM32F1xx_HAL_Driver\Src\stm32f1xx_hal_uart.o
 *fill*         0x080036aa        0x2 
 .text.HAL_UART_IRQHandler
                0x080036ac      0x140 Drivers\STM32F1xx_HAL_Driver\Src\stm32f1xx_hal_uart.o
                0x080036ac                HAL_UART_IRQHandler
 .text.UART_DMAAbortOnError
                0x080037ec       0x10 Drivers\STM32F1xx_HAL_Driver\Src\stm32f1xx_hal_uart.o
 .text.osKernelStart
                0x080037fc        0xa Middlewares\Third_Party\FreeRTOS\Source\CMSIS_RTOS\cmsis_os.o
                0x080037fc                osKernelStart
 .text.osSystickHandler
                0x08003806       0x14 Middlewares\Third_Party\FreeRTOS\Source\CMSIS_RTOS\cmsis_os.o
                0x08003806                osSystickHandler
 .text.vListInitialise
                0x0800381a       0x16 Middlewares\Third_Party\FreeRTOS\Source\list.o
                0x0800381a                vListInitialise
 .text.vListInitialiseItem
                0x08003830        0x6 Middlewares\Third_Party\FreeRTOS\Source\list.o
                0x08003830                vListInitialiseItem
 .text.vListInsertEnd
                0x08003836       0x18 Middlewares\Third_Party\FreeRTOS\Source\list.o
                0x08003836                vListInsertEnd
 .text.vListInsert
                0x0800384e       0x2e Middlewares\Third_Party\FreeRTOS\Source\list.o
                0x0800384e                vListInsert
 .text.uxListRemove
                0x0800387c       0x20 Middlewares\Third_Party\FreeRTOS\Source\list.o
                0x0800387c                uxListRemove
 .text.prvTaskExitError
                0x0800389c       0x30 Middlewares\Third_Party\FreeRTOS\Source\portable\GCC\ARM_CM3\port.o
 .text.prvPortStartFirstTask
                0x080038cc       0x20 Middlewares\Third_Party\FreeRTOS\Source\portable\GCC\ARM_CM3\port.o
 .text.pxPortInitialiseStack
                0x080038ec       0x24 Middlewares\Third_Party\FreeRTOS\Source\portable\GCC\ARM_CM3\port.o
                0x080038ec                pxPortInitialiseStack
 .text.SVC_Handler
                0x08003910       0x24 Middlewares\Third_Party\FreeRTOS\Source\portable\GCC\ARM_CM3\port.o
                0x08003910                SVC_Handler
 .text.vPortEnterCritical
                0x08003934       0x44 Middlewares\Third_Party\FreeRTOS\Source\portable\GCC\ARM_CM3\port.o
                0x08003934                vPortEnterCritical
 .text.vPortExitCritical
                0x08003978       0x28 Middlewares\Third_Party\FreeRTOS\Source\portable\GCC\ARM_CM3\port.o
                0x08003978                vPortExitCritical
 .text.PendSV_Handler
                0x080039a0       0x44 Middlewares\Third_Party\FreeRTOS\Source\portable\GCC\ARM_CM3\port.o
                0x080039a0                PendSV_Handler
 .text.xPortSysTickHandler
                0x080039e4       0x2c Middlewares\Third_Party\FreeRTOS\Source\portable\GCC\ARM_CM3\port.o
                0x080039e4                xPortSysTickHandler
 .text.vPortSetupTimerInterrupt
                0x08003a10       0x28 Middlewares\Third_Party\FreeRTOS\Source\portable\GCC\ARM_CM3\port.o
                0x08003a10                vPortSetupTimerInterrupt
 .text.xPortStartScheduler
                0x08003a38       0x94 Middlewares\Third_Party\FreeRTOS\Source\portable\GCC\ARM_CM3\port.o
                0x08003a38                xPortStartScheduler
 .text.vPortValidateInterruptPriority
                0x08003acc       0x5c Middlewares\Third_Party\FreeRTOS\Source\portable\GCC\ARM_CM3\port.o
                0x08003acc                vPortValidateInterruptPriority
 .text.unlikely.prvInsertBlockIntoFreeList
                0x08003b28       0x48 Middlewares\Third_Party\FreeRTOS\Source\portable\MemMang\heap_4.o
 .text.pvPortMalloc
                0x08003b70      0x11c Middlewares\Third_Party\FreeRTOS\Source\portable\MemMang\heap_4.o
                0x08003b70                pvPortMalloc
 .text.vPortFree
                0x08003c8c       0x70 Middlewares\Third_Party\FreeRTOS\Source\portable\MemMang\heap_4.o
                0x08003c8c                vPortFree
 .text.unlikely.prvCopyDataToQueue
                0x08003cfc       0x66 Middlewares\Third_Party\FreeRTOS\Source\queue.o
 .text.unlikely.prvCopyDataFromQueue
                0x08003d62       0x28 Middlewares\Third_Party\FreeRTOS\Source\queue.o
 .text.prvUnlockQueue
                0x08003d8a       0x70 Middlewares\Third_Party\FreeRTOS\Source\queue.o
 *fill*         0x08003dfa        0x2 
 .text.xQueueGenericReset
                0x08003dfc       0x80 Middlewares\Third_Party\FreeRTOS\Source\queue.o
                0x08003dfc                xQueueGenericReset
 .text.xQueueGenericCreate
                0x08003e7c       0x42 Middlewares\Third_Party\FreeRTOS\Source\queue.o
                0x08003e7c                xQueueGenericCreate
 *fill*         0x08003ebe        0x2 
 .text.xQueueGenericSend
                0x08003ec0      0x16c Middlewares\Third_Party\FreeRTOS\Source\queue.o
                0x08003ec0                xQueueGenericSend
 .text.xQueueGenericSendFromISR
                0x0800402c       0xc4 Middlewares\Third_Party\FreeRTOS\Source\queue.o
                0x0800402c                xQueueGenericSendFromISR
 .text.xQueueGenericReceive
                0x080040f0      0x188 Middlewares\Third_Party\FreeRTOS\Source\queue.o
                0x080040f0                xQueueGenericReceive
 .text.prvResetNextTaskUnblockTime
                0x08004278       0x24 Middlewares\Third_Party\FreeRTOS\Source\tasks.o
 .text.prvAddCurrentTaskToDelayedList
                0x0800429c       0x8c Middlewares\Third_Party\FreeRTOS\Source\tasks.o
 .text.vTaskSetTimeOutState.part.5
                0x08004328       0x12 Middlewares\Third_Party\FreeRTOS\Source\tasks.o
 *fill*         0x0800433a        0x2 
 .text.xTaskCreate
                0x0800433c      0x1a0 Middlewares\Third_Party\FreeRTOS\Source\tasks.o
                0x0800433c                xTaskCreate
 .text.vTaskStartScheduler
                0x080044dc       0x78 Middlewares\Third_Party\FreeRTOS\Source\tasks.o
                0x080044dc                vTaskStartScheduler
 .text.vTaskSuspendAll
                0x08004554       0x10 Middlewares\Third_Party\FreeRTOS\Source\tasks.o
                0x08004554                vTaskSuspendAll
 .text.xTaskGetTickCount
                0x08004564        0xc Middlewares\Third_Party\FreeRTOS\Source\tasks.o
                0x08004564                xTaskGetTickCount
 .text.xTaskIncrementTick
                0x08004570      0x124 Middlewares\Third_Party\FreeRTOS\Source\tasks.o
                0x08004570                xTaskIncrementTick
 .text.xTaskResumeAll
                0x08004694       0xf0 Middlewares\Third_Party\FreeRTOS\Source\tasks.o
                0x08004694                xTaskResumeAll
 .text.vTaskDelay
                0x08004784       0x48 Middlewares\Third_Party\FreeRTOS\Source\tasks.o
                0x08004784                vTaskDelay
 .text.prvIdleTask
                0x080047cc       0x74 Middlewares\Third_Party\FreeRTOS\Source\tasks.o
 .text.vTaskSwitchContext
                0x08004840       0x74 Middlewares\Third_Party\FreeRTOS\Source\tasks.o
                0x08004840                vTaskSwitchContext
 .text.vTaskPlaceOnEventList
                0x080048b4       0x34 Middlewares\Third_Party\FreeRTOS\Source\tasks.o
                0x080048b4                vTaskPlaceOnEventList
 .text.xTaskRemoveFromEventList
                0x080048e8       0x84 Middlewares\Third_Party\FreeRTOS\Source\tasks.o
                0x080048e8                xTaskRemoveFromEventList
 .text.vTaskSetTimeOutState
                0x0800496c       0x20 Middlewares\Third_Party\FreeRTOS\Source\tasks.o
                0x0800496c                vTaskSetTimeOutState
 .text.xTaskCheckForTimeOut
                0x0800498c       0x74 Middlewares\Third_Party\FreeRTOS\Source\tasks.o
                0x0800498c                xTaskCheckForTimeOut
 .text.vTaskMissedYield
                0x08004a00        0xc Middlewares\Third_Party\FreeRTOS\Source\tasks.o
                0x08004a00                vTaskMissedYield
 .text.xTaskGetSchedulerState
                0x08004a0c       0x20 Middlewares\Third_Party\FreeRTOS\Source\tasks.o
                0x08004a0c                xTaskGetSchedulerState
 .text.vTaskPriorityInherit
                0x08004a2c       0x90 Middlewares\Third_Party\FreeRTOS\Source\tasks.o
                0x08004a2c                vTaskPriorityInherit
 .text.xTaskPriorityDisinherit
                0x08004abc       0xa0 Middlewares\Third_Party\FreeRTOS\Source\tasks.o
                0x08004abc                xTaskPriorityDisinherit
 .text.pvTaskIncrementMutexHeldCount
                0x08004b5c       0x18 Middlewares\Third_Party\FreeRTOS\Source\tasks.o
                0x08004b5c                pvTaskIncrementMutexHeldCount
 .text.fir_filter
                0x08004b74       0x4c Src\adcStorage.o
                0x08004b74                fir_filter
 .text.xStoreADCDataTask
                0x08004bc0      0x1dc Src\adcStorage.o
                0x08004bc0                xStoreADCDataTask
 .text.xAnalyzeTask
                0x08004d9c      0x4bc Src\analyze.o
                0x08004d9c                xAnalyzeTask
 .text.xBlynkTask
                0x08005258       0x58 Src\controllerInit.o
                0x08005258                xBlynkTask
 .text.controller_init
                0x080052b0      0x130 Src\controllerInit.o
                0x080052b0                controller_init
 .text.print_debug
                0x080053e0        0x2 Src\controllerUtils.o
                0x080053e0                print_debug
 *fill*         0x080053e2        0x2 
 .text.init_rf433
                0x080053e4       0xa8 Src\controllerUtils.o
                0x080053e4                init_rf433
 .text.mWrite_flash
                0x0800548c       0x74 Src\flashFunctions.o
                0x0800548c                mWrite_flash
 .text.mRead_flash
                0x08005500       0x40 Src\flashFunctions.o
                0x08005500                mRead_flash
 .text.SystemClock_Config
                0x08005540       0x78 Src\main.o
                0x08005540                SystemClock_Config
 .text.startup.main
                0x080055b8      0x234 Src\main.o
                0x080055b8                main
 .text.HAL_UART_RxCpltCallback
                0x080057ec       0x70 Src\main.o
                0x080057ec                HAL_UART_RxCpltCallback
 .text.HAL_ADCEx_InjectedConvCpltCallback
                0x0800585c       0x34 Src\main.o
                0x0800585c                HAL_ADCEx_InjectedConvCpltCallback
 .text.Error_Handler
                0x08005890        0x2 Src\main.o
                0x08005890                Error_Handler
 *fill*         0x08005892        0x2 
 .text.xProcessCommandTask
                0x08005894      0x370 Src\processCommand.o
                0x08005894                xProcessCommandTask
 .text.xScanInputTask
                0x08005c04       0x88 Src\scanInput.o
                0x08005c04                xScanInputTask
 .text.HAL_MspInit
                0x08005c8c       0x50 Src\stm32f1xx_hal_msp.o
                0x08005c8c                HAL_MspInit
 .text.HAL_ADC_MspInit
                0x08005cdc       0x6c Src\stm32f1xx_hal_msp.o
                0x08005cdc                HAL_ADC_MspInit
 .text.HAL_TIM_Base_MspInit
                0x08005d48       0x3c Src\stm32f1xx_hal_msp.o
                0x08005d48                HAL_TIM_Base_MspInit
 .text.HAL_TIM_MspPostInit
                0x08005d84       0x74 Src\stm32f1xx_hal_msp.o
                0x08005d84                HAL_TIM_MspPostInit
 .text.HAL_UART_MspInit
                0x08005df8       0xb8 Src\stm32f1xx_hal_msp.o
                0x08005df8                HAL_UART_MspInit
 .text.NMI_Handler
                0x08005eb0        0x2 Src\stm32f1xx_it.o
                0x08005eb0                NMI_Handler
 .text.HardFault_Handler
                0x08005eb2        0x2 Src\stm32f1xx_it.o
                0x08005eb2                HardFault_Handler
 .text.MemManage_Handler
                0x08005eb4        0x2 Src\stm32f1xx_it.o
                0x08005eb4                MemManage_Handler
 .text.BusFault_Handler
                0x08005eb6        0x2 Src\stm32f1xx_it.o
                0x08005eb6                BusFault_Handler
 .text.UsageFault_Handler
                0x08005eb8        0x2 Src\stm32f1xx_it.o
                0x08005eb8                UsageFault_Handler
 .text.DebugMon_Handler
                0x08005eba        0x2 Src\stm32f1xx_it.o
                0x08005eba                DebugMon_Handler
 .text.SysTick_Handler
                0x08005ebc        0xe Src\stm32f1xx_it.o
                0x08005ebc                SysTick_Handler
 *fill*         0x08005eca        0x2 
 .text.DMA1_Channel4_IRQHandler
                0x08005ecc        0xc Src\stm32f1xx_it.o
                0x08005ecc                DMA1_Channel4_IRQHandler
 .text.ADC1_2_IRQHandler
                0x08005ed8        0xc Src\stm32f1xx_it.o
                0x08005ed8                ADC1_2_IRQHandler
 .text.TIM3_IRQHandler
                0x08005ee4        0xc Src\stm32f1xx_it.o
                0x08005ee4                TIM3_IRQHandler
 .text.USART1_IRQHandler
                0x08005ef0        0xc Src\stm32f1xx_it.o
                0x08005ef0                USART1_IRQHandler
 .text._sbrk    0x08005efc       0x34 Src\syscalls.o
                0x08005efc                _sbrk
 .text.SystemInit
                0x08005f30       0x58 Src\system_stm32f1xx.o
                0x08005f30                SystemInit
 .text.Reset_Handler
                0x08005f88       0x44 startup\startup_stm32f105xc.o
                0x08005f88                Reset_Handler
 .text.Default_Handler
                0x08005fcc        0x2 startup\startup_stm32f105xc.o
                0x08005fcc                RTC_Alarm_IRQHandler
                0x08005fcc                EXTI2_IRQHandler
                0x08005fcc                TIM1_CC_IRQHandler
                0x08005fcc                TIM6_IRQHandler
                0x08005fcc                PVD_IRQHandler
                0x08005fcc                CAN2_RX1_IRQHandler
                0x08005fcc                EXTI3_IRQHandler
                0x08005fcc                EXTI0_IRQHandler
                0x08005fcc                I2C2_EV_IRQHandler
                0x08005fcc                CAN1_RX0_IRQHandler
                0x08005fcc                CAN2_SCE_IRQHandler
                0x08005fcc                SPI1_IRQHandler
                0x08005fcc                TAMPER_IRQHandler
                0x08005fcc                CAN2_RX0_IRQHandler
                0x08005fcc                DMA2_Channel2_IRQHandler
                0x08005fcc                USART3_IRQHandler
                0x08005fcc                RTC_IRQHandler
                0x08005fcc                DMA1_Channel7_IRQHandler
                0x08005fcc                CAN1_RX1_IRQHandler
                0x08005fcc                UART5_IRQHandler
                0x08005fcc                TIM4_IRQHandler
                0x08005fcc                DMA2_Channel1_IRQHandler
                0x08005fcc                I2C1_EV_IRQHandler
                0x08005fcc                DMA1_Channel6_IRQHandler
                0x08005fcc                UART4_IRQHandler
                0x08005fcc                DMA2_Channel4_IRQHandler
                0x08005fcc                RCC_IRQHandler
                0x08005fcc                TIM1_TRG_COM_IRQHandler
                0x08005fcc                DMA1_Channel1_IRQHandler
                0x08005fcc                Default_Handler
                0x08005fcc                EXTI15_10_IRQHandler
                0x08005fcc                TIM7_IRQHandler
                0x08005fcc                CAN2_TX_IRQHandler
                0x08005fcc                TIM5_IRQHandler
                0x08005fcc                EXTI9_5_IRQHandler
                0x08005fcc                SPI2_IRQHandler
                0x08005fcc                CAN1_TX_IRQHandler
                0x08005fcc                DMA2_Channel5_IRQHandler
                0x08005fcc                DMA1_Channel5_IRQHandler
                0x08005fcc                EXTI4_IRQHandler
                0x08005fcc                DMA1_Channel3_IRQHandler
                0x08005fcc                TIM1_UP_IRQHandler
                0x08005fcc                WWDG_IRQHandler
                0x08005fcc                TIM2_IRQHandler
                0x08005fcc                OTG_FS_WKUP_IRQHandler
                0x08005fcc                TIM1_BRK_IRQHandler
                0x08005fcc                EXTI1_IRQHandler
                0x08005fcc                USART2_IRQHandler
                0x08005fcc                I2C2_ER_IRQHandler
                0x08005fcc                DMA1_Channel2_IRQHandler
                0x08005fcc                CAN1_SCE_IRQHandler
                0x08005fcc                FLASH_IRQHandler
                0x08005fcc                OTG_FS_IRQHandler
                0x08005fcc                SPI3_IRQHandler
                0x08005fcc                I2C1_ER_IRQHandler
                0x08005fcc                DMA2_Channel3_IRQHandler
 *fill*         0x08005fce        0x2 
 .text.__errno  0x08005fd0        0xc c:/program files (x86)/atollic/truestudio for stm32 9.1.0/armtools/bin/../lib/gcc/arm-atollic-eabi/6.3.1/../../../../arm-atollic-eabi/lib/armv7-m\libc_nano.a(lib_a-errno.o)
                0x08005fd0                __errno
 .text.memcpy   0x08005fdc       0x16 c:/program files (x86)/atollic/truestudio for stm32 9.1.0/armtools/bin/../lib/gcc/arm-atollic-eabi/6.3.1/../../../../arm-atollic-eabi/lib/armv7-m\libc_nano.a(lib_a-memcpy-stub.o)
                0x08005fdc                memcpy
 .text.memset   0x08005ff2       0x10 c:/program files (x86)/atollic/truestudio for stm32 9.1.0/armtools/bin/../lib/gcc/arm-atollic-eabi/6.3.1/../../../../arm-atollic-eabi/lib/armv7-m\libc_nano.a(lib_a-memset.o)
                0x08005ff2                memset
 .text.__cvt    0x08006002       0xb8 c:/program files (x86)/atollic/truestudio for stm32 9.1.0/armtools/bin/../lib/gcc/arm-atollic-eabi/6.3.1/../../../../arm-atollic-eabi/lib/armv7-m\libc_nano.a(lib_a-nano-vfprintf_float.o)
                0x08006002                __cvt
 .text.__exponent
                0x080060ba       0x6a c:/program files (x86)/atollic/truestudio for stm32 9.1.0/armtools/bin/../lib/gcc/arm-atollic-eabi/6.3.1/../../../../arm-atollic-eabi/lib/armv7-m\libc_nano.a(lib_a-nano-vfprintf_float.o)
                0x080060ba                __exponent
 .text._printf_float
                0x08006124      0x470 c:/program files (x86)/atollic/truestudio for stm32 9.1.0/armtools/bin/../lib/gcc/arm-atollic-eabi/6.3.1/../../../../arm-atollic-eabi/lib/armv7-m\libc_nano.a(lib_a-nano-vfprintf_float.o)
                0x08006124                _printf_float
 .text._printf_common
                0x08006594       0xee c:/program files (x86)/atollic/truestudio for stm32 9.1.0/armtools/bin/../lib/gcc/arm-atollic-eabi/6.3.1/../../../../arm-atollic-eabi/lib/armv7-m\libc_nano.a(lib_a-nano-vfprintf_i.o)
                0x08006594                _printf_common
 *fill*         0x08006682        0x2 
 .text._printf_i
                0x08006684      0x240 c:/program files (x86)/atollic/truestudio for stm32 9.1.0/armtools/bin/../lib/gcc/arm-atollic-eabi/6.3.1/../../../../arm-atollic-eabi/lib/armv7-m\libc_nano.a(lib_a-nano-vfprintf_i.o)
                0x08006684                _printf_i
 .text.sprintf  0x080068c4       0x48 c:/program files (x86)/atollic/truestudio for stm32 9.1.0/armtools/bin/../lib/gcc/arm-atollic-eabi/6.3.1/../../../../arm-atollic-eabi/lib/armv7-m\libc_nano.a(lib_a-sprintf.o)
                0x080068c4                siprintf
                0x080068c4                sprintf
 .text.sscanf   0x0800690c       0x54 c:/program files (x86)/atollic/truestudio for stm32 9.1.0/armtools/bin/../lib/gcc/arm-atollic-eabi/6.3.1/../../../../arm-atollic-eabi/lib/armv7-m\libc_nano.a(lib_a-sscanf.o)
                0x0800690c                siscanf
                0x0800690c                sscanf
 .text.__seofread
                0x08006960        0x4 c:/program files (x86)/atollic/truestudio for stm32 9.1.0/armtools/bin/../lib/gcc/arm-atollic-eabi/6.3.1/../../../../arm-atollic-eabi/lib/armv7-m\libc_nano.a(lib_a-stdio.o)
                0x08006960                __seofread
 .text.quorem   0x08006964      0x118 c:/program files (x86)/atollic/truestudio for stm32 9.1.0/armtools/bin/../lib/gcc/arm-atollic-eabi/6.3.1/../../../../arm-atollic-eabi/lib/armv7-m\libc_nano.a(lib_a-dtoa.o)
 *fill*         0x08006a7c        0x4 
 .text._dtoa_r  0x08006a80      0xba8 c:/program files (x86)/atollic/truestudio for stm32 9.1.0/armtools/bin/../lib/gcc/arm-atollic-eabi/6.3.1/../../../../arm-atollic-eabi/lib/armv7-m\libc_nano.a(lib_a-dtoa.o)
                0x08006a80                _dtoa_r
 .text._localeconv_r
                0x08007628       0x1c c:/program files (x86)/atollic/truestudio for stm32 9.1.0/armtools/bin/../lib/gcc/arm-atollic-eabi/6.3.1/../../../../arm-atollic-eabi/lib/armv7-m\libc_nano.a(lib_a-localeconv.o)
                0x08007628                _localeconv_r
 .text.malloc   0x08007644       0x10 c:/program files (x86)/atollic/truestudio for stm32 9.1.0/armtools/bin/../lib/gcc/arm-atollic-eabi/6.3.1/../../../../arm-atollic-eabi/lib/armv7-m\libc_nano.a(lib_a-malloc.o)
                0x08007644                malloc
 .text.memchr   0x08007654       0x1c c:/program files (x86)/atollic/truestudio for stm32 9.1.0/armtools/bin/../lib/gcc/arm-atollic-eabi/6.3.1/../../../../arm-atollic-eabi/lib/armv7-m\libc_nano.a(lib_a-memchr-stub.o)
                0x08007654                memchr
 .text._Balloc  0x08007670       0x68 c:/program files (x86)/atollic/truestudio for stm32 9.1.0/armtools/bin/../lib/gcc/arm-atollic-eabi/6.3.1/../../../../arm-atollic-eabi/lib/armv7-m\libc_nano.a(lib_a-mprec.o)
                0x08007670                _Balloc
 .text._Bfree   0x080076d8       0x2e c:/program files (x86)/atollic/truestudio for stm32 9.1.0/armtools/bin/../lib/gcc/arm-atollic-eabi/6.3.1/../../../../arm-atollic-eabi/lib/armv7-m\libc_nano.a(lib_a-mprec.o)
                0x080076d8                _Bfree
 .text.__multadd
                0x08007706       0x76 c:/program files (x86)/atollic/truestudio for stm32 9.1.0/armtools/bin/../lib/gcc/arm-atollic-eabi/6.3.1/../../../../arm-atollic-eabi/lib/armv7-m\libc_nano.a(lib_a-mprec.o)
                0x08007706                __multadd
 .text.__hi0bits
                0x0800777c       0x3e c:/program files (x86)/atollic/truestudio for stm32 9.1.0/armtools/bin/../lib/gcc/arm-atollic-eabi/6.3.1/../../../../arm-atollic-eabi/lib/armv7-m\libc_nano.a(lib_a-mprec.o)
                0x0800777c                __hi0bits
 .text.__lo0bits
                0x080077ba       0x5e c:/program files (x86)/atollic/truestudio for stm32 9.1.0/armtools/bin/../lib/gcc/arm-atollic-eabi/6.3.1/../../../../arm-atollic-eabi/lib/armv7-m\libc_nano.a(lib_a-mprec.o)
                0x080077ba                __lo0bits
 .text.__i2b    0x08007818       0x12 c:/program files (x86)/atollic/truestudio for stm32 9.1.0/armtools/bin/../lib/gcc/arm-atollic-eabi/6.3.1/../../../../arm-atollic-eabi/lib/armv7-m\libc_nano.a(lib_a-mprec.o)
                0x08007818                __i2b
 .text.__multiply
                0x0800782a      0x118 c:/program files (x86)/atollic/truestudio for stm32 9.1.0/armtools/bin/../lib/gcc/arm-atollic-eabi/6.3.1/../../../../arm-atollic-eabi/lib/armv7-m\libc_nano.a(lib_a-mprec.o)
                0x0800782a                __multiply
 *fill*         0x08007942        0x2 
 .text.__pow5mult
                0x08007944       0x9c c:/program files (x86)/atollic/truestudio for stm32 9.1.0/armtools/bin/../lib/gcc/arm-atollic-eabi/6.3.1/../../../../arm-atollic-eabi/lib/armv7-m\libc_nano.a(lib_a-mprec.o)
                0x08007944                __pow5mult
 .text.__lshift
                0x080079e0       0xa2 c:/program files (x86)/atollic/truestudio for stm32 9.1.0/armtools/bin/../lib/gcc/arm-atollic-eabi/6.3.1/../../../../arm-atollic-eabi/lib/armv7-m\libc_nano.a(lib_a-mprec.o)
                0x080079e0                __lshift
 .text.__mcmp   0x08007a82       0x34 c:/program files (x86)/atollic/truestudio for stm32 9.1.0/armtools/bin/../lib/gcc/arm-atollic-eabi/6.3.1/../../../../arm-atollic-eabi/lib/armv7-m\libc_nano.a(lib_a-mprec.o)
                0x08007a82                __mcmp
 .text.__mdiff  0x08007ab6       0xbe c:/program files (x86)/atollic/truestudio for stm32 9.1.0/armtools/bin/../lib/gcc/arm-atollic-eabi/6.3.1/../../../../arm-atollic-eabi/lib/armv7-m\libc_nano.a(lib_a-mprec.o)
                0x08007ab6                __mdiff
 .text.__d2b    0x08007b74       0x9e c:/program files (x86)/atollic/truestudio for stm32 9.1.0/armtools/bin/../lib/gcc/arm-atollic-eabi/6.3.1/../../../../arm-atollic-eabi/lib/armv7-m\libc_nano.a(lib_a-mprec.o)
                0x08007b74                __d2b
 .text._calloc_r
                0x08007c12       0x1c c:/program files (x86)/atollic/truestudio for stm32 9.1.0/armtools/bin/../lib/gcc/arm-atollic-eabi/6.3.1/../../../../arm-atollic-eabi/lib/armv7-m\libc_nano.a(lib_a-nano-callocr.o)
                0x08007c12                _calloc_r
 *fill*         0x08007c2e        0x2 
 .text._free_r  0x08007c30       0x98 c:/program files (x86)/atollic/truestudio for stm32 9.1.0/armtools/bin/../lib/gcc/arm-atollic-eabi/6.3.1/../../../../arm-atollic-eabi/lib/armv7-m\libc_nano.a(lib_a-nano-freer.o)
                0x08007c30                _free_r
 .text._malloc_r
                0x08007cc8       0xbc c:/program files (x86)/atollic/truestudio for stm32 9.1.0/armtools/bin/../lib/gcc/arm-atollic-eabi/6.3.1/../../../../arm-atollic-eabi/lib/armv7-m\libc_nano.a(lib_a-nano-mallocr.o)
                0x08007cc8                _malloc_r
 .text.__ssputs_r
                0x08007d84       0xb6 c:/program files (x86)/atollic/truestudio for stm32 9.1.0/armtools/bin/../lib/gcc/arm-atollic-eabi/6.3.1/../../../../arm-atollic-eabi/lib/armv7-m\libc_nano.a(lib_a-nano-svfprintf.o)
                0x08007d84                __ssputs_r
 *fill*         0x08007e3a        0x2 
 .text._svfprintf_r
                0x08007e3c      0x1e8 c:/program files (x86)/atollic/truestudio for stm32 9.1.0/armtools/bin/../lib/gcc/arm-atollic-eabi/6.3.1/../../../../arm-atollic-eabi/lib/armv7-m\libc_nano.a(lib_a-nano-svfprintf.o)
                0x08007e3c                _svfiprintf_r
                0x08007e3c                _svfprintf_r
 .text._sungetc_r
                0x08008024       0x7a c:/program files (x86)/atollic/truestudio for stm32 9.1.0/armtools/bin/../lib/gcc/arm-atollic-eabi/6.3.1/../../../../arm-atollic-eabi/lib/armv7-m\libc_nano.a(lib_a-nano-svfscanf.o)
                0x08008024                _sungetc_r
 .text.__ssrefill_r
                0x0800809e       0x3a c:/program files (x86)/atollic/truestudio for stm32 9.1.0/armtools/bin/../lib/gcc/arm-atollic-eabi/6.3.1/../../../../arm-atollic-eabi/lib/armv7-m\libc_nano.a(lib_a-nano-svfscanf.o)
                0x0800809e                __ssrefill_r
 .text.__ssvfscanf_r
                0x080080d8      0x2a8 c:/program files (x86)/atollic/truestudio for stm32 9.1.0/armtools/bin/../lib/gcc/arm-atollic-eabi/6.3.1/../../../../arm-atollic-eabi/lib/armv7-m\libc_nano.a(lib_a-nano-svfscanf.o)
                0x080080d8                __ssvfiscanf_r
                0x080080d8                __ssvfscanf_r
 .text._scanf_chars
                0x08008380       0xc6 c:/program files (x86)/atollic/truestudio for stm32 9.1.0/armtools/bin/../lib/gcc/arm-atollic-eabi/6.3.1/../../../../arm-atollic-eabi/lib/armv7-m\libc_nano.a(lib_a-nano-vfscanf_i.o)
                0x08008380                _scanf_chars
 *fill*         0x08008446        0x2 
 .text._scanf_i
                0x08008448      0x1ec c:/program files (x86)/atollic/truestudio for stm32 9.1.0/armtools/bin/../lib/gcc/arm-atollic-eabi/6.3.1/../../../../arm-atollic-eabi/lib/armv7-m\libc_nano.a(lib_a-nano-vfscanf_i.o)
                0x08008448                _scanf_i
 .text._sbrk_r  0x08008634       0x20 c:/program files (x86)/atollic/truestudio for stm32 9.1.0/armtools/bin/../lib/gcc/arm-atollic-eabi/6.3.1/../../../../arm-atollic-eabi/lib/armv7-m\libc_nano.a(lib_a-sbrkr.o)
                0x08008634                _sbrk_r
 .text.__sccl   0x08008654       0x5e c:/program files (x86)/atollic/truestudio for stm32 9.1.0/armtools/bin/../lib/gcc/arm-atollic-eabi/6.3.1/../../../../arm-atollic-eabi/lib/armv7-m\libc_nano.a(lib_a-sccl.o)
                0x08008654                __sccl
 .text._strtol_l.isra.0
                0x080086b2      0x100 c:/program files (x86)/atollic/truestudio for stm32 9.1.0/armtools/bin/../lib/gcc/arm-atollic-eabi/6.3.1/../../../../arm-atollic-eabi/lib/armv7-m\libc_nano.a(lib_a-strtol.o)
 *fill*         0x080087b2        0x2 
 .text._strtol_r
                0x080087b4       0x24 c:/program files (x86)/atollic/truestudio for stm32 9.1.0/armtools/bin/../lib/gcc/arm-atollic-eabi/6.3.1/../../../../arm-atollic-eabi/lib/armv7-m\libc_nano.a(lib_a-strtol.o)
                0x080087b4                _strtol_r
 .text._strtoul_l.isra.0
                0x080087d8       0xfa c:/program files (x86)/atollic/truestudio for stm32 9.1.0/armtools/bin/../lib/gcc/arm-atollic-eabi/6.3.1/../../../../arm-atollic-eabi/lib/armv7-m\libc_nano.a(lib_a-strtoul.o)
 *fill*         0x080088d2        0x2 
 .text._strtoul_r
                0x080088d4       0x24 c:/program files (x86)/atollic/truestudio for stm32 9.1.0/armtools/bin/../lib/gcc/arm-atollic-eabi/6.3.1/../../../../arm-atollic-eabi/lib/armv7-m\libc_nano.a(lib_a-strtoul.o)
                0x080088d4                _strtoul_r
 .text.__submore
                0x080088f8       0x72 c:/program files (x86)/atollic/truestudio for stm32 9.1.0/armtools/bin/../lib/gcc/arm-atollic-eabi/6.3.1/../../../../arm-atollic-eabi/lib/armv7-m\libc_nano.a(lib_a-ungetc.o)
                0x080088f8                __submore
 .text.__locale_ctype_ptr_l
                0x0800896a        0x6 c:/program files (x86)/atollic/truestudio for stm32 9.1.0/armtools/bin/../lib/gcc/arm-atollic-eabi/6.3.1/../../../../arm-atollic-eabi/lib/armv7-m\libc_nano.a(lib_a-locale.o)
                0x0800896a                __locale_ctype_ptr_l
 .text.__locale_ctype_ptr
                0x08008970       0x1c c:/program files (x86)/atollic/truestudio for stm32 9.1.0/armtools/bin/../lib/gcc/arm-atollic-eabi/6.3.1/../../../../arm-atollic-eabi/lib/armv7-m\libc_nano.a(lib_a-locale.o)
                0x08008970                __locale_ctype_ptr
 .text.__ascii_mbtowc
                0x0800898c       0x24 c:/program files (x86)/atollic/truestudio for stm32 9.1.0/armtools/bin/../lib/gcc/arm-atollic-eabi/6.3.1/../../../../arm-atollic-eabi/lib/armv7-m\libc_nano.a(lib_a-mbtowc_r.o)
                0x0800898c                __ascii_mbtowc
 .text.memmove  0x080089b0       0x34 c:/program files (x86)/atollic/truestudio for stm32 9.1.0/armtools/bin/../lib/gcc/arm-atollic-eabi/6.3.1/../../../../arm-atollic-eabi/lib/armv7-m\libc_nano.a(lib_a-memmove.o)
                0x080089b0                memmove
 .text.__malloc_lock
                0x080089e4        0x2 c:/program files (x86)/atollic/truestudio for stm32 9.1.0/armtools/bin/../lib/gcc/arm-atollic-eabi/6.3.1/../../../../arm-atollic-eabi/lib/armv7-m\libc_nano.a(lib_a-mlock.o)
                0x080089e4                __malloc_lock
 .text.__malloc_unlock
                0x080089e6        0x2 c:/program files (x86)/atollic/truestudio for stm32 9.1.0/armtools/bin/../lib/gcc/arm-atollic-eabi/6.3.1/../../../../arm-atollic-eabi/lib/armv7-m\libc_nano.a(lib_a-mlock.o)
                0x080089e6                __malloc_unlock
 .text._realloc_r
                0x080089e8       0x4c c:/program files (x86)/atollic/truestudio for stm32 9.1.0/armtools/bin/../lib/gcc/arm-atollic-eabi/6.3.1/../../../../arm-atollic-eabi/lib/armv7-m\libc_nano.a(lib_a-nano-reallocr.o)
                0x080089e8                _realloc_r
 .text.__ascii_wctomb
                0x08008a34       0x1a c:/program files (x86)/atollic/truestudio for stm32 9.1.0/armtools/bin/../lib/gcc/arm-atollic-eabi/6.3.1/../../../../arm-atollic-eabi/lib/armv7-m\libc_nano.a(lib_a-wctomb_r.o)
                0x08008a34                __ascii_wctomb
 .text._malloc_usable_size_r
                0x08008a4e       0x12 c:/program files (x86)/atollic/truestudio for stm32 9.1.0/armtools/bin/../lib/gcc/arm-atollic-eabi/6.3.1/../../../../arm-atollic-eabi/lib/armv7-m\libc_nano.a(lib_a-nano-msizer.o)
                0x08008a4e                _malloc_usable_size_r
 *(.glue_7)
 .glue_7        0x08008a60        0x0 linker stubs
 *(.glue_7t)
 .glue_7t       0x08008a60        0x0 linker stubs
 *(.eh_frame)
 .eh_frame      0x08008a60        0x0 c:/program files (x86)/atollic/truestudio for stm32 9.1.0/armtools/bin/../lib/gcc/arm-atollic-eabi/6.3.1/armv7-m/crtbegin.o
 *(.init)
 .init          0x08008a60        0x4 c:/program files (x86)/atollic/truestudio for stm32 9.1.0/armtools/bin/../lib/gcc/arm-atollic-eabi/6.3.1/armv7-m/crti.o
                0x08008a60                _init
 .init          0x08008a64        0x8 c:/program files (x86)/atollic/truestudio for stm32 9.1.0/armtools/bin/../lib/gcc/arm-atollic-eabi/6.3.1/armv7-m/crtn.o
 *(.fini)
 .fini          0x08008a6c        0x4 c:/program files (x86)/atollic/truestudio for stm32 9.1.0/armtools/bin/../lib/gcc/arm-atollic-eabi/6.3.1/armv7-m/crti.o
                0x08008a6c                _fini
 .fini          0x08008a70        0x8 c:/program files (x86)/atollic/truestudio for stm32 9.1.0/armtools/bin/../lib/gcc/arm-atollic-eabi/6.3.1/armv7-m/crtn.o
                0x08008a78                . = ALIGN (0x4)
                0x08008a78                _etext = .

.vfp11_veneer   0x08008a78        0x0
 .vfp11_veneer  0x08008a78        0x0 linker stubs

.v4_bx          0x08008a78        0x0
 .v4_bx         0x08008a78        0x0 linker stubs

.iplt           0x08008a78        0x0
 .iplt          0x08008a78        0x0 c:/program files (x86)/atollic/truestudio for stm32 9.1.0/armtools/bin/../lib/gcc/arm-atollic-eabi/6.3.1/armv7-m/crtbegin.o

.rodata         0x08008a78      0x47c
                0x08008a78                . = ALIGN (0x4)
 *(.rodata)
 .rodata        0x08008a78       0x1e Drivers\STM32F1xx_HAL_Driver\Src\stm32f1xx_hal_rcc.o
 *fill*         0x08008a96        0x2 
 .rodata        0x08008a98       0x28 Src\adcStorage.o
 .rodata        0x08008ac0       0x10 Src\analyze.o
 .rodata        0x08008ad0        0xc c:/program files (x86)/atollic/truestudio for stm32 9.1.0/armtools/bin/../lib/gcc/arm-atollic-eabi/6.3.1/../../../../arm-atollic-eabi/lib/armv7-m\libc_nano.a(lib_a-nano-vfscanf_i.o)
 *(.rodata*)
 .rodata.vTaskStartScheduler.str1.1
                0x08008adc        0x5 Middlewares\Third_Party\FreeRTOS\Source\tasks.o
 .rodata.controller_init.str1.1
                0x08008ae1       0x22 Src\controllerInit.o
 .rodata.init_rf433.str1.1
                0x08008b03       0x1d Src\controllerUtils.o
 .rodata.mRead_flash.str1.1
                0x08008b20       0x1b Src\flashFunctions.o
 .rodata.mWrite_flash.str1.1
                0x08008b3b       0x30 Src\flashFunctions.o
 .rodata.xProcessCommandTask.str1.1
                0x08008b6b       0x90 Src\processCommand.o
                                 0x9a (size before relaxing)
 .rodata.xScanInputTask.str1.1
                0x08008bfb        0x9 Src\scanInput.o
 .rodata.AHBPrescTable
                0x08008c04       0x10 Src\system_stm32f1xx.o
                0x08008c04                AHBPrescTable
 .rodata.APBPrescTable
                0x08008c14        0x8 Src\system_stm32f1xx.o
                0x08008c14                APBPrescTable
 .rodata._printf_float.str1.1
                0x08008c1c       0x10 c:/program files (x86)/atollic/truestudio for stm32 9.1.0/armtools/bin/../lib/gcc/arm-atollic-eabi/6.3.1/../../../../arm-atollic-eabi/lib/armv7-m\libc_nano.a(lib_a-nano-vfprintf_float.o)
                                 0x12 (size before relaxing)
 .rodata._printf_i.str1.1
                0x08008c2c       0x22 c:/program files (x86)/atollic/truestudio for stm32 9.1.0/armtools/bin/../lib/gcc/arm-atollic-eabi/6.3.1/../../../../arm-atollic-eabi/lib/armv7-m\libc_nano.a(lib_a-nano-vfprintf_i.o)
 .rodata._dtoa_r.str1.1
                0x08008c4e        0xd c:/program files (x86)/atollic/truestudio for stm32 9.1.0/armtools/bin/../lib/gcc/arm-atollic-eabi/6.3.1/../../../../arm-atollic-eabi/lib/armv7-m\libc_nano.a(lib_a-dtoa.o)
                                  0xf (size before relaxing)
 *fill*         0x08008c5b        0x5 
 .rodata.__mprec_bigtens
                0x08008c60       0x28 c:/program files (x86)/atollic/truestudio for stm32 9.1.0/armtools/bin/../lib/gcc/arm-atollic-eabi/6.3.1/../../../../arm-atollic-eabi/lib/armv7-m\libc_nano.a(lib_a-mprec.o)
                0x08008c60                __mprec_bigtens
 .rodata.__mprec_tens
                0x08008c88       0xc8 c:/program files (x86)/atollic/truestudio for stm32 9.1.0/armtools/bin/../lib/gcc/arm-atollic-eabi/6.3.1/../../../../arm-atollic-eabi/lib/armv7-m\libc_nano.a(lib_a-mprec.o)
                0x08008c88                __mprec_tens
 .rodata.p05.6052
                0x08008d50        0xc c:/program files (x86)/atollic/truestudio for stm32 9.1.0/armtools/bin/../lib/gcc/arm-atollic-eabi/6.3.1/../../../../arm-atollic-eabi/lib/armv7-m\libc_nano.a(lib_a-mprec.o)
 .rodata._svfprintf_r.str1.1
                0x08008d5c       0x11 c:/program files (x86)/atollic/truestudio for stm32 9.1.0/armtools/bin/../lib/gcc/arm-atollic-eabi/6.3.1/../../../../arm-atollic-eabi/lib/armv7-m\libc_nano.a(lib_a-nano-svfprintf.o)
 .rodata.__ssvfscanf_r.str1.1
                0x08008d6d        0x4 c:/program files (x86)/atollic/truestudio for stm32 9.1.0/armtools/bin/../lib/gcc/arm-atollic-eabi/6.3.1/../../../../arm-atollic-eabi/lib/armv7-m\libc_nano.a(lib_a-nano-svfscanf.o)
 .rodata._scanf_i.str1.1
                0x08008d6d       0x12 c:/program files (x86)/atollic/truestudio for stm32 9.1.0/armtools/bin/../lib/gcc/arm-atollic-eabi/6.3.1/../../../../arm-atollic-eabi/lib/armv7-m\libc_nano.a(lib_a-nano-vfscanf_i.o)
 .rodata.str1.1
                0x08008d7f        0x9 c:/program files (x86)/atollic/truestudio for stm32 9.1.0/armtools/bin/../lib/gcc/arm-atollic-eabi/6.3.1/../../../../arm-atollic-eabi/lib/armv7-m\libc_nano.a(lib_a-nano-vfscanf_i.o)
 .rodata.__sf_fake_stderr
                0x08008d88       0x20 c:/program files (x86)/atollic/truestudio for stm32 9.1.0/armtools/bin/../lib/gcc/arm-atollic-eabi/6.3.1/../../../../arm-atollic-eabi/lib/armv7-m\libc_nano.a(lib_a-findfp.o)
                0x08008d88                __sf_fake_stderr
 .rodata.__sf_fake_stdin
                0x08008da8       0x20 c:/program files (x86)/atollic/truestudio for stm32 9.1.0/armtools/bin/../lib/gcc/arm-atollic-eabi/6.3.1/../../../../arm-atollic-eabi/lib/armv7-m\libc_nano.a(lib_a-findfp.o)
                0x08008da8                __sf_fake_stdin
 .rodata.__sf_fake_stdout
                0x08008dc8       0x20 c:/program files (x86)/atollic/truestudio for stm32 9.1.0/armtools/bin/../lib/gcc/arm-atollic-eabi/6.3.1/../../../../arm-atollic-eabi/lib/armv7-m\libc_nano.a(lib_a-findfp.o)
                0x08008dc8                __sf_fake_stdout
 .rodata._setlocale_r.str1.1
                0x08008de8        0x8 c:/program files (x86)/atollic/truestudio for stm32 9.1.0/armtools/bin/../lib/gcc/arm-atollic-eabi/6.3.1/../../../../arm-atollic-eabi/lib/armv7-m\libc_nano.a(lib_a-locale.o)
                                  0x9 (size before relaxing)
 .rodata.str1.1
                0x08008df0        0x2 c:/program files (x86)/atollic/truestudio for stm32 9.1.0/armtools/bin/../lib/gcc/arm-atollic-eabi/6.3.1/../../../../arm-atollic-eabi/lib/armv7-m\libc_nano.a(lib_a-locale.o)
 .rodata._ctype_
                0x08008df2      0x101 c:/program files (x86)/atollic/truestudio for stm32 9.1.0/armtools/bin/../lib/gcc/arm-atollic-eabi/6.3.1/../../../../arm-atollic-eabi/lib/armv7-m\libc_nano.a(lib_a-ctype_.o)
                0x08008df2                _ctype_
                0x08008ef4                . = ALIGN (0x4)
 *fill*         0x08008ef3        0x1 

.ARM.extab
 *(.ARM.extab* .gnu.linkonce.armextab.*)

.ARM            0x08008ef4        0x8
                0x08008ef4                __exidx_start = .
 *(.ARM.exidx*)
 .ARM.exidx     0x08008ef4        0x8 c:/program files (x86)/atollic/truestudio for stm32 9.1.0/armtools/bin/../lib/gcc/arm-atollic-eabi/6.3.1/armv7-m\libgcc.a(_udivmoddi4.o)
                0x08008efc                __exidx_end = .

.rel.dyn        0x08008efc        0x0
 .rel.iplt      0x08008efc        0x0 c:/program files (x86)/atollic/truestudio for stm32 9.1.0/armtools/bin/../lib/gcc/arm-atollic-eabi/6.3.1/armv7-m/crtbegin.o

.preinit_array  0x08008efc        0x0
                [!provide]                PROVIDE (__preinit_array_start, .)
 *(.preinit_array*)
                [!provide]                PROVIDE (__preinit_array_end, .)

.init_array     0x08008efc        0x4
                [!provide]                PROVIDE (__init_array_start, .)
 *(SORT(.init_array.*))
 *(.init_array*)
 .init_array    0x08008efc        0x4 c:/program files (x86)/atollic/truestudio for stm32 9.1.0/armtools/bin/../lib/gcc/arm-atollic-eabi/6.3.1/armv7-m/crtbegin.o
                [!provide]                PROVIDE (__init_array_end, .)

.fini_array     0x08008f00        0x4
                [!provide]                PROVIDE (__fini_array_start, .)
 *(SORT(.fini_array.*))
 *(.fini_array*)
 .fini_array    0x08008f00        0x4 c:/program files (x86)/atollic/truestudio for stm32 9.1.0/armtools/bin/../lib/gcc/arm-atollic-eabi/6.3.1/armv7-m/crtbegin.o
                [!provide]                PROVIDE (__fini_array_end, .)
                0x08008f04                _sidata = LOADADDR (.data)

.data           0x20000000      0x224 load address 0x08008f04
                0x20000000                . = ALIGN (0x4)
                0x20000000                _sdata = .
 *(.data)
 *(.data*)
 .data.uwTickFreq
                0x20000000        0x1 Drivers\STM32F1xx_HAL_Driver\Src\stm32f1xx_hal.o
                0x20000000                uwTickFreq
 *fill*         0x20000001        0x3 
 .data.uwTickPrio
                0x20000004        0x4 Drivers\STM32F1xx_HAL_Driver\Src\stm32f1xx_hal.o
                0x20000004                uwTickPrio
 .data.uxCriticalNesting
                0x20000008        0x4 Middlewares\Third_Party\FreeRTOS\Source\portable\GCC\ARM_CM3\port.o
 .data.indicationState
                0x2000000c        0x1 Src\controllerInit.o
                0x2000000c                indicationState
 *fill*         0x2000000d        0x3 
 .data.DOWN_PIN
                0x20000010       0x10 Src\main.o
                0x20000010                DOWN_PIN
 .data.DOWN_PORT
                0x20000020       0x10 Src\main.o
                0x20000020                DOWN_PORT
 .data.UP_PIN   0x20000030       0x10 Src\main.o
                0x20000030                UP_PIN
 .data.UP_PORT  0x20000040       0x10 Src\main.o
                0x20000040                UP_PORT
 .data.SystemCoreClock
                0x20000050        0x4 Src\system_stm32f1xx.o
                0x20000050                SystemCoreClock
 .data._impure_ptr
                0x20000054        0x4 c:/program files (x86)/atollic/truestudio for stm32 9.1.0/armtools/bin/../lib/gcc/arm-atollic-eabi/6.3.1/../../../../arm-atollic-eabi/lib/armv7-m\libc_nano.a(lib_a-impure.o)
                0x20000054                _impure_ptr
 .data.impure_data
                0x20000058       0x60 c:/program files (x86)/atollic/truestudio for stm32 9.1.0/armtools/bin/../lib/gcc/arm-atollic-eabi/6.3.1/../../../../arm-atollic-eabi/lib/armv7-m\libc_nano.a(lib_a-impure.o)
 .data.__global_locale
                0x200000b8      0x16c c:/program files (x86)/atollic/truestudio for stm32 9.1.0/armtools/bin/../lib/gcc/arm-atollic-eabi/6.3.1/../../../../arm-atollic-eabi/lib/armv7-m\libc_nano.a(lib_a-locale.o)
                0x200000b8                __global_locale
                0x20000224                . = ALIGN (0x4)
                0x20000224                _edata = .

.igot.plt       0x20000224        0x0 load address 0x08009128
 .igot.plt      0x20000224        0x0 c:/program files (x86)/atollic/truestudio for stm32 9.1.0/armtools/bin/../lib/gcc/arm-atollic-eabi/6.3.1/armv7-m/crtbegin.o
                0x20000224                . = ALIGN (0x4)

.bss            0x20000228     0x5274 load address 0x08009128
                0x20000228                _sbss = .
                0x20000228                __bss_start__ = _sbss
 *(.bss)
 .bss           0x20000228       0x1c c:/program files (x86)/atollic/truestudio for stm32 9.1.0/armtools/bin/../lib/gcc/arm-atollic-eabi/6.3.1/armv7-m/crtbegin.o
 *(.bss*)
 .bss.ucMaxSysCallPriority
                0x20000244        0x1 Middlewares\Third_Party\FreeRTOS\Source\portable\GCC\ARM_CM3\port.o
 *fill*         0x20000245        0x3 
 .bss.ulMaxPRIGROUPValue
                0x20000248        0x4 Middlewares\Third_Party\FreeRTOS\Source\portable\GCC\ARM_CM3\port.o
 .bss.pxEnd     0x2000024c        0x4 Middlewares\Third_Party\FreeRTOS\Source\portable\MemMang\heap_4.o
 .bss.ucHeap    0x20000250     0x4e20 Middlewares\Third_Party\FreeRTOS\Source\portable\MemMang\heap_4.o
 .bss.xBlockAllocatedBit
                0x20005070        0x4 Middlewares\Third_Party\FreeRTOS\Source\portable\MemMang\heap_4.o
 .bss.xFreeBytesRemaining
                0x20005074        0x4 Middlewares\Third_Party\FreeRTOS\Source\portable\MemMang\heap_4.o
 .bss.xMinimumEverFreeBytesRemaining
                0x20005078        0x4 Middlewares\Third_Party\FreeRTOS\Source\portable\MemMang\heap_4.o
 .bss.xStart    0x2000507c        0x8 Middlewares\Third_Party\FreeRTOS\Source\portable\MemMang\heap_4.o
 .bss.pxCurrentTCB
                0x20005084        0x4 Middlewares\Third_Party\FreeRTOS\Source\tasks.o
                0x20005084                pxCurrentTCB
 .bss.pxDelayedTaskList
                0x20005088        0x4 Middlewares\Third_Party\FreeRTOS\Source\tasks.o
 .bss.pxOverflowDelayedTaskList
                0x2000508c        0x4 Middlewares\Third_Party\FreeRTOS\Source\tasks.o
 .bss.pxReadyTasksLists
                0x20005090       0x8c Middlewares\Third_Party\FreeRTOS\Source\tasks.o
 .bss.uxCurrentNumberOfTasks
                0x2000511c        0x4 Middlewares\Third_Party\FreeRTOS\Source\tasks.o
 .bss.uxDeletedTasksWaitingCleanUp
                0x20005120        0x4 Middlewares\Third_Party\FreeRTOS\Source\tasks.o
 .bss.uxPendedTicks
                0x20005124        0x4 Middlewares\Third_Party\FreeRTOS\Source\tasks.o
 .bss.uxSchedulerSuspended
                0x20005128        0x4 Middlewares\Third_Party\FreeRTOS\Source\tasks.o
 .bss.uxTaskNumber
                0x2000512c        0x4 Middlewares\Third_Party\FreeRTOS\Source\tasks.o
 .bss.uxTopReadyPriority
                0x20005130        0x4 Middlewares\Third_Party\FreeRTOS\Source\tasks.o
 .bss.xDelayedTaskList1
                0x20005134       0x14 Middlewares\Third_Party\FreeRTOS\Source\tasks.o
 .bss.xDelayedTaskList2
                0x20005148       0x14 Middlewares\Third_Party\FreeRTOS\Source\tasks.o
 .bss.xIdleTaskHandle
                0x2000515c        0x4 Middlewares\Third_Party\FreeRTOS\Source\tasks.o
 .bss.xNextTaskUnblockTime
                0x20005160        0x4 Middlewares\Third_Party\FreeRTOS\Source\tasks.o
 .bss.xNumOfOverflows
                0x20005164        0x4 Middlewares\Third_Party\FreeRTOS\Source\tasks.o
 .bss.xPendingReadyList
                0x20005168       0x14 Middlewares\Third_Party\FreeRTOS\Source\tasks.o
 .bss.xSchedulerRunning
                0x2000517c        0x4 Middlewares\Third_Party\FreeRTOS\Source\tasks.o
 .bss.xSuspendedTaskList
                0x20005180       0x14 Middlewares\Third_Party\FreeRTOS\Source\tasks.o
 .bss.xTasksWaitingTermination
                0x20005194       0x14 Middlewares\Third_Party\FreeRTOS\Source\tasks.o
 .bss.xTickCount
                0x200051a8        0x4 Middlewares\Third_Party\FreeRTOS\Source\tasks.o
 .bss.xYieldPending
                0x200051ac        0x4 Middlewares\Third_Party\FreeRTOS\Source\tasks.o
 .bss.lastTimeCommand
                0x200051b0        0x2 Src\adcStorage.o
                0x200051b0                lastTimeCommand
 .bss.prevCompensation
                0x200051b2        0x1 Src\adcStorage.o
                0x200051b2                prevCompensation
 .bss.numberOfTries
                0x200051b3        0x1 Src\analyze.o
                0x200051b3                numberOfTries
 .bss.unique_ID
                0x200051b4        0xc Src\controllerInit.o
                0x200051b4                unique_ID
 .bss.debugMessage
                0x200051c0       0x40 Src\controllerUtils.o
                0x200051c0                debugMessage
 .bss.debugMessageLength
                0x20005200        0x1 Src\controllerUtils.o
                0x20005200                debugMessageLength
 .bss.airSystem
                0x20005201        0x1 Src\main.o
                0x20005201                airSystem
 *fill*         0x20005202        0x2 
 .bss.controllerSettings
                0x20005204       0x2c Src\main.o
                0x20005204                controllerSettings
 .bss.filteredData
                0x20005230        0x8 Src\main.o
                0x20005230                filteredData
 .bss.message   0x20005238       0x80 Src\main.o
                0x20005238                message
 .bss.messageLength
                0x200052b8        0x1 Src\main.o
                0x200052b8                messageLength
 *fill*         0x200052b9        0x1 
 .bss.nessPressure
                0x200052ba        0x8 Src\main.o
                0x200052ba                nessPressure
 .bss.pressureCompensation
                0x200052c2        0x1 Src\main.o
                0x200052c2                pressureCompensation
 *fill*         0x200052c3        0x1 
 .bss.server_UID
                0x200052c4        0x2 Src\main.o
                0x200052c4                server_UID
 .bss.workState
                0x200052c6        0x1 Src\main.o
                0x200052c6                workState
 .bss.pressIsLower
                0x200052c7        0x4 Src\processCommand.o
                0x200052c7                pressIsLower
 *fill*         0x200052cb        0x1 
 .bss.heap_end.5887
                0x200052cc        0x4 Src\syscalls.o
 .bss.__malloc_free_list
                0x200052d0        0x4 c:/program files (x86)/atollic/truestudio for stm32 9.1.0/armtools/bin/../lib/gcc/arm-atollic-eabi/6.3.1/../../../../arm-atollic-eabi/lib/armv7-m\libc_nano.a(lib_a-nano-mallocr.o)
                0x200052d0                __malloc_free_list
 .bss.__malloc_sbrk_start
                0x200052d4        0x4 c:/program files (x86)/atollic/truestudio for stm32 9.1.0/armtools/bin/../lib/gcc/arm-atollic-eabi/6.3.1/../../../../arm-atollic-eabi/lib/armv7-m\libc_nano.a(lib_a-nano-mallocr.o)
                0x200052d4                __malloc_sbrk_start
 *(COMMON)
 COMMON         0x200052d8        0x4 Drivers\STM32F1xx_HAL_Driver\Src\stm32f1xx_hal.o
                0x200052d8                uwTick
 *fill*         0x200052dc        0x4 
 COMMON         0x200052e0       0x20 Drivers\STM32F1xx_HAL_Driver\Src\stm32f1xx_hal_flash.o
                0x200052e0                pFlash
 COMMON         0x20005300      0x195 Src\main.o
                0x20005300                recCommandBuffer
                0x20005340                commandToProcessBuffer
                0x20005380                defaultTaskHandle
                0x20005384                ADCRawData
                0x2000538c                htim3
                0x200053cc                xPressureCompensationSemaphore
                0x200053d0                hdma_usart1_tx
                0x20005414                hadc1
                0x20005444                huart1
                0x20005484                p_commandToProcessBuffer
                0x20005486                sensorValue
                0x2000548e                p_recCommandBuffer
                0x20005490                xRecCommandQueue
                0x20005494                recCommandByte
 *fill*         0x20005495        0x3 
 COMMON         0x20005498        0x4 c:/program files (x86)/atollic/truestudio for stm32 9.1.0/armtools/bin/../lib/gcc/arm-atollic-eabi/6.3.1/../../../../arm-atollic-eabi/lib/armv7-m\libc_nano.a(lib_a-reent.o)
                0x20005498                errno
                0x2000549c                . = ALIGN (0x4)
                0x2000549c                _ebss = .
                0x2000549c                __bss_end__ = _ebss

._user_heap_stack
                0x2000549c      0x600 load address 0x08009128
                0x2000549c                . = ALIGN (0x4)
                0x2000549c                PROVIDE (end, .)
                [!provide]                PROVIDE (_end, .)
                0x2000569c                . = (. + _Min_Heap_Size)
 *fill*         0x2000549c      0x200 
                0x20005a9c                . = (. + _Min_Stack_Size)
 *fill*         0x2000569c      0x400 
                0x20005a9c                . = ALIGN (0x4)

/DISCARD/
 libc.a(*)
 libm.a(*)
 libgcc.a(*)

.ARM.attributes
                0x00000000       0x29
 *(.ARM.attributes)
 .ARM.attributes
                0x00000000       0x1d c:/program files (x86)/atollic/truestudio for stm32 9.1.0/armtools/bin/../lib/gcc/arm-atollic-eabi/6.3.1/armv7-m/crti.o
 .ARM.attributes
                0x0000001d       0x2d c:/program files (x86)/atollic/truestudio for stm32 9.1.0/armtools/bin/../lib/gcc/arm-atollic-eabi/6.3.1/armv7-m/crtbegin.o
 .ARM.attributes
                0x0000004a       0x33 Drivers\STM32F1xx_HAL_Driver\Src\stm32f1xx_hal.o
 .ARM.attributes
                0x0000007d       0x33 Drivers\STM32F1xx_HAL_Driver\Src\stm32f1xx_hal_adc.o
 .ARM.attributes
                0x000000b0       0x33 Drivers\STM32F1xx_HAL_Driver\Src\stm32f1xx_hal_adc_ex.o
 .ARM.attributes
                0x000000e3       0x33 Drivers\STM32F1xx_HAL_Driver\Src\stm32f1xx_hal_cortex.o
 .ARM.attributes
                0x00000116       0x33 Drivers\STM32F1xx_HAL_Driver\Src\stm32f1xx_hal_dma.o
 .ARM.attributes
                0x00000149       0x33 Drivers\STM32F1xx_HAL_Driver\Src\stm32f1xx_hal_flash.o
 .ARM.attributes
                0x0000017c       0x33 Drivers\STM32F1xx_HAL_Driver\Src\stm32f1xx_hal_flash_ex.o
 .ARM.attributes
                0x000001af       0x33 Drivers\STM32F1xx_HAL_Driver\Src\stm32f1xx_hal_gpio.o
 .ARM.attributes
                0x000001e2       0x33 Drivers\STM32F1xx_HAL_Driver\Src\stm32f1xx_hal_rcc.o
 .ARM.attributes
                0x00000215       0x33 Drivers\STM32F1xx_HAL_Driver\Src\stm32f1xx_hal_rcc_ex.o
 .ARM.attributes
                0x00000248       0x33 Drivers\STM32F1xx_HAL_Driver\Src\stm32f1xx_hal_tim.o
 .ARM.attributes
                0x0000027b       0x33 Drivers\STM32F1xx_HAL_Driver\Src\stm32f1xx_hal_tim_ex.o
 .ARM.attributes
                0x000002ae       0x33 Drivers\STM32F1xx_HAL_Driver\Src\stm32f1xx_hal_uart.o
 .ARM.attributes
                0x000002e1       0x33 Middlewares\Third_Party\FreeRTOS\Source\CMSIS_RTOS\cmsis_os.o
 .ARM.attributes
                0x00000314       0x33 Middlewares\Third_Party\FreeRTOS\Source\list.o
 .ARM.attributes
                0x00000347       0x33 Middlewares\Third_Party\FreeRTOS\Source\portable\GCC\ARM_CM3\port.o
 .ARM.attributes
                0x0000037a       0x33 Middlewares\Third_Party\FreeRTOS\Source\portable\MemMang\heap_4.o
 .ARM.attributes
                0x000003ad       0x33 Middlewares\Third_Party\FreeRTOS\Source\queue.o
 .ARM.attributes
                0x000003e0       0x33 Middlewares\Third_Party\FreeRTOS\Source\tasks.o
 .ARM.attributes
                0x00000413       0x33 Src\adcStorage.o
 .ARM.attributes
                0x00000446       0x33 Src\analyze.o
 .ARM.attributes
                0x00000479       0x33 Src\controllerInit.o
 .ARM.attributes
                0x000004ac       0x33 Src\controllerUtils.o
 .ARM.attributes
                0x000004df       0x33 Src\flashFunctions.o
 .ARM.attributes
                0x00000512       0x33 Src\main.o
 .ARM.attributes
                0x00000545       0x33 Src\processCommand.o
 .ARM.attributes
                0x00000578       0x33 Src\scanInput.o
 .ARM.attributes
                0x000005ab       0x33 Src\stm32f1xx_hal_msp.o
 .ARM.attributes
                0x000005de       0x33 Src\stm32f1xx_it.o
 .ARM.attributes
                0x00000611       0x33 Src\syscalls.o
 .ARM.attributes
                0x00000644       0x33 Src\system_stm32f1xx.o
 .ARM.attributes
                0x00000677       0x21 startup\startup_stm32f105xc.o
 .ARM.attributes
                0x00000698       0x2d c:/program files (x86)/atollic/truestudio for stm32 9.1.0/armtools/bin/../lib/gcc/arm-atollic-eabi/6.3.1/../../../../arm-atollic-eabi/lib/armv7-m\libc_nano.a(lib_a-errno.o)
 .ARM.attributes
                0x000006c5       0x2d c:/program files (x86)/atollic/truestudio for stm32 9.1.0/armtools/bin/../lib/gcc/arm-atollic-eabi/6.3.1/../../../../arm-atollic-eabi/lib/armv7-m\libc_nano.a(lib_a-impure.o)
 .ARM.attributes
                0x000006f2       0x2d c:/program files (x86)/atollic/truestudio for stm32 9.1.0/armtools/bin/../lib/gcc/arm-atollic-eabi/6.3.1/../../../../arm-atollic-eabi/lib/armv7-m\libc_nano.a(lib_a-memcpy-stub.o)
 .ARM.attributes
                0x0000071f       0x2d c:/program files (x86)/atollic/truestudio for stm32 9.1.0/armtools/bin/../lib/gcc/arm-atollic-eabi/6.3.1/../../../../arm-atollic-eabi/lib/armv7-m\libc_nano.a(lib_a-memset.o)
 .ARM.attributes
                0x0000074c       0x2d c:/program files (x86)/atollic/truestudio for stm32 9.1.0/armtools/bin/../lib/gcc/arm-atollic-eabi/6.3.1/../../../../arm-atollic-eabi/lib/armv7-m\libc_nano.a(lib_a-nano-vfprintf_float.o)
 .ARM.attributes
                0x00000779       0x2d c:/program files (x86)/atollic/truestudio for stm32 9.1.0/armtools/bin/../lib/gcc/arm-atollic-eabi/6.3.1/../../../../arm-atollic-eabi/lib/armv7-m\libc_nano.a(lib_a-nano-vfprintf_i.o)
 .ARM.attributes
                0x000007a6       0x2d c:/program files (x86)/atollic/truestudio for stm32 9.1.0/armtools/bin/../lib/gcc/arm-atollic-eabi/6.3.1/../../../../arm-atollic-eabi/lib/armv7-m\libc_nano.a(lib_a-sprintf.o)
 .ARM.attributes
                0x000007d3       0x2d c:/program files (x86)/atollic/truestudio for stm32 9.1.0/armtools/bin/../lib/gcc/arm-atollic-eabi/6.3.1/../../../../arm-atollic-eabi/lib/armv7-m\libc_nano.a(lib_a-sscanf.o)
 .ARM.attributes
                0x00000800       0x2d c:/program files (x86)/atollic/truestudio for stm32 9.1.0/armtools/bin/../lib/gcc/arm-atollic-eabi/6.3.1/../../../../arm-atollic-eabi/lib/armv7-m\libc_nano.a(lib_a-stdio.o)
 .ARM.attributes
                0x0000082d       0x17 c:/program files (x86)/atollic/truestudio for stm32 9.1.0/armtools/bin/../lib/gcc/arm-atollic-eabi/6.3.1/../../../../arm-atollic-eabi/lib/armv7-m\libc_nano.a(lib_a-strlen.o)
 .ARM.attributes
                0x00000844       0x2d c:/program files (x86)/atollic/truestudio for stm32 9.1.0/armtools/bin/../lib/gcc/arm-atollic-eabi/6.3.1/../../../../arm-atollic-eabi/lib/armv7-m\libc_nano.a(lib_a-dtoa.o)
 .ARM.attributes
                0x00000871       0x2d c:/program files (x86)/atollic/truestudio for stm32 9.1.0/armtools/bin/../lib/gcc/arm-atollic-eabi/6.3.1/../../../../arm-atollic-eabi/lib/armv7-m\libc_nano.a(lib_a-localeconv.o)
 .ARM.attributes
                0x0000089e       0x2d c:/program files (x86)/atollic/truestudio for stm32 9.1.0/armtools/bin/../lib/gcc/arm-atollic-eabi/6.3.1/../../../../arm-atollic-eabi/lib/armv7-m\libc_nano.a(lib_a-malloc.o)
 .ARM.attributes
                0x000008cb       0x2d c:/program files (x86)/atollic/truestudio for stm32 9.1.0/armtools/bin/../lib/gcc/arm-atollic-eabi/6.3.1/../../../../arm-atollic-eabi/lib/armv7-m\libc_nano.a(lib_a-memchr-stub.o)
 .ARM.attributes
                0x000008f8       0x2d c:/program files (x86)/atollic/truestudio for stm32 9.1.0/armtools/bin/../lib/gcc/arm-atollic-eabi/6.3.1/../../../../arm-atollic-eabi/lib/armv7-m\libc_nano.a(lib_a-mprec.o)
 .ARM.attributes
                0x00000925       0x2d c:/program files (x86)/atollic/truestudio for stm32 9.1.0/armtools/bin/../lib/gcc/arm-atollic-eabi/6.3.1/../../../../arm-atollic-eabi/lib/armv7-m\libc_nano.a(lib_a-nano-callocr.o)
 .ARM.attributes
                0x00000952       0x2d c:/program files (x86)/atollic/truestudio for stm32 9.1.0/armtools/bin/../lib/gcc/arm-atollic-eabi/6.3.1/../../../../arm-atollic-eabi/lib/armv7-m\libc_nano.a(lib_a-nano-freer.o)
 .ARM.attributes
                0x0000097f       0x2d c:/program files (x86)/atollic/truestudio for stm32 9.1.0/armtools/bin/../lib/gcc/arm-atollic-eabi/6.3.1/../../../../arm-atollic-eabi/lib/armv7-m\libc_nano.a(lib_a-nano-mallocr.o)
 .ARM.attributes
                0x000009ac       0x2d c:/program files (x86)/atollic/truestudio for stm32 9.1.0/armtools/bin/../lib/gcc/arm-atollic-eabi/6.3.1/../../../../arm-atollic-eabi/lib/armv7-m\libc_nano.a(lib_a-nano-svfprintf.o)
 .ARM.attributes
                0x000009d9       0x2d c:/program files (x86)/atollic/truestudio for stm32 9.1.0/armtools/bin/../lib/gcc/arm-atollic-eabi/6.3.1/../../../../arm-atollic-eabi/lib/armv7-m\libc_nano.a(lib_a-nano-svfscanf.o)
 .ARM.attributes
                0x00000a06       0x2d c:/program files (x86)/atollic/truestudio for stm32 9.1.0/armtools/bin/../lib/gcc/arm-atollic-eabi/6.3.1/../../../../arm-atollic-eabi/lib/armv7-m\libc_nano.a(lib_a-nano-vfscanf_i.o)
 .ARM.attributes
                0x00000a33       0x2d c:/program files (x86)/atollic/truestudio for stm32 9.1.0/armtools/bin/../lib/gcc/arm-atollic-eabi/6.3.1/../../../../arm-atollic-eabi/lib/armv7-m\libc_nano.a(lib_a-reent.o)
 .ARM.attributes
                0x00000a60       0x2d c:/program files (x86)/atollic/truestudio for stm32 9.1.0/armtools/bin/../lib/gcc/arm-atollic-eabi/6.3.1/../../../../arm-atollic-eabi/lib/armv7-m\libc_nano.a(lib_a-sbrkr.o)
 .ARM.attributes
                0x00000a8d       0x2d c:/program files (x86)/atollic/truestudio for stm32 9.1.0/armtools/bin/../lib/gcc/arm-atollic-eabi/6.3.1/../../../../arm-atollic-eabi/lib/armv7-m\libc_nano.a(lib_a-sccl.o)
 .ARM.attributes
                0x00000aba       0x2d c:/program files (x86)/atollic/truestudio for stm32 9.1.0/armtools/bin/../lib/gcc/arm-atollic-eabi/6.3.1/../../../../arm-atollic-eabi/lib/armv7-m\libc_nano.a(lib_a-strtol.o)
 .ARM.attributes
                0x00000ae7       0x2d c:/program files (x86)/atollic/truestudio for stm32 9.1.0/armtools/bin/../lib/gcc/arm-atollic-eabi/6.3.1/../../../../arm-atollic-eabi/lib/armv7-m\libc_nano.a(lib_a-strtoul.o)
 .ARM.attributes
                0x00000b14       0x2d c:/program files (x86)/atollic/truestudio for stm32 9.1.0/armtools/bin/../lib/gcc/arm-atollic-eabi/6.3.1/../../../../arm-atollic-eabi/lib/armv7-m\libc_nano.a(lib_a-ungetc.o)
 .ARM.attributes
                0x00000b41       0x2d c:/program files (x86)/atollic/truestudio for stm32 9.1.0/armtools/bin/../lib/gcc/arm-atollic-eabi/6.3.1/../../../../arm-atollic-eabi/lib/armv7-m\libc_nano.a(lib_a-findfp.o)
 .ARM.attributes
                0x00000b6e       0x2d c:/program files (x86)/atollic/truestudio for stm32 9.1.0/armtools/bin/../lib/gcc/arm-atollic-eabi/6.3.1/../../../../arm-atollic-eabi/lib/armv7-m\libc_nano.a(lib_a-locale.o)
 .ARM.attributes
                0x00000b9b       0x2d c:/program files (x86)/atollic/truestudio for stm32 9.1.0/armtools/bin/../lib/gcc/arm-atollic-eabi/6.3.1/../../../../arm-atollic-eabi/lib/armv7-m\libc_nano.a(lib_a-mbtowc_r.o)
 .ARM.attributes
                0x00000bc8       0x2d c:/program files (x86)/atollic/truestudio for stm32 9.1.0/armtools/bin/../lib/gcc/arm-atollic-eabi/6.3.1/../../../../arm-atollic-eabi/lib/armv7-m\libc_nano.a(lib_a-memmove.o)
 .ARM.attributes
                0x00000bf5       0x2d c:/program files (x86)/atollic/truestudio for stm32 9.1.0/armtools/bin/../lib/gcc/arm-atollic-eabi/6.3.1/../../../../arm-atollic-eabi/lib/armv7-m\libc_nano.a(lib_a-mlock.o)
 .ARM.attributes
                0x00000c22       0x2d c:/program files (x86)/atollic/truestudio for stm32 9.1.0/armtools/bin/../lib/gcc/arm-atollic-eabi/6.3.1/../../../../arm-atollic-eabi/lib/armv7-m\libc_nano.a(lib_a-nano-reallocr.o)
 .ARM.attributes
                0x00000c4f       0x2d c:/program files (x86)/atollic/truestudio for stm32 9.1.0/armtools/bin/../lib/gcc/arm-atollic-eabi/6.3.1/../../../../arm-atollic-eabi/lib/armv7-m\libc_nano.a(lib_a-wctomb_r.o)
 .ARM.attributes
                0x00000c7c       0x2d c:/program files (x86)/atollic/truestudio for stm32 9.1.0/armtools/bin/../lib/gcc/arm-atollic-eabi/6.3.1/../../../../arm-atollic-eabi/lib/armv7-m\libc_nano.a(lib_a-ctype_.o)
 .ARM.attributes
                0x00000ca9       0x2d c:/program files (x86)/atollic/truestudio for stm32 9.1.0/armtools/bin/../lib/gcc/arm-atollic-eabi/6.3.1/../../../../arm-atollic-eabi/lib/armv7-m\libc_nano.a(lib_a-nano-msizer.o)
 .ARM.attributes
                0x00000cd6       0x1d c:/program files (x86)/atollic/truestudio for stm32 9.1.0/armtools/bin/../lib/gcc/arm-atollic-eabi/6.3.1/armv7-m\libgcc.a(_lshrdi3.o)
 .ARM.attributes
                0x00000cf3       0x1d c:/program files (x86)/atollic/truestudio for stm32 9.1.0/armtools/bin/../lib/gcc/arm-atollic-eabi/6.3.1/armv7-m\libgcc.a(_arm_addsubdf3.o)
 .ARM.attributes
                0x00000d10       0x1d c:/program files (x86)/atollic/truestudio for stm32 9.1.0/armtools/bin/../lib/gcc/arm-atollic-eabi/6.3.1/armv7-m\libgcc.a(_arm_muldivdf3.o)
 .ARM.attributes
                0x00000d2d       0x1d c:/program files (x86)/atollic/truestudio for stm32 9.1.0/armtools/bin/../lib/gcc/arm-atollic-eabi/6.3.1/armv7-m\libgcc.a(_arm_cmpdf2.o)
 .ARM.attributes
                0x00000d4a       0x1d c:/program files (x86)/atollic/truestudio for stm32 9.1.0/armtools/bin/../lib/gcc/arm-atollic-eabi/6.3.1/armv7-m\libgcc.a(_arm_unorddf2.o)
 .ARM.attributes
                0x00000d67       0x1d c:/program files (x86)/atollic/truestudio for stm32 9.1.0/armtools/bin/../lib/gcc/arm-atollic-eabi/6.3.1/armv7-m\libgcc.a(_arm_fixdfsi.o)
 .ARM.attributes
                0x00000d84       0x1d c:/program files (x86)/atollic/truestudio for stm32 9.1.0/armtools/bin/../lib/gcc/arm-atollic-eabi/6.3.1/armv7-m\libgcc.a(_arm_addsubsf3.o)
 .ARM.attributes
                0x00000da1       0x1d c:/program files (x86)/atollic/truestudio for stm32 9.1.0/armtools/bin/../lib/gcc/arm-atollic-eabi/6.3.1/armv7-m\libgcc.a(_arm_muldivsf3.o)
 .ARM.attributes
                0x00000dbe       0x1d c:/program files (x86)/atollic/truestudio for stm32 9.1.0/armtools/bin/../lib/gcc/arm-atollic-eabi/6.3.1/armv7-m\libgcc.a(_arm_cmpsf2.o)
 .ARM.attributes
                0x00000ddb       0x1d c:/program files (x86)/atollic/truestudio for stm32 9.1.0/armtools/bin/../lib/gcc/arm-atollic-eabi/6.3.1/armv7-m\libgcc.a(_arm_fixsfsi.o)
 .ARM.attributes
                0x00000df8       0x1d c:/program files (x86)/atollic/truestudio for stm32 9.1.0/armtools/bin/../lib/gcc/arm-atollic-eabi/6.3.1/armv7-m\libgcc.a(_aeabi_uldivmod.o)
 .ARM.attributes
                0x00000e15       0x2d c:/program files (x86)/atollic/truestudio for stm32 9.1.0/armtools/bin/../lib/gcc/arm-atollic-eabi/6.3.1/armv7-m\libgcc.a(_udivmoddi4.o)
 .ARM.attributes
                0x00000e42       0x1d c:/program files (x86)/atollic/truestudio for stm32 9.1.0/armtools/bin/../lib/gcc/arm-atollic-eabi/6.3.1/armv7-m\libgcc.a(_dvmd_tls.o)
 .ARM.attributes
                0x00000e5f       0x1d c:/program files (x86)/atollic/truestudio for stm32 9.1.0/armtools/bin/../lib/gcc/arm-atollic-eabi/6.3.1/armv7-m/crtn.o
OUTPUT(aride_pressure.elf elf32-littlearm)

.debug_info     0x00000000    0x29d51
 .debug_info    0x00000000     0x1042 Drivers\STM32F1xx_HAL_Driver\Src\stm32f1xx_hal.o
 .debug_info    0x00001042     0x16a1 Drivers\STM32F1xx_HAL_Driver\Src\stm32f1xx_hal_adc.o
 .debug_info    0x000026e3     0x138b Drivers\STM32F1xx_HAL_Driver\Src\stm32f1xx_hal_adc_ex.o
 .debug_info    0x00003a6e     0x1509 Drivers\STM32F1xx_HAL_Driver\Src\stm32f1xx_hal_cortex.o
 .debug_info    0x00004f77     0x1047 Drivers\STM32F1xx_HAL_Driver\Src\stm32f1xx_hal_dma.o
 .debug_info    0x00005fbe      0xeeb Drivers\STM32F1xx_HAL_Driver\Src\stm32f1xx_hal_flash.o
 .debug_info    0x00006ea9     0x13ac Drivers\STM32F1xx_HAL_Driver\Src\stm32f1xx_hal_flash_ex.o
 .debug_info    0x00008255      0xedc Drivers\STM32F1xx_HAL_Driver\Src\stm32f1xx_hal_gpio.o
 .debug_info    0x00009131     0x1342 Drivers\STM32F1xx_HAL_Driver\Src\stm32f1xx_hal_rcc.o
 .debug_info    0x0000a473      0xef4 Drivers\STM32F1xx_HAL_Driver\Src\stm32f1xx_hal_rcc_ex.o
 .debug_info    0x0000b367     0x3bb9 Drivers\STM32F1xx_HAL_Driver\Src\stm32f1xx_hal_tim.o
 .debug_info    0x0000ef20     0x1989 Drivers\STM32F1xx_HAL_Driver\Src\stm32f1xx_hal_tim_ex.o
 .debug_info    0x000108a9     0x1e46 Drivers\STM32F1xx_HAL_Driver\Src\stm32f1xx_hal_uart.o
 .debug_info    0x000126ef     0x2500 Middlewares\Third_Party\FreeRTOS\Source\CMSIS_RTOS\cmsis_os.o
 .debug_info    0x00014bef      0xac0 Middlewares\Third_Party\FreeRTOS\Source\list.o
 .debug_info    0x000156af      0x4ca Middlewares\Third_Party\FreeRTOS\Source\portable\GCC\ARM_CM3\port.o
 .debug_info    0x00015b79      0xca5 Middlewares\Third_Party\FreeRTOS\Source\portable\MemMang\heap_4.o
 .debug_info    0x0001681e     0x1fdf Middlewares\Third_Party\FreeRTOS\Source\queue.o