Archive member included to satisfy reference by file (symbol)

c:/program files (x86)/atollic/truestudio for stm32 9.1.0/armtools/bin/../lib/gcc/arm-atollic-eabi/6.3.1/../../../../arm-atollic-eabi/lib/armv7-m\libc_nano.a(lib_a-errno.o)
                              Src\syscalls.o (__errno)
c:/program files (x86)/atollic/truestudio for stm32 9.1.0/armtools/bin/../lib/gcc/arm-atollic-eabi/6.3.1/../../../../arm-atollic-eabi/lib/armv7-m\libc_nano.a(lib_a-impure.o)
                              c:/program files (x86)/atollic/truestudio for stm32 9.1.0/armtools/bin/../lib/gcc/arm-atollic-eabi/6.3.1/../../../../arm-atollic-eabi/lib/armv7-m\libc_nano.a(lib_a-errno.o) (_impure_ptr)
c:/program files (x86)/atollic/truestudio for stm32 9.1.0/armtools/bin/../lib/gcc/arm-atollic-eabi/6.3.1/../../../../arm-atollic-eabi/lib/armv7-m\libc_nano.a(lib_a-memcpy-stub.o)
                              Middlewares\Third_Party\FreeRTOS\Source\queue.o (memcpy)
c:/program files (x86)/atollic/truestudio for stm32 9.1.0/armtools/bin/../lib/gcc/arm-atollic-eabi/6.3.1/../../../../arm-atollic-eabi/lib/armv7-m\libc_nano.a(lib_a-memset.o)
                              Drivers\STM32F1xx_HAL_Driver\Src\stm32f1xx_hal_rcc.o (memset)
c:/program files (x86)/atollic/truestudio for stm32 9.1.0/armtools/bin/../lib/gcc/arm-atollic-eabi/6.3.1/../../../../arm-atollic-eabi/lib/armv7-m\libc_nano.a(lib_a-sprintf.o)
                              Src\controllerInit.o (sprintf)
c:/program files (x86)/atollic/truestudio for stm32 9.1.0/armtools/bin/../lib/gcc/arm-atollic-eabi/6.3.1/../../../../arm-atollic-eabi/lib/armv7-m\libc_nano.a(lib_a-sscanf.o)
                              Src\processCommand.o (sscanf)
c:/program files (x86)/atollic/truestudio for stm32 9.1.0/armtools/bin/../lib/gcc/arm-atollic-eabi/6.3.1/../../../../arm-atollic-eabi/lib/armv7-m\libc_nano.a(lib_a-stdio.o)
                              c:/program files (x86)/atollic/truestudio for stm32 9.1.0/armtools/bin/../lib/gcc/arm-atollic-eabi/6.3.1/../../../../arm-atollic-eabi/lib/armv7-m\libc_nano.a(lib_a-sscanf.o) (__seofread)
c:/program files (x86)/atollic/truestudio for stm32 9.1.0/armtools/bin/../lib/gcc/arm-atollic-eabi/6.3.1/../../../../arm-atollic-eabi/lib/armv7-m\libc_nano.a(lib_a-strlen.o)
                              Src\controllerInit.o (strlen)
c:/program files (x86)/atollic/truestudio for stm32 9.1.0/armtools/bin/../lib/gcc/arm-atollic-eabi/6.3.1/../../../../arm-atollic-eabi/lib/armv7-m\libc_nano.a(lib_a-writer.o)
                              c:/program files (x86)/atollic/truestudio for stm32 9.1.0/armtools/bin/../lib/gcc/arm-atollic-eabi/6.3.1/../../../../arm-atollic-eabi/lib/armv7-m\libc_nano.a(lib_a-stdio.o) (_write_r)
c:/program files (x86)/atollic/truestudio for stm32 9.1.0/armtools/bin/../lib/gcc/arm-atollic-eabi/6.3.1/../../../../arm-atollic-eabi/lib/armv7-m\libc_nano.a(lib_a-closer.o)
                              c:/program files (x86)/atollic/truestudio for stm32 9.1.0/armtools/bin/../lib/gcc/arm-atollic-eabi/6.3.1/../../../../arm-atollic-eabi/lib/armv7-m\libc_nano.a(lib_a-stdio.o) (_close_r)
c:/program files (x86)/atollic/truestudio for stm32 9.1.0/armtools/bin/../lib/gcc/arm-atollic-eabi/6.3.1/../../../../arm-atollic-eabi/lib/armv7-m\libc_nano.a(lib_a-lseekr.o)
                              c:/program files (x86)/atollic/truestudio for stm32 9.1.0/armtools/bin/../lib/gcc/arm-atollic-eabi/6.3.1/../../../../arm-atollic-eabi/lib/armv7-m\libc_nano.a(lib_a-stdio.o) (_lseek_r)
c:/program files (x86)/atollic/truestudio for stm32 9.1.0/armtools/bin/../lib/gcc/arm-atollic-eabi/6.3.1/../../../../arm-atollic-eabi/lib/armv7-m\libc_nano.a(lib_a-nano-svfprintf.o)
                              c:/program files (x86)/atollic/truestudio for stm32 9.1.0/armtools/bin/../lib/gcc/arm-atollic-eabi/6.3.1/../../../../arm-atollic-eabi/lib/armv7-m\libc_nano.a(lib_a-sprintf.o) (_svfprintf_r)
c:/program files (x86)/atollic/truestudio for stm32 9.1.0/armtools/bin/../lib/gcc/arm-atollic-eabi/6.3.1/../../../../arm-atollic-eabi/lib/armv7-m\libc_nano.a(lib_a-nano-svfscanf.o)
                              c:/program files (x86)/atollic/truestudio for stm32 9.1.0/armtools/bin/../lib/gcc/arm-atollic-eabi/6.3.1/../../../../arm-atollic-eabi/lib/armv7-m\libc_nano.a(lib_a-sscanf.o) (__ssvfscanf_r)
c:/program files (x86)/atollic/truestudio for stm32 9.1.0/armtools/bin/../lib/gcc/arm-atollic-eabi/6.3.1/../../../../arm-atollic-eabi/lib/armv7-m\libc_nano.a(lib_a-nano-vfprintf_i.o)
                              c:/program files (x86)/atollic/truestudio for stm32 9.1.0/armtools/bin/../lib/gcc/arm-atollic-eabi/6.3.1/../../../../arm-atollic-eabi/lib/armv7-m\libc_nano.a(lib_a-nano-svfprintf.o) (_printf_i)
c:/program files (x86)/atollic/truestudio for stm32 9.1.0/armtools/bin/../lib/gcc/arm-atollic-eabi/6.3.1/../../../../arm-atollic-eabi/lib/armv7-m\libc_nano.a(lib_a-nano-vfscanf_i.o)
[...]
Memory Configuration

Name             Origin             Length             Attributes
RAM              0x20000000         0x00010000         xrw
FLASH            0x08000000         0x00020000         xr
*default*        0x00000000         0xffffffff

Linker script and memory map

LOAD c:/program files (x86)/atollic/truestudio for stm32 9.1.0/armtools/bin/../lib/gcc/arm-atollic-eabi/6.3.1/armv7-m/crti.o
LOAD c:/program files (x86)/atollic/truestudio for stm32 9.1.0/armtools/bin/../lib/gcc/arm-atollic-eabi/6.3.1/armv7-m/crtbegin.o
LOAD Drivers\STM32F1xx_HAL_Driver\Src\stm32f1xx_hal.o
LOAD Drivers\STM32F1xx_HAL_Driver\Src\stm32f1xx_hal_adc.o
LOAD Drivers\STM32F1xx_HAL_Driver\Src\stm32f1xx_hal_adc_ex.o
LOAD Drivers\STM32F1xx_HAL_Driver\Src\stm32f1xx_hal_cortex.o
LOAD Drivers\STM32F1xx_HAL_Driver\Src\stm32f1xx_hal_dma.o
LOAD Drivers\STM32F1xx_HAL_Driver\Src\stm32f1xx_hal_flash.o
LOAD Drivers\STM32F1xx_HAL_Driver\Src\stm32f1xx_hal_flash_ex.o
LOAD Drivers\STM32F1xx_HAL_Driver\Src\stm32f1xx_hal_gpio.o
LOAD Drivers\STM32F1xx_HAL_Driver\Src\stm32f1xx_hal_gpio_ex.o
LOAD Drivers\STM32F1xx_HAL_Driver\Src\stm32f1xx_hal_pwr.o
LOAD Drivers\STM32F1xx_HAL_Driver\Src\stm32f1xx_hal_rcc.o
LOAD Drivers\STM32F1xx_HAL_Driver\Src\stm32f1xx_hal_rcc_ex.o
LOAD Drivers\STM32F1xx_HAL_Driver\Src\stm32f1xx_hal_tim.o
LOAD Drivers\STM32F1xx_HAL_Driver\Src\stm32f1xx_hal_tim_ex.o
LOAD Drivers\STM32F1xx_HAL_Driver\Src\stm32f1xx_hal_uart.o
LOAD Middlewares\Third_Party\FreeRTOS\Source\CMSIS_RTOS\cmsis_os.o
LOAD Middlewares\Third_Party\FreeRTOS\Source\croutine.o
LOAD Middlewares\Third_Party\FreeRTOS\Source\event_groups.o
LOAD Middlewares\Third_Party\FreeRTOS\Source\list.o
LOAD Middlewares\Third_Party\FreeRTOS\Source\portable\GCC\ARM_CM3\port.o
LOAD Middlewares\Third_Party\FreeRTOS\Source\portable\MemMang\heap_4.o
LOAD Middlewares\Third_Party\FreeRTOS\Source\queue.o
LOAD Middlewares\Third_Party\FreeRTOS\Source\tasks.o
LOAD Middlewares\Third_Party\FreeRTOS\Source\timers.o
LOAD Src\adcStorage.o
LOAD Src\analyze.o
LOAD Src\controllerInit.o
LOAD Src\controllerUtils.o
LOAD Src\flashFunctions.o
LOAD Src\freertos.o
LOAD Src\main.o
LOAD Src\processCommand.o
LOAD Src\scanInput.o
LOAD Src\stm32f1xx_hal_msp.o
LOAD Src\stm32f1xx_it.o
LOAD Src\syscalls.o
LOAD Src\system_stm32f1xx.o
LOAD startup\startup_stm32f105xc.o
                0x00000080                malloc_getpagesize_P = 0x80
START GROUP
LOAD c:/program files (x86)/atollic/truestudio for stm32 9.1.0/armtools/bin/../lib/gcc/arm-atollic-eabi/6.3.1/../../../../arm-atollic-eabi/lib/armv7-m\libc_nano.a
LOAD c:/program files (x86)/atollic/truestudio for stm32 9.1.0/armtools/bin/../lib/gcc/arm-atollic-eabi/6.3.1/../../../../arm-atollic-eabi/lib/armv7-m\libm.a
END GROUP
START GROUP
LOAD c:/program files (x86)/atollic/truestudio for stm32 9.1.0/armtools/bin/../lib/gcc/arm-atollic-eabi/6.3.1/armv7-m\libgcc.a
LOAD c:/program files (x86)/atollic/truestudio for stm32 9.1.0/armtools/bin/../lib/gcc/arm-atollic-eabi/6.3.1/../../../../arm-atollic-eabi/lib/armv7-m\libc_nano.a
END GROUP
START GROUP
LOAD c:/program files (x86)/atollic/truestudio for stm32 9.1.0/armtools/bin/../lib/gcc/arm-atollic-eabi/6.3.1/armv7-m\libgcc.a
LOAD c:/program files (x86)/atollic/truestudio for stm32 9.1.0/armtools/bin/../lib/gcc/arm-atollic-eabi/6.3.1/../../../../arm-atollic-eabi/lib/armv7-m\libc_nano.a
LOAD c:/program files (x86)/atollic/truestudio for stm32 9.1.0/armtools/bin/../lib/gcc/arm-atollic-eabi/6.3.1/../../../../arm-atollic-eabi/lib/armv7-m\libnosys.a
END GROUP
START GROUP
LOAD c:/program files (x86)/atollic/truestudio for stm32 9.1.0/armtools/bin/../lib/gcc/arm-atollic-eabi/6.3.1/armv7-m\libgcc.a
LOAD c:/program files (x86)/atollic/truestudio for stm32 9.1.0/armtools/bin/../lib/gcc/arm-atollic-eabi/6.3.1/../../../../arm-atollic-eabi/lib/armv7-m\libc_nano.a
LOAD c:/program files (x86)/atollic/truestudio for stm32 9.1.0/armtools/bin/../lib/gcc/arm-atollic-eabi/6.3.1/../../../../arm-atollic-eabi/lib/armv7-m\libnosys.a
END GROUP
LOAD c:/program files (x86)/atollic/truestudio for stm32 9.1.0/armtools/bin/../lib/gcc/arm-atollic-eabi/6.3.1/armv7-m/crtend.o
LOAD c:/program files (x86)/atollic/truestudio for stm32 9.1.0/armtools/bin/../lib/gcc/arm-atollic-eabi/6.3.1/armv7-m/crtn.o
                0x20010000                _estack = 0x20010000
                0x00000200                _Min_Heap_Size = 0x200
                0x00000400                _Min_Stack_Size = 0x400

.isr_vector     0x08000000      0x1e4
                0x08000000                . = ALIGN (0x4)
 *(.isr_vector)
 .isr_vector    0x08000000      0x1e4 startup\startup_stm32f105xc.o
                0x08000000                g_pfnVectors
                0x080001e4                . = ALIGN (0x4)

.text           0x080001f0     0x5fc4
                0x080001f0                . = ALIGN (0x4)
 *(.text)
 .text          0x080001f0       0x40 c:/program files (x86)/atollic/truestudio for stm32 9.1.0/armtools/bin/../lib/gcc/arm-atollic-eabi/6.3.1/armv7-m/crtbegin.o
 .text          0x08000230       0x10 c:/program files (x86)/atollic/truestudio for stm32 9.1.0/armtools/bin/../lib/gcc/arm-atollic-eabi/6.3.1/../../../../arm-atollic-eabi/lib/armv7-m\libc_nano.a(lib_a-strlen.o)
                0x08000230                strlen
 .text          0x08000240       0x18 c:/program files (x86)/atollic/truestudio for stm32 9.1.0/armtools/bin/../lib/gcc/arm-atollic-eabi/6.3.1/armv7-m\libgcc.a(_lshrdi3.o)
                0x08000240                __lshrdi3
                0x08000240                __aeabi_llsr
 .text          0x08000258       0x30 c:/program files (x86)/atollic/truestudio for stm32 9.1.0/armtools/bin/../lib/gcc/arm-atollic-eabi/6.3.1/armv7-m\libgcc.a(_aeabi_uldivmod.o)
                0x08000258                __aeabi_uldivmod
 .text          0x08000288      0x2dc c:/program files (x86)/atollic/truestudio for stm32 9.1.0/armtools/bin/../lib/gcc/arm-atollic-eabi/6.3.1/armv7-m\libgcc.a(_udivmoddi4.o)
                0x08000288                __udivmoddi4
 .text          0x08000564        0x4 c:/program files (x86)/atollic/truestudio for stm32 9.1.0/armtools/bin/../lib/gcc/arm-atollic-eabi/6.3.1/armv7-m\libgcc.a(_dvmd_tls.o)
                0x08000564                __aeabi_idiv0
                0x08000564                __aeabi_ldiv0
 *(.text*)
 .text.HAL_InitTick
                0x08000568       0x48 Drivers\STM32F1xx_HAL_Driver\Src\stm32f1xx_hal.o
                0x08000568                HAL_InitTick
 .text.HAL_Init
                0x080005b0       0x24 Drivers\STM32F1xx_HAL_Driver\Src\stm32f1xx_hal.o
                0x080005b0                HAL_Init
 .text.HAL_IncTick
                0x080005d4       0x18 Drivers\STM32F1xx_HAL_Driver\Src\stm32f1xx_hal.o
                0x080005d4                HAL_IncTick
 .text.HAL_GetTick
                0x080005ec        0xc Drivers\STM32F1xx_HAL_Driver\Src\stm32f1xx_hal.o
                0x080005ec                HAL_GetTick
 .text.HAL_Delay
                0x080005f8       0x24 Drivers\STM32F1xx_HAL_Driver\Src\stm32f1xx_hal.o
                0x080005f8                HAL_Delay
 .text.HAL_GetUID
                0x0800061c       0x20 Drivers\STM32F1xx_HAL_Driver\Src\stm32f1xx_hal.o
                0x0800061c                HAL_GetUID
 .text.HAL_ADC_ConvCpltCallback
                0x0800063c        0x2 Drivers\STM32F1xx_HAL_Driver\Src\stm32f1xx_hal_adc.o
                0x0800063c                HAL_ADC_ConvCpltCallback
 .text.HAL_ADC_LevelOutOfWindowCallback
                0x0800063e        0x2 Drivers\STM32F1xx_HAL_Driver\Src\stm32f1xx_hal_adc.o
                0x0800063e                HAL_ADC_LevelOutOfWindowCallback
 .text.HAL_ADC_IRQHandler
                0x08000640       0xec Drivers\STM32F1xx_HAL_Driver\Src\stm32f1xx_hal_adc.o
                0x08000640                HAL_ADC_IRQHandler
 .text.HAL_ADC_ConfigChannel
                0x0800072c      0x108 Drivers\STM32F1xx_HAL_Driver\Src\stm32f1xx_hal_adc.o
                0x0800072c                HAL_ADC_ConfigChannel
 .text.ADC_Enable
                0x08000834       0x70 Drivers\STM32F1xx_HAL_Driver\Src\stm32f1xx_hal_adc.o
                0x08000834                ADC_Enable
 .text.ADC_ConversionStop_Disable
                0x080008a4       0x44 Drivers\STM32F1xx_HAL_Driver\Src\stm32f1xx_hal_adc.o
                0x080008a4                ADC_ConversionStop_Disable
 .text.HAL_ADC_Init
                0x080008e8      0x100 Drivers\STM32F1xx_HAL_Driver\Src\stm32f1xx_hal_adc.o
                0x080008e8                HAL_ADC_Init
 .text.HAL_ADCEx_InjectedStart_IT
                0x080009e8       0xb4 Drivers\STM32F1xx_HAL_Driver\Src\stm32f1xx_hal_adc_ex.o
                0x080009e8                HAL_ADCEx_InjectedStart_IT
 .text.HAL_ADCEx_InjectedGetValue
                0x08000a9c       0x1e Drivers\STM32F1xx_HAL_Driver\Src\stm32f1xx_hal_adc_ex.o
                0x08000a9c                HAL_ADCEx_InjectedGetValue
 *fill*         0x08000aba        0x2 
 .text.HAL_ADCEx_InjectedConfigChannel
                0x08000abc      0x1d8 Drivers\STM32F1xx_HAL_Driver\Src\stm32f1xx_hal_adc_ex.o
                0x08000abc                HAL_ADCEx_InjectedConfigChannel
 .text.HAL_NVIC_SetPriorityGrouping
                0x08000c94       0x24 Drivers\STM32F1xx_HAL_Driver\Src\stm32f1xx_hal_cortex.o
                0x08000c94                HAL_NVIC_SetPriorityGrouping
 .text.HAL_NVIC_SetPriority
                0x08000cb8       0x68 Drivers\STM32F1xx_HAL_Driver\Src\stm32f1xx_hal_cortex.o
                0x08000cb8                HAL_NVIC_SetPriority
 .text.HAL_NVIC_EnableIRQ
                0x08000d20       0x18 Drivers\STM32F1xx_HAL_Driver\Src\stm32f1xx_hal_cortex.o
                0x08000d20                HAL_NVIC_EnableIRQ
 .text.HAL_SYSTICK_Config
                0x08000d38       0x2c Drivers\STM32F1xx_HAL_Driver\Src\stm32f1xx_hal_cortex.o
                0x08000d38                HAL_SYSTICK_Config
 .text.HAL_DMA_Init
                0x08000d64       0x80 Drivers\STM32F1xx_HAL_Driver\Src\stm32f1xx_hal_dma.o
                0x08000d64                HAL_DMA_Init
 .text.HAL_DMA_Start_IT
                0x08000de4       0x7a Drivers\STM32F1xx_HAL_Driver\Src\stm32f1xx_hal_dma.o
                0x08000de4                HAL_DMA_Start_IT
 *fill*         0x08000e5e        0x2 
 .text.HAL_DMA_Abort_IT
                0x08000e60       0xdc Drivers\STM32F1xx_HAL_Driver\Src\stm32f1xx_hal_dma.o
                0x08000e60                HAL_DMA_Abort_IT
 .text.HAL_DMA_IRQHandler
                0x08000f3c      0x1b8 Drivers\STM32F1xx_HAL_Driver\Src\stm32f1xx_hal_dma.o
                0x08000f3c                HAL_DMA_IRQHandler
 .text.FLASH_SetErrorCode
                0x080010f4       0x50 Drivers\STM32F1xx_HAL_Driver\Src\stm32f1xx_hal_flash.o
 .text.HAL_FLASH_Unlock
                0x08001144       0x24 Drivers\STM32F1xx_HAL_Driver\Src\stm32f1xx_hal_flash.o
                0x08001144                HAL_FLASH_Unlock
 .text.HAL_FLASH_Lock
                0x08001168       0x14 Drivers\STM32F1xx_HAL_Driver\Src\stm32f1xx_hal_flash.o
                0x08001168                HAL_FLASH_Lock
 .text.FLASH_WaitForLastOperation
                0x0800117c       0x54 Drivers\STM32F1xx_HAL_Driver\Src\stm32f1xx_hal_flash.o
                0x0800117c                FLASH_WaitForLastOperation
 .text.HAL_FLASH_Program
                0x080011d0       0x8c Drivers\STM32F1xx_HAL_Driver\Src\stm32f1xx_hal_flash.o
                0x080011d0                HAL_FLASH_Program
 .text.FLASH_MassErase.isra.0
                0x0800125c       0x24 Drivers\STM32F1xx_HAL_Driver\Src\stm32f1xx_hal_flash_ex.o
 .text.FLASH_PageErase
                0x08001280       0x24 Drivers\STM32F1xx_HAL_Driver\Src\stm32f1xx_hal_flash_ex.o
                0x08001280                FLASH_PageErase
 .text.HAL_FLASHEx_Erase
                0x080012a4       0x9c Drivers\STM32F1xx_HAL_Driver\Src\stm32f1xx_hal_flash_ex.o
                0x080012a4                HAL_FLASHEx_Erase
 .text.HAL_GPIO_Init
                0x08001340      0x1c0 Drivers\STM32F1xx_HAL_Driver\Src\stm32f1xx_hal_gpio.o
                0x08001340                HAL_GPIO_Init
 .text.HAL_GPIO_ReadPin
                0x08001500        0xc Drivers\STM32F1xx_HAL_Driver\Src\stm32f1xx_hal_gpio.o
                0x08001500                HAL_GPIO_ReadPin
 .text.HAL_GPIO_WritePin
                0x0800150c        0xa Drivers\STM32F1xx_HAL_Driver\Src\stm32f1xx_hal_gpio.o
                0x0800150c                HAL_GPIO_WritePin
 *fill*         0x08001516        0x2 
 .text.HAL_RCC_OscConfig
                0x08001518      0x3d8 Drivers\STM32F1xx_HAL_Driver\Src\stm32f1xx_hal_rcc.o
                0x08001518                HAL_RCC_OscConfig
 .text.HAL_RCC_GetSysClockFreq
                0x080018f0       0xc4 Drivers\STM32F1xx_HAL_Driver\Src\stm32f1xx_hal_rcc.o
                0x080018f0                HAL_RCC_GetSysClockFreq
 .text.HAL_RCC_ClockConfig
                0x080019b4      0x164 Drivers\STM32F1xx_HAL_Driver\Src\stm32f1xx_hal_rcc.o
                0x080019b4                HAL_RCC_ClockConfig
 .text.HAL_RCC_GetPCLK1Freq
                0x08001b18       0x20 Drivers\STM32F1xx_HAL_Driver\Src\stm32f1xx_hal_rcc.o
                0x08001b18                HAL_RCC_GetPCLK1Freq
 .text.HAL_RCC_GetPCLK2Freq
                0x08001b38       0x20 Drivers\STM32F1xx_HAL_Driver\Src\stm32f1xx_hal_rcc.o
                0x08001b38                HAL_RCC_GetPCLK2Freq
 .text.HAL_RCCEx_PeriphCLKConfig
                0x08001b58      0x17c Drivers\STM32F1xx_HAL_Driver\Src\stm32f1xx_hal_rcc_ex.o
                0x08001b58                HAL_RCCEx_PeriphCLKConfig
 .text.TIM_OC1_SetConfig
                0x08001cd4       0x50 Drivers\STM32F1xx_HAL_Driver\Src\stm32f1xx_hal_tim.o
 .text.TIM_OC3_SetConfig
                0x08001d24       0x54 Drivers\STM32F1xx_HAL_Driver\Src\stm32f1xx_hal_tim.o
 .text.TIM_OC4_SetConfig
                0x08001d78       0x44 Drivers\STM32F1xx_HAL_Driver\Src\stm32f1xx_hal_tim.o
 .text.HAL_TIM_PWM_MspInit
                0x08001dbc        0x2 Drivers\STM32F1xx_HAL_Driver\Src\stm32f1xx_hal_tim.o
                0x08001dbc                HAL_TIM_PWM_MspInit
 .text.HAL_TIM_ConfigClockSource
                0x08001dbe      0x172 Drivers\STM32F1xx_HAL_Driver\Src\stm32f1xx_hal_tim.o
                0x08001dbe                HAL_TIM_ConfigClockSource
 .text.HAL_TIM_PeriodElapsedCallback
                0x08001f30        0x2 Drivers\STM32F1xx_HAL_Driver\Src\stm32f1xx_hal_tim.o
                0x08001f30                HAL_TIM_PeriodElapsedCallback
 .text.HAL_TIM_OC_DelayElapsedCallback
                0x08001f32        0x2 Drivers\STM32F1xx_HAL_Driver\Src\stm32f1xx_hal_tim.o
                0x08001f32                HAL_TIM_OC_DelayElapsedCallback
 .text.HAL_TIM_IC_CaptureCallback
                0x08001f34        0x2 Drivers\STM32F1xx_HAL_Driver\Src\stm32f1xx_hal_tim.o
                0x08001f34                HAL_TIM_IC_CaptureCallback
 .text.HAL_TIM_PWM_PulseFinishedCallback
                0x08001f36        0x2 Drivers\STM32F1xx_HAL_Driver\Src\stm32f1xx_hal_tim.o
                0x08001f36                HAL_TIM_PWM_PulseFinishedCallback
 .text.HAL_TIM_TriggerCallback
                0x08001f38        0x2 Drivers\STM32F1xx_HAL_Driver\Src\stm32f1xx_hal_tim.o
                0x08001f38                HAL_TIM_TriggerCallback
 .text.HAL_TIM_IRQHandler
                0x08001f3a      0x144 Drivers\STM32F1xx_HAL_Driver\Src\stm32f1xx_hal_tim.o
                0x08001f3a                HAL_TIM_IRQHandler
 *fill*         0x0800207e        0x2 
 .text.TIM_Base_SetConfig
                0x08002080       0x80 Drivers\STM32F1xx_HAL_Driver\Src\stm32f1xx_hal_tim.o
                0x08002080                TIM_Base_SetConfig
 .text.HAL_TIM_Base_Init
                0x08002100       0x34 Drivers\STM32F1xx_HAL_Driver\Src\stm32f1xx_hal_tim.o
                0x08002100                HAL_TIM_Base_Init
 .text.HAL_TIM_PWM_Init
                0x08002134       0x34 Drivers\STM32F1xx_HAL_Driver\Src\stm32f1xx_hal_tim.o
                0x08002134                HAL_TIM_PWM_Init
 .text.TIM_OC2_SetConfig
                0x08002168       0x58 Drivers\STM32F1xx_HAL_Driver\Src\stm32f1xx_hal_tim.o
                0x08002168                TIM_OC2_SetConfig
 .text.HAL_TIM_PWM_ConfigChannel
                0x080021c0       0xc4 Drivers\STM32F1xx_HAL_Driver\Src\stm32f1xx_hal_tim.o
                0x080021c0                HAL_TIM_PWM_ConfigChannel
 .text.TIM_CCxChannelCmd
                0x08002284       0x18 Drivers\STM32F1xx_HAL_Driver\Src\stm32f1xx_hal_tim.o
                0x08002284                TIM_CCxChannelCmd
 .text.HAL_TIM_PWM_Start
                0x0800229c       0x2c Drivers\STM32F1xx_HAL_Driver\Src\stm32f1xx_hal_tim.o
                0x0800229c                HAL_TIM_PWM_Start
 .text.HAL_TIMEx_MasterConfigSynchronization
                0x080022c8       0x44 Drivers\STM32F1xx_HAL_Driver\Src\stm32f1xx_hal_tim_ex.o
                0x080022c8                HAL_TIMEx_MasterConfigSynchronization
 .text.HAL_TIMEx_CommutationCallback
                0x0800230c        0x2 Drivers\STM32F1xx_HAL_Driver\Src\stm32f1xx_hal_tim_ex.o
                0x0800230c                HAL_TIMEx_CommutationCallback
 .text.HAL_TIMEx_BreakCallback
                0x0800230e        0x2 Drivers\STM32F1xx_HAL_Driver\Src\stm32f1xx_hal_tim_ex.o
                0x0800230e                HAL_TIMEx_BreakCallback
 .text.UART_EndRxTransfer
                0x08002310       0x1a Drivers\STM32F1xx_HAL_Driver\Src\stm32f1xx_hal_uart.o
 *fill*         0x0800232a        0x2 
 .text.UART_SetConfig
                0x0800232c      0x13c Drivers\STM32F1xx_HAL_Driver\Src\stm32f1xx_hal_uart.o
 .text.UART_WaitOnFlagUntilTimeout.constprop.3
                0x08002468       0x50 Drivers\STM32F1xx_HAL_Driver\Src\stm32f1xx_hal_uart.o
 .text.HAL_UART_Init
                0x080024b8       0x5c Drivers\STM32F1xx_HAL_Driver\Src\stm32f1xx_hal_uart.o
                0x080024b8                HAL_UART_Init
 .text.HAL_UART_Transmit
                0x08002514       0xb8 Drivers\STM32F1xx_HAL_Driver\Src\stm32f1xx_hal_uart.o
                0x08002514                HAL_UART_Transmit
 .text.HAL_UART_Receive_IT
                0x080025cc       0x4e Drivers\STM32F1xx_HAL_Driver\Src\stm32f1xx_hal_uart.o
                0x080025cc                HAL_UART_Receive_IT
 *fill*         0x0800261a        0x2 
 .text.HAL_UART_Transmit_DMA
                0x0800261c       0x74 Drivers\STM32F1xx_HAL_Driver\Src\stm32f1xx_hal_uart.o
                0x0800261c                HAL_UART_Transmit_DMA
 .text.HAL_UART_TxCpltCallback
                0x08002690        0x2 Drivers\STM32F1xx_HAL_Driver\Src\stm32f1xx_hal_uart.o
                0x08002690                HAL_UART_TxCpltCallback
 .text.UART_DMATransmitCplt
                0x08002692       0x2c Drivers\STM32F1xx_HAL_Driver\Src\stm32f1xx_hal_uart.o
 .text.HAL_UART_TxHalfCpltCallback
                0x080026be        0x2 Drivers\STM32F1xx_HAL_Driver\Src\stm32f1xx_hal_uart.o
                0x080026be                HAL_UART_TxHalfCpltCallback
 .text.UART_DMATxHalfCplt
                0x080026c0        0xa Drivers\STM32F1xx_HAL_Driver\Src\stm32f1xx_hal_uart.o
 .text.UART_Receive_IT
                0x080026ca       0x7c Drivers\STM32F1xx_HAL_Driver\Src\stm32f1xx_hal_uart.o
 .text.HAL_UART_ErrorCallback
                0x08002746        0x2 Drivers\STM32F1xx_HAL_Driver\Src\stm32f1xx_hal_uart.o
                0x08002746                HAL_UART_ErrorCallback
 .text.UART_DMAError
                0x08002748       0x4e Drivers\STM32F1xx_HAL_Driver\Src\stm32f1xx_hal_uart.o
 *fill*         0x08002796        0x2 
 .text.HAL_UART_IRQHandler
                0x08002798      0x140 Drivers\STM32F1xx_HAL_Driver\Src\stm32f1xx_hal_uart.o
                0x08002798                HAL_UART_IRQHandler
 .text.UART_DMAAbortOnError
                0x080028d8       0x10 Drivers\STM32F1xx_HAL_Driver\Src\stm32f1xx_hal_uart.o
 .text.osKernelStart
                0x080028e8        0xa Middlewares\Third_Party\FreeRTOS\Source\CMSIS_RTOS\cmsis_os.o
                0x080028e8                osKernelStart
 .text.osSystickHandler
                0x080028f2       0x14 Middlewares\Third_Party\FreeRTOS\Source\CMSIS_RTOS\cmsis_os.o
                0x080028f2                osSystickHandler
 .text.vListInitialise
                0x08002906       0x16 Middlewares\Third_Party\FreeRTOS\Source\list.o
                0x08002906                vListInitialise
 .text.vListInitialiseItem
                0x0800291c        0x6 Middlewares\Third_Party\FreeRTOS\Source\list.o
                0x0800291c                vListInitialiseItem
 .text.vListInsertEnd
                0x08002922       0x18 Middlewares\Third_Party\FreeRTOS\Source\list.o
                0x08002922                vListInsertEnd
 .text.vListInsert
                0x0800293a       0x2e Middlewares\Third_Party\FreeRTOS\Source\list.o
                0x0800293a                vListInsert
 .text.uxListRemove
                0x08002968       0x20 Middlewares\Third_Party\FreeRTOS\Source\list.o
                0x08002968                uxListRemove
 .text.prvTaskExitError
                0x08002988       0x30 Middlewares\Third_Party\FreeRTOS\Source\portable\GCC\ARM_CM3\port.o
 .text.prvPortStartFirstTask
                0x080029b8       0x20 Middlewares\Third_Party\FreeRTOS\Source\portable\GCC\ARM_CM3\port.o
 .text.pxPortInitialiseStack
                0x080029d8       0x24 Middlewares\Third_Party\FreeRTOS\Source\portable\GCC\ARM_CM3\port.o
                0x080029d8                pxPortInitialiseStack
 *fill*         0x080029fc        0x4 
 .text.SVC_Handler
                0x08002a00       0x24 Middlewares\Third_Party\FreeRTOS\Source\portable\GCC\ARM_CM3\port.o
                0x08002a00                SVC_Handler
 .text.vPortEnterCritical
                0x08002a24       0x44 Middlewares\Third_Party\FreeRTOS\Source\portable\GCC\ARM_CM3\port.o
                0x08002a24                vPortEnterCritical
 .text.vPortExitCritical
                0x08002a68       0x28 Middlewares\Third_Party\FreeRTOS\Source\portable\GCC\ARM_CM3\port.o
                0x08002a68                vPortExitCritical
 .text.PendSV_Handler
                0x08002a90       0x44 Middlewares\Third_Party\FreeRTOS\Source\portable\GCC\ARM_CM3\port.o
                0x08002a90                PendSV_Handler
 .text.xPortSysTickHandler
                0x08002ad4       0x2c Middlewares\Third_Party\FreeRTOS\Source\portable\GCC\ARM_CM3\port.o
                0x08002ad4                xPortSysTickHandler
 .text.vPortSetupTimerInterrupt
                0x08002b00       0x28 Middlewares\Third_Party\FreeRTOS\Source\portable\GCC\ARM_CM3\port.o
                0x08002b00                vPortSetupTimerInterrupt
 .text.xPortStartScheduler
                0x08002b28       0x94 Middlewares\Third_Party\FreeRTOS\Source\portable\GCC\ARM_CM3\port.o
                0x08002b28                xPortStartScheduler
 .text.vPortValidateInterruptPriority
                0x08002bbc       0x5c Middlewares\Third_Party\FreeRTOS\Source\portable\GCC\ARM_CM3\port.o
                0x08002bbc                vPortValidateInterruptPriority
 .text.unlikely.prvInsertBlockIntoFreeList
                0x08002c18       0x48 Middlewares\Third_Party\FreeRTOS\Source\portable\MemMang\heap_4.o
 .text.pvPortMalloc
                0x08002c60      0x11c Middlewares\Third_Party\FreeRTOS\Source\portable\MemMang\heap_4.o
                0x08002c60                pvPortMalloc
 .text.vPortFree
                0x08002d7c       0x70 Middlewares\Third_Party\FreeRTOS\Source\portable\MemMang\heap_4.o
                0x08002d7c                vPortFree
 .text.xPortGetFreeHeapSize
                0x08002dec        0xc Middlewares\Third_Party\FreeRTOS\Source\portable\MemMang\heap_4.o
                0x08002dec                xPortGetFreeHeapSize
 .text.unlikely.prvCopyDataToQueue
                0x08002df8       0x66 Middlewares\Third_Party\FreeRTOS\Source\queue.o
 .text.unlikely.prvCopyDataFromQueue
                0x08002e5e       0x28 Middlewares\Third_Party\FreeRTOS\Source\queue.o
 .text.prvUnlockQueue
                0x08002e86       0x70 Middlewares\Third_Party\FreeRTOS\Source\queue.o
 *fill*         0x08002ef6        0x2 
 .text.xQueueGenericReset
                0x08002ef8       0x80 Middlewares\Third_Party\FreeRTOS\Source\queue.o
                0x08002ef8                xQueueGenericReset
 .text.xQueueGenericCreate
                0x08002f78       0x42 Middlewares\Third_Party\FreeRTOS\Source\queue.o
                0x08002f78                xQueueGenericCreate
 *fill*         0x08002fba        0x2 
 .text.xQueueGenericSend
                0x08002fbc      0x16c Middlewares\Third_Party\FreeRTOS\Source\queue.o
                0x08002fbc                xQueueGenericSend
 .text.xQueueGenericSendFromISR
                0x08003128       0xc4 Middlewares\Third_Party\FreeRTOS\Source\queue.o
                0x08003128                xQueueGenericSendFromISR
 .text.xQueueGenericReceive
                0x080031ec      0x188 Middlewares\Third_Party\FreeRTOS\Source\queue.o
                0x080031ec                xQueueGenericReceive
 .text.prvResetNextTaskUnblockTime
                0x08003374       0x24 Middlewares\Third_Party\FreeRTOS\Source\tasks.o
 .text.prvAddCurrentTaskToDelayedList
                0x08003398       0x8c Middlewares\Third_Party\FreeRTOS\Source\tasks.o
 .text.vTaskSetTimeOutState.part.5
                0x08003424       0x12 Middlewares\Third_Party\FreeRTOS\Source\tasks.o
 *fill*         0x08003436        0x2 
 .text.xTaskCreate
                0x08003438      0x1a0 Middlewares\Third_Party\FreeRTOS\Source\tasks.o
                0x08003438                xTaskCreate
 .text.vTaskStartScheduler
                0x080035d8       0x78 Middlewares\Third_Party\FreeRTOS\Source\tasks.o
                0x080035d8                vTaskStartScheduler
 .text.vTaskSuspendAll
                0x08003650       0x10 Middlewares\Third_Party\FreeRTOS\Source\tasks.o
                0x08003650                vTaskSuspendAll
 .text.xTaskIncrementTick
                0x08003660      0x124 Middlewares\Third_Party\FreeRTOS\Source\tasks.o
                0x08003660                xTaskIncrementTick
 .text.xTaskResumeAll
                0x08003784       0xf0 Middlewares\Third_Party\FreeRTOS\Source\tasks.o
                0x08003784                xTaskResumeAll
 .text.vTaskDelay
                0x08003874       0x48 Middlewares\Third_Party\FreeRTOS\Source\tasks.o
                0x08003874                vTaskDelay
 .text.prvIdleTask
                0x080038bc       0x74 Middlewares\Third_Party\FreeRTOS\Source\tasks.o
 .text.vTaskSwitchContext
                0x08003930       0x74 Middlewares\Third_Party\FreeRTOS\Source\tasks.o
                0x08003930                vTaskSwitchContext
 .text.vTaskPlaceOnEventList
                0x080039a4       0x34 Middlewares\Third_Party\FreeRTOS\Source\tasks.o
                0x080039a4                vTaskPlaceOnEventList
 .text.xTaskRemoveFromEventList
                0x080039d8       0x84 Middlewares\Third_Party\FreeRTOS\Source\tasks.o
                0x080039d8                xTaskRemoveFromEventList
 .text.vTaskSetTimeOutState
                0x08003a5c       0x20 Middlewares\Third_Party\FreeRTOS\Source\tasks.o
                0x08003a5c                vTaskSetTimeOutState
 .text.xTaskCheckForTimeOut
                0x08003a7c       0x74 Middlewares\Third_Party\FreeRTOS\Source\tasks.o
                0x08003a7c                xTaskCheckForTimeOut
 .text.vTaskMissedYield
                0x08003af0        0xc Middlewares\Third_Party\FreeRTOS\Source\tasks.o
                0x08003af0                vTaskMissedYield
 .text.xTaskGetSchedulerState
                0x08003afc       0x20 Middlewares\Third_Party\FreeRTOS\Source\tasks.o
                0x08003afc                xTaskGetSchedulerState
 .text.vTaskPriorityInherit
                0x08003b1c       0x90 Middlewares\Third_Party\FreeRTOS\Source\tasks.o
                0x08003b1c                vTaskPriorityInherit
 .text.xTaskPriorityDisinherit
                0x08003bac       0xa0 Middlewares\Third_Party\FreeRTOS\Source\tasks.o
                0x08003bac                xTaskPriorityDisinherit
 .text.pvTaskIncrementMutexHeldCount
                0x08003c4c       0x18 Middlewares\Third_Party\FreeRTOS\Source\tasks.o
                0x08003c4c                pvTaskIncrementMutexHeldCount
 .text.fir_filter
                0x08003c64       0x4c Src\adcStorage.o
                0x08003c64                fir_filter
 .text.xStoreADCDataTask
                0x08003cb0      0x1c0 Src\adcStorage.o
                0x08003cb0                xStoreADCDataTask
 .text.xAnalyzeTask
                0x08003e70      0x224 Src\analyze.o
                0x08003e70                xAnalyzeTask
 .text.xBlynkTask
                0x08004094       0x58 Src\controllerInit.o
                0x08004094                xBlynkTask
 .text.controller_init
                0x080040ec      0x240 Src\controllerInit.o
                0x080040ec                controller_init
 .text.print_debug
                0x0800432c       0x34 Src\controllerUtils.o
                0x0800432c                print_debug
 .text.init_rf433
                0x08004360       0xa8 Src\controllerUtils.o
                0x08004360                init_rf433
 .text.mWrite_flash
                0x08004408       0x74 Src\flashFunctions.o
                0x08004408                mWrite_flash
 .text.mRead_flash
                0x0800447c       0x38 Src\flashFunctions.o
                0x0800447c                mRead_flash
 .text.SystemClock_Config
                0x080044b4       0x78 Src\main.o
                0x080044b4                SystemClock_Config
 .text.startup.main
                0x0800452c      0x23c Src\main.o
                0x0800452c                main
 .text.HAL_UART_RxCpltCallback
                0x08004768       0x78 Src\main.o
                0x08004768                HAL_UART_RxCpltCallback
 .text.HAL_ADCEx_InjectedConvCpltCallback
                0x080047e0       0x34 Src\main.o
                0x080047e0                HAL_ADCEx_InjectedConvCpltCallback
 .text.Error_Handler
                0x08004814        0x2 Src\main.o
                0x08004814                Error_Handler
 *fill*         0x08004816        0x2 
 .text.xProcessCommandTask
                0x08004818      0x368 Src\processCommand.o
                0x08004818                xProcessCommandTask
 .text.xScanInputTask
                0x08004b80       0x88 Src\scanInput.o
                0x08004b80                xScanInputTask
 .text.HAL_MspInit
                0x08004c08       0x50 Src\stm32f1xx_hal_msp.o
                0x08004c08                HAL_MspInit
 .text.HAL_ADC_MspInit
                0x08004c58       0x6c Src\stm32f1xx_hal_msp.o
                0x08004c58                HAL_ADC_MspInit
 .text.HAL_TIM_Base_MspInit
                0x08004cc4       0x3c Src\stm32f1xx_hal_msp.o
                0x08004cc4                HAL_TIM_Base_MspInit
 .text.HAL_TIM_MspPostInit
                0x08004d00       0x74 Src\stm32f1xx_hal_msp.o
                0x08004d00                HAL_TIM_MspPostInit
 .text.HAL_UART_MspInit
                0x08004d74       0xb8 Src\stm32f1xx_hal_msp.o
                0x08004d74                HAL_UART_MspInit
 .text.NMI_Handler
                0x08004e2c        0x2 Src\stm32f1xx_it.o
                0x08004e2c                NMI_Handler
 .text.HardFault_Handler
                0x08004e2e        0x2 Src\stm32f1xx_it.o
                0x08004e2e                HardFault_Handler
 .text.MemManage_Handler
                0x08004e30        0x2 Src\stm32f1xx_it.o
                0x08004e30                MemManage_Handler
 .text.BusFault_Handler
                0x08004e32        0x2 Src\stm32f1xx_it.o
                0x08004e32                BusFault_Handler
 .text.UsageFault_Handler
                0x08004e34        0x2 Src\stm32f1xx_it.o
                0x08004e34                UsageFault_Handler
 .text.DebugMon_Handler
                0x08004e36        0x2 Src\stm32f1xx_it.o
                0x08004e36                DebugMon_Handler
 .text.SysTick_Handler
                0x08004e38        0xe Src\stm32f1xx_it.o
                0x08004e38                SysTick_Handler
 *fill*         0x08004e46        0x2 
 .text.DMA1_Channel4_IRQHandler
                0x08004e48        0xc Src\stm32f1xx_it.o
                0x08004e48                DMA1_Channel4_IRQHandler
 .text.ADC1_2_IRQHandler
                0x08004e54        0xc Src\stm32f1xx_it.o
                0x08004e54                ADC1_2_IRQHandler
 .text.TIM3_IRQHandler
                0x08004e60        0xc Src\stm32f1xx_it.o
                0x08004e60                TIM3_IRQHandler
 .text.USART1_IRQHandler
                0x08004e6c        0xc Src\stm32f1xx_it.o
                0x08004e6c                USART1_IRQHandler
 .text._sbrk    0x08004e78       0x34 Src\syscalls.o
                0x08004e78                _sbrk
 .text.SystemInit
                0x08004eac       0x58 Src\system_stm32f1xx.o
                0x08004eac                SystemInit
 .text.Reset_Handler
                0x08004f04       0x44 startup\startup_stm32f105xc.o
                0x08004f04                Reset_Handler
 .text.Default_Handler
                0x08004f48        0x2 startup\startup_stm32f105xc.o
                0x08004f48                RTC_Alarm_IRQHandler
                0x08004f48                EXTI2_IRQHandler
                0x08004f48                TIM1_CC_IRQHandler
                0x08004f48                TIM6_IRQHandler
                0x08004f48                PVD_IRQHandler
                0x08004f48                CAN2_RX1_IRQHandler
                0x08004f48                EXTI3_IRQHandler
                0x08004f48                EXTI0_IRQHandler
                0x08004f48                I2C2_EV_IRQHandler
                0x08004f48                CAN1_RX0_IRQHandler
                0x08004f48                CAN2_SCE_IRQHandler
                0x08004f48                SPI1_IRQHandler
                0x08004f48                TAMPER_IRQHandler
                0x08004f48                CAN2_RX0_IRQHandler
                0x08004f48                DMA2_Channel2_IRQHandler
                0x08004f48                USART3_IRQHandler
                0x08004f48                RTC_IRQHandler
                0x08004f48                DMA1_Channel7_IRQHandler
                0x08004f48                CAN1_RX1_IRQHandler
                0x08004f48                UART5_IRQHandler
                0x08004f48                TIM4_IRQHandler
                0x08004f48                DMA2_Channel1_IRQHandler
                0x08004f48                I2C1_EV_IRQHandler
                0x08004f48                DMA1_Channel6_IRQHandler
                0x08004f48                UART4_IRQHandler
                0x08004f48                DMA2_Channel4_IRQHandler
                0x08004f48                RCC_IRQHandler
                0x08004f48                TIM1_TRG_COM_IRQHandler
                0x08004f48                DMA1_Channel1_IRQHandler
                0x08004f48                Default_Handler
                0x08004f48                EXTI15_10_IRQHandler
                0x08004f48                TIM7_IRQHandler
                0x08004f48                CAN2_TX_IRQHandler
                0x08004f48                TIM5_IRQHandler
                0x08004f48                EXTI9_5_IRQHandler
                0x08004f48                SPI2_IRQHandler
                0x08004f48                CAN1_TX_IRQHandler
                0x08004f48                DMA2_Channel5_IRQHandler
                0x08004f48                DMA1_Channel5_IRQHandler
                0x08004f48                EXTI4_IRQHandler
                0x08004f48                DMA1_Channel3_IRQHandler
                0x08004f48                TIM1_UP_IRQHandler
                0x08004f48                WWDG_IRQHandler
                0x08004f48                TIM2_IRQHandler
                0x08004f48                OTG_FS_WKUP_IRQHandler
                0x08004f48                TIM1_BRK_IRQHandler
                0x08004f48                EXTI1_IRQHandler
                0x08004f48                USART2_IRQHandler
                0x08004f48                I2C2_ER_IRQHandler
                0x08004f48                DMA1_Channel2_IRQHandler
                0x08004f48                CAN1_SCE_IRQHandler
                0x08004f48                FLASH_IRQHandler
                0x08004f48                OTG_FS_IRQHandler
                0x08004f48                SPI3_IRQHandler
                0x08004f48                I2C1_ER_IRQHandler
                0x08004f48                DMA2_Channel3_IRQHandler
 *fill*         0x08004f4a        0x2 
 .text.__errno  0x08004f4c        0xc c:/program files (x86)/atollic/truestudio for stm32 9.1.0/armtools/bin/../lib/gcc/arm-atollic-eabi/6.3.1/../../../../arm-atollic-eabi/lib/armv7-m\libc_nano.a(lib_a-errno.o)
                0x08004f4c                __errno
 .text.memcpy   0x08004f58       0x16 c:/program files (x86)/atollic/truestudio for stm32 9.1.0/armtools/bin/../lib/gcc/arm-atollic-eabi/6.3.1/../../../../arm-atollic-eabi/lib/armv7-m\libc_nano.a(lib_a-memcpy-stub.o)
                0x08004f58                memcpy
 .text.memset   0x08004f6e       0x10 c:/program files (x86)/atollic/truestudio for stm32 9.1.0/armtools/bin/../lib/gcc/arm-atollic-eabi/6.3.1/../../../../arm-atollic-eabi/lib/armv7-m\libc_nano.a(lib_a-memset.o)
                0x08004f6e                memset
 *fill*         0x08004f7e        0x2 
 .text.sprintf  0x08004f80       0x48 c:/program files (x86)/atollic/truestudio for stm32 9.1.0/armtools/bin/../lib/gcc/arm-atollic-eabi/6.3.1/../../../../arm-atollic-eabi/lib/armv7-m\libc_nano.a(lib_a-sprintf.o)
                0x08004f80                siprintf
                0x08004f80                sprintf
 .text.sscanf   0x08004fc8       0x54 c:/program files (x86)/atollic/truestudio for stm32 9.1.0/armtools/bin/../lib/gcc/arm-atollic-eabi/6.3.1/../../../../arm-atollic-eabi/lib/armv7-m\libc_nano.a(lib_a-sscanf.o)
                0x08004fc8                siscanf
                0x08004fc8                sscanf
 .text.__seofread
                0x0800501c        0x4 c:/program files (x86)/atollic/truestudio for stm32 9.1.0/armtools/bin/../lib/gcc/arm-atollic-eabi/6.3.1/../../../../arm-atollic-eabi/lib/armv7-m\libc_nano.a(lib_a-stdio.o)
                0x0800501c                __seofread
 .text.__ssputs_r
                0x08005020       0xb6 c:/program files (x86)/atollic/truestudio for stm32 9.1.0/armtools/bin/../lib/gcc/arm-atollic-eabi/6.3.1/../../../../arm-atollic-eabi/lib/armv7-m\libc_nano.a(lib_a-nano-svfprintf.o)
                0x08005020                __ssputs_r
 *fill*         0x080050d6        0x2 
 .text._svfprintf_r
                0x080050d8      0x1e8 c:/program files (x86)/atollic/truestudio for stm32 9.1.0/armtools/bin/../lib/gcc/arm-atollic-eabi/6.3.1/../../../../arm-atollic-eabi/lib/armv7-m\libc_nano.a(lib_a-nano-svfprintf.o)
                0x080050d8                _svfiprintf_r
                0x080050d8                _svfprintf_r
 .text._sungetc_r
                0x080052c0       0x7a c:/program files (x86)/atollic/truestudio for stm32 9.1.0/armtools/bin/../lib/gcc/arm-atollic-eabi/6.3.1/../../../../arm-atollic-eabi/lib/armv7-m\libc_nano.a(lib_a-nano-svfscanf.o)
                0x080052c0                _sungetc_r
 .text.__ssrefill_r
                0x0800533a       0x3a c:/program files (x86)/atollic/truestudio for stm32 9.1.0/armtools/bin/../lib/gcc/arm-atollic-eabi/6.3.1/../../../../arm-atollic-eabi/lib/armv7-m\libc_nano.a(lib_a-nano-svfscanf.o)
                0x0800533a                __ssrefill_r
 .text.__ssvfscanf_r
                0x08005374      0x2a8 c:/program files (x86)/atollic/truestudio for stm32 9.1.0/armtools/bin/../lib/gcc/arm-atollic-eabi/6.3.1/../../../../arm-atollic-eabi/lib/armv7-m\libc_nano.a(lib_a-nano-svfscanf.o)
                0x08005374                __ssvfiscanf_r
                0x08005374                __ssvfscanf_r
 .text._printf_common
                0x0800561c       0xee c:/program files (x86)/atollic/truestudio for stm32 9.1.0/armtools/bin/../lib/gcc/arm-atollic-eabi/6.3.1/../../../../arm-atollic-eabi/lib/armv7-m\libc_nano.a(lib_a-nano-vfprintf_i.o)
                0x0800561c                _printf_common
 *fill*         0x0800570a        0x2 
 .text._printf_i
                0x0800570c      0x240 c:/program files (x86)/atollic/truestudio for stm32 9.1.0/armtools/bin/../lib/gcc/arm-atollic-eabi/6.3.1/../../../../arm-atollic-eabi/lib/armv7-m\libc_nano.a(lib_a-nano-vfprintf_i.o)
                0x0800570c                _printf_i
 .text._scanf_chars
                0x0800594c       0xc6 c:/program files (x86)/atollic/truestudio for stm32 9.1.0/armtools/bin/../lib/gcc/arm-atollic-eabi/6.3.1/../../../../arm-atollic-eabi/lib/armv7-m\libc_nano.a(lib_a-nano-vfscanf_i.o)
                0x0800594c                _scanf_chars
 *fill*         0x08005a12        0x2 
 .text._scanf_i
                0x08005a14      0x1ec c:/program files (x86)/atollic/truestudio for stm32 9.1.0/armtools/bin/../lib/gcc/arm-atollic-eabi/6.3.1/../../../../arm-atollic-eabi/lib/armv7-m\libc_nano.a(lib_a-nano-vfscanf_i.o)
                0x08005a14                _scanf_i
 .text.__sccl   0x08005c00       0x5e c:/program files (x86)/atollic/truestudio for stm32 9.1.0/armtools/bin/../lib/gcc/arm-atollic-eabi/6.3.1/../../../../arm-atollic-eabi/lib/armv7-m\libc_nano.a(lib_a-sccl.o)
                0x08005c00                __sccl
 .text._strtol_l.isra.0
                0x08005c5e      0x100 c:/program files (x86)/atollic/truestudio for stm32 9.1.0/armtools/bin/../lib/gcc/arm-atollic-eabi/6.3.1/../../../../arm-atollic-eabi/lib/armv7-m\libc_nano.a(lib_a-strtol.o)
 *fill*         0x08005d5e        0x2 
 .text._strtol_r
                0x08005d60       0x24 c:/program files (x86)/atollic/truestudio for stm32 9.1.0/armtools/bin/../lib/gcc/arm-atollic-eabi/6.3.1/../../../../arm-atollic-eabi/lib/armv7-m\libc_nano.a(lib_a-strtol.o)
                0x08005d60                _strtol_r
 .text._strtoul_l.isra.0
                0x08005d84       0xfa c:/program files (x86)/atollic/truestudio for stm32 9.1.0/armtools/bin/../lib/gcc/arm-atollic-eabi/6.3.1/../../../../arm-atollic-eabi/lib/armv7-m\libc_nano.a(lib_a-strtoul.o)
 *fill*         0x08005e7e        0x2 
 .text._strtoul_r
                0x08005e80       0x24 c:/program files (x86)/atollic/truestudio for stm32 9.1.0/armtools/bin/../lib/gcc/arm-atollic-eabi/6.3.1/../../../../arm-atollic-eabi/lib/armv7-m\libc_nano.a(lib_a-strtoul.o)
                0x08005e80                _strtoul_r
 .text.__submore
                0x08005ea4       0x72 c:/program files (x86)/atollic/truestudio for stm32 9.1.0/armtools/bin/../lib/gcc/arm-atollic-eabi/6.3.1/../../../../arm-atollic-eabi/lib/armv7-m\libc_nano.a(lib_a-ungetc.o)
                0x08005ea4                __submore
 .text.__locale_ctype_ptr_l
                0x08005f16        0x6 c:/program files (x86)/atollic/truestudio for stm32 9.1.0/armtools/bin/../lib/gcc/arm-atollic-eabi/6.3.1/../../../../arm-atollic-eabi/lib/armv7-m\libc_nano.a(lib_a-locale.o)
                0x08005f16                __locale_ctype_ptr_l
 .text.__locale_ctype_ptr
                0x08005f1c       0x1c c:/program files (x86)/atollic/truestudio for stm32 9.1.0/armtools/bin/../lib/gcc/arm-atollic-eabi/6.3.1/../../../../arm-atollic-eabi/lib/armv7-m\libc_nano.a(lib_a-locale.o)
                0x08005f1c                __locale_ctype_ptr
 .text.__ascii_mbtowc
                0x08005f38       0x24 c:/program files (x86)/atollic/truestudio for stm32 9.1.0/armtools/bin/../lib/gcc/arm-atollic-eabi/6.3.1/../../../../arm-atollic-eabi/lib/armv7-m\libc_nano.a(lib_a-mbtowc_r.o)
                0x08005f38                __ascii_mbtowc
 .text.memchr   0x08005f5c       0x1c c:/program files (x86)/atollic/truestudio for stm32 9.1.0/armtools/bin/../lib/gcc/arm-atollic-eabi/6.3.1/../../../../arm-atollic-eabi/lib/armv7-m\libc_nano.a(lib_a-memchr-stub.o)
                0x08005f5c                memchr
 .text.memmove  0x08005f78       0x34 c:/program files (x86)/atollic/truestudio for stm32 9.1.0/armtools/bin/../lib/gcc/arm-atollic-eabi/6.3.1/../../../../arm-atollic-eabi/lib/armv7-m\libc_nano.a(lib_a-memmove.o)
                0x08005f78                memmove
 .text._free_r  0x08005fac       0x98 c:/program files (x86)/atollic/truestudio for stm32 9.1.0/armtools/bin/../lib/gcc/arm-atollic-eabi/6.3.1/../../../../arm-atollic-eabi/lib/armv7-m\libc_nano.a(lib_a-nano-freer.o)
                0x08005fac                _free_r
 .text._malloc_r
                0x08006044       0xbc c:/program files (x86)/atollic/truestudio for stm32 9.1.0/armtools/bin/../lib/gcc/arm-atollic-eabi/6.3.1/../../../../arm-atollic-eabi/lib/armv7-m\libc_nano.a(lib_a-nano-mallocr.o)
                0x08006044                _malloc_r
 .text._realloc_r
                0x08006100       0x4c c:/program files (x86)/atollic/truestudio for stm32 9.1.0/armtools/bin/../lib/gcc/arm-atollic-eabi/6.3.1/../../../../arm-atollic-eabi/lib/armv7-m\libc_nano.a(lib_a-nano-reallocr.o)
                0x08006100                _realloc_r
 .text._sbrk_r  0x0800614c       0x20 c:/program files (x86)/atollic/truestudio for stm32 9.1.0/armtools/bin/../lib/gcc/arm-atollic-eabi/6.3.1/../../../../arm-atollic-eabi/lib/armv7-m\libc_nano.a(lib_a-sbrkr.o)
                0x0800614c                _sbrk_r
 .text.__ascii_wctomb
                0x0800616c       0x1a c:/program files (x86)/atollic/truestudio for stm32 9.1.0/armtools/bin/../lib/gcc/arm-atollic-eabi/6.3.1/../../../../arm-atollic-eabi/lib/armv7-m\libc_nano.a(lib_a-wctomb_r.o)
                0x0800616c                __ascii_wctomb
 .text.__malloc_lock
                0x08006186        0x2 c:/program files (x86)/atollic/truestudio for stm32 9.1.0/armtools/bin/../lib/gcc/arm-atollic-eabi/6.3.1/../../../../arm-atollic-eabi/lib/armv7-m\libc_nano.a(lib_a-mlock.o)
                0x08006186                __malloc_lock
 .text.__malloc_unlock
                0x08006188        0x2 c:/program files (x86)/atollic/truestudio for stm32 9.1.0/armtools/bin/../lib/gcc/arm-atollic-eabi/6.3.1/../../../../arm-atollic-eabi/lib/armv7-m\libc_nano.a(lib_a-mlock.o)
                0x08006188                __malloc_unlock
 .text._malloc_usable_size_r
                0x0800618a       0x12 c:/program files (x86)/atollic/truestudio for stm32 9.1.0/armtools/bin/../lib/gcc/arm-atollic-eabi/6.3.1/../../../../arm-atollic-eabi/lib/armv7-m\libc_nano.a(lib_a-nano-msizer.o)
                0x0800618a                _malloc_usable_size_r
 *(.glue_7)
 .glue_7        0x0800619c        0x0 linker stubs
 *(.glue_7t)
 .glue_7t       0x0800619c        0x0 linker stubs
 *(.eh_frame)
 .eh_frame      0x0800619c        0x0 c:/program files (x86)/atollic/truestudio for stm32 9.1.0/armtools/bin/../lib/gcc/arm-atollic-eabi/6.3.1/armv7-m/crtbegin.o
 *(.init)
 .init          0x0800619c        0x4 c:/program files (x86)/atollic/truestudio for stm32 9.1.0/armtools/bin/../lib/gcc/arm-atollic-eabi/6.3.1/armv7-m/crti.o
                0x0800619c                _init
 .init          0x080061a0        0x8 c:/program files (x86)/atollic/truestudio for stm32 9.1.0/armtools/bin/../lib/gcc/arm-atollic-eabi/6.3.1/armv7-m/crtn.o
 *(.fini)
 .fini          0x080061a8        0x4 c:/program files (x86)/atollic/truestudio for stm32 9.1.0/armtools/bin/../lib/gcc/arm-atollic-eabi/6.3.1/armv7-m/crti.o
                0x080061a8                _fini
 .fini          0x080061ac        0x8 c:/program files (x86)/atollic/truestudio for stm32 9.1.0/armtools/bin/../lib/gcc/arm-atollic-eabi/6.3.1/armv7-m/crtn.o
                0x080061b4                . = ALIGN (0x4)
                0x080061b4                _etext = .

.vfp11_veneer   0x080061b4        0x0
 .vfp11_veneer  0x080061b4        0x0 linker stubs

.v4_bx          0x080061b4        0x0
 .v4_bx         0x080061b4        0x0 linker stubs

.iplt           0x080061b4        0x0
 .iplt          0x080061b4        0x0 c:/program files (x86)/atollic/truestudio for stm32 9.1.0/armtools/bin/../lib/gcc/arm-atollic-eabi/6.3.1/armv7-m/crtbegin.o

.rodata         0x080061b4      0x3f4
                0x080061b4                . = ALIGN (0x4)
 *(.rodata)
 .rodata        0x080061b4       0x1e Drivers\STM32F1xx_HAL_Driver\Src\stm32f1xx_hal_rcc.o
 *fill*         0x080061d2        0x2 
 .rodata        0x080061d4       0x28 Src\adcStorage.o
 .rodata        0x080061fc        0xc c:/program files (x86)/atollic/truestudio for stm32 9.1.0/armtools/bin/../lib/gcc/arm-atollic-eabi/6.3.1/../../../../arm-atollic-eabi/lib/armv7-m\libc_nano.a(lib_a-nano-vfscanf_i.o)
 *(.rodata*)
 .rodata.vTaskStartScheduler.str1.1
                0x08006208        0x5 Middlewares\Third_Party\FreeRTOS\Source\tasks.o
 .rodata.controller_init.str1.1
                0x0800620d       0xc8 Src\controllerInit.o
 .rodata.init_rf433.str1.1
                0x080062d5       0x1d Src\controllerUtils.o
 .rodata.print_debug.str1.1
                0x080062f2        0x3 Src\controllerUtils.o
 .rodata.mRead_flash.str1.1
                0x080062f5       0x1b Src\flashFunctions.o
 .rodata.mWrite_flash.str1.1
                0x08006310       0x30 Src\flashFunctions.o
 .rodata.xProcessCommandTask.str1.1
                0x08006340       0x8d Src\processCommand.o
                                 0x97 (size before relaxing)
 .rodata.xScanInputTask.str1.1
                0x080063cd        0x9 Src\scanInput.o
 .rodata.AHBPrescTable
                0x080063d6       0x10 Src\system_stm32f1xx.o
                0x080063d6                AHBPrescTable
 .rodata.APBPrescTable
                0x080063e6        0x8 Src\system_stm32f1xx.o
                0x080063e6                APBPrescTable
 .rodata._svfprintf_r.str1.1
                0x080063ee       0x11 c:/program files (x86)/atollic/truestudio for stm32 9.1.0/armtools/bin/../lib/gcc/arm-atollic-eabi/6.3.1/../../../../arm-atollic-eabi/lib/armv7-m\libc_nano.a(lib_a-nano-svfprintf.o)
 .rodata.__ssvfscanf_r.str1.1
                0x080063ff        0x4 c:/program files (x86)/atollic/truestudio for stm32 9.1.0/armtools/bin/../lib/gcc/arm-atollic-eabi/6.3.1/../../../../arm-atollic-eabi/lib/armv7-m\libc_nano.a(lib_a-nano-svfscanf.o)
 .rodata._printf_i.str1.1
                0x080063ff       0x22 c:/program files (x86)/atollic/truestudio for stm32 9.1.0/armtools/bin/../lib/gcc/arm-atollic-eabi/6.3.1/../../../../arm-atollic-eabi/lib/armv7-m\libc_nano.a(lib_a-nano-vfprintf_i.o)
 .rodata._scanf_i.str1.1
                0x08006421       0x12 c:/program files (x86)/atollic/truestudio for stm32 9.1.0/armtools/bin/../lib/gcc/arm-atollic-eabi/6.3.1/../../../../arm-atollic-eabi/lib/armv7-m\libc_nano.a(lib_a-nano-vfscanf_i.o)
 .rodata.str1.1
                0x08006433        0x9 c:/program files (x86)/atollic/truestudio for stm32 9.1.0/armtools/bin/../lib/gcc/arm-atollic-eabi/6.3.1/../../../../arm-atollic-eabi/lib/armv7-m\libc_nano.a(lib_a-nano-vfscanf_i.o)
 .rodata.__sf_fake_stderr
                0x0800643c       0x20 c:/program files (x86)/atollic/truestudio for stm32 9.1.0/armtools/bin/../lib/gcc/arm-atollic-eabi/6.3.1/../../../../arm-atollic-eabi/lib/armv7-m\libc_nano.a(lib_a-findfp.o)
                0x0800643c                __sf_fake_stderr
 .rodata.__sf_fake_stdin
                0x0800645c       0x20 c:/program files (x86)/atollic/truestudio for stm32 9.1.0/armtools/bin/../lib/gcc/arm-atollic-eabi/6.3.1/../../../../arm-atollic-eabi/lib/armv7-m\libc_nano.a(lib_a-findfp.o)
                0x0800645c                __sf_fake_stdin
 .rodata.__sf_fake_stdout
                0x0800647c       0x20 c:/program files (x86)/atollic/truestudio for stm32 9.1.0/armtools/bin/../lib/gcc/arm-atollic-eabi/6.3.1/../../../../arm-atollic-eabi/lib/armv7-m\libc_nano.a(lib_a-findfp.o)
                0x0800647c                __sf_fake_stdout
 .rodata._setlocale_r.str1.1
                0x0800649c        0x8 c:/program files (x86)/atollic/truestudio for stm32 9.1.0/armtools/bin/../lib/gcc/arm-atollic-eabi/6.3.1/../../../../arm-atollic-eabi/lib/armv7-m\libc_nano.a(lib_a-locale.o)
                                  0x9 (size before relaxing)
 .rodata.str1.1
                0x080064a4        0x2 c:/program files (x86)/atollic/truestudio for stm32 9.1.0/armtools/bin/../lib/gcc/arm-atollic-eabi/6.3.1/../../../../arm-atollic-eabi/lib/armv7-m\libc_nano.a(lib_a-locale.o)
 .rodata._ctype_
                0x080064a6      0x101 c:/program files (x86)/atollic/truestudio for stm32 9.1.0/armtools/bin/../lib/gcc/arm-atollic-eabi/6.3.1/../../../../arm-atollic-eabi/lib/armv7-m\libc_nano.a(lib_a-ctype_.o)
                0x080064a6                _ctype_
                0x080065a8                . = ALIGN (0x4)
 *fill*         0x080065a7        0x1 

.ARM.extab
 *(.ARM.extab* .gnu.linkonce.armextab.*)

.ARM            0x080065a8        0x8
                0x080065a8                __exidx_start = .
 *(.ARM.exidx*)
 .ARM.exidx     0x080065a8        0x8 c:/program files (x86)/atollic/truestudio for stm32 9.1.0/armtools/bin/../lib/gcc/arm-atollic-eabi/6.3.1/armv7-m\libgcc.a(_udivmoddi4.o)
                0x080065b0                __exidx_end = .

.rel.dyn        0x080065b0        0x0
 .rel.iplt      0x080065b0        0x0 c:/program files (x86)/atollic/truestudio for stm32 9.1.0/armtools/bin/../lib/gcc/arm-atollic-eabi/6.3.1/armv7-m/crtbegin.o

.preinit_array  0x080065b0        0x0
                [!provide]                PROVIDE (__preinit_array_start, .)
 *(.preinit_array*)
                [!provide]                PROVIDE (__preinit_array_end, .)

.init_array     0x080065b0        0x4
                [!provide]                PROVIDE (__init_array_start, .)
 *(SORT(.init_array.*))
 *(.init_array*)
 .init_array    0x080065b0        0x4 c:/program files (x86)/atollic/truestudio for stm32 9.1.0/armtools/bin/../lib/gcc/arm-atollic-eabi/6.3.1/armv7-m/crtbegin.o
                [!provide]                PROVIDE (__init_array_end, .)

.fini_array     0x080065b4        0x4
                [!provide]                PROVIDE (__fini_array_start, .)
 *(SORT(.fini_array.*))
 *(.fini_array*)
 .fini_array    0x080065b4        0x4 c:/program files (x86)/atollic/truestudio for stm32 9.1.0/armtools/bin/../lib/gcc/arm-atollic-eabi/6.3.1/armv7-m/crtbegin.o
                [!provide]                PROVIDE (__fini_array_end, .)
                0x080065b8                _sidata = LOADADDR (.data)

.data           0x20000000      0x224 load address 0x080065b8
                0x20000000                . = ALIGN (0x4)
                0x20000000                _sdata = .
 *(.data)
 *(.data*)
 .data.uwTickFreq
                0x20000000        0x1 Drivers\STM32F1xx_HAL_Driver\Src\stm32f1xx_hal.o
                0x20000000                uwTickFreq
 *fill*         0x20000001        0x3 
 .data.uwTickPrio
                0x20000004        0x4 Drivers\STM32F1xx_HAL_Driver\Src\stm32f1xx_hal.o
                0x20000004                uwTickPrio
 .data.uxCriticalNesting
                0x20000008        0x4 Middlewares\Third_Party\FreeRTOS\Source\portable\GCC\ARM_CM3\port.o
 .data.indicationState
                0x2000000c        0x1 Src\controllerInit.o
                0x2000000c                indicationState
 *fill*         0x2000000d        0x3 
 .data.DOWN_PIN
                0x20000010       0x10 Src\main.o
                0x20000010                DOWN_PIN
 .data.DOWN_PORT
                0x20000020       0x10 Src\main.o
                0x20000020                DOWN_PORT
 .data.UP_PIN   0x20000030       0x10 Src\main.o
                0x20000030                UP_PIN
 .data.UP_PORT  0x20000040       0x10 Src\main.o
                0x20000040                UP_PORT
 .data.SystemCoreClock
                0x20000050        0x4 Src\system_stm32f1xx.o
                0x20000050                SystemCoreClock
 .data._impure_ptr
                0x20000054        0x4 c:/program files (x86)/atollic/truestudio for stm32 9.1.0/armtools/bin/../lib/gcc/arm-atollic-eabi/6.3.1/../../../../arm-atollic-eabi/lib/armv7-m\libc_nano.a(lib_a-impure.o)
                0x20000054                _impure_ptr
 .data.impure_data
                0x20000058       0x60 c:/program files (x86)/atollic/truestudio for stm32 9.1.0/armtools/bin/../lib/gcc/arm-atollic-eabi/6.3.1/../../../../arm-atollic-eabi/lib/armv7-m\libc_nano.a(lib_a-impure.o)
 .data.__global_locale
                0x200000b8      0x16c c:/program files (x86)/atollic/truestudio for stm32 9.1.0/armtools/bin/../lib/gcc/arm-atollic-eabi/6.3.1/../../../../arm-atollic-eabi/lib/armv7-m\libc_nano.a(lib_a-locale.o)
                0x200000b8                __global_locale
                0x20000224                . = ALIGN (0x4)
                0x20000224                _edata = .

.igot.plt       0x20000224        0x0 load address 0x080067dc
 .igot.plt      0x20000224        0x0 c:/program files (x86)/atollic/truestudio for stm32 9.1.0/armtools/bin/../lib/gcc/arm-atollic-eabi/6.3.1/armv7-m/crtbegin.o
                0x20000224                . = ALIGN (0x4)

.bss            0x20000228     0x5254 load address 0x080067dc
                0x20000228                _sbss = .
                0x20000228                __bss_start__ = _sbss
 *(.bss)
 .bss           0x20000228       0x1c c:/program files (x86)/atollic/truestudio for stm32 9.1.0/armtools/bin/../lib/gcc/arm-atollic-eabi/6.3.1/armv7-m/crtbegin.o
 *(.bss*)
 .bss.ucMaxSysCallPriority
                0x20000244        0x1 Middlewares\Third_Party\FreeRTOS\Source\portable\GCC\ARM_CM3\port.o
 *fill*         0x20000245        0x3 
 .bss.ulMaxPRIGROUPValue
                0x20000248        0x4 Middlewares\Third_Party\FreeRTOS\Source\portable\GCC\ARM_CM3\port.o
 .bss.pxEnd     0x2000024c        0x4 Middlewares\Third_Party\FreeRTOS\Source\portable\MemMang\heap_4.o
 .bss.ucHeap    0x20000250     0x4e20 Middlewares\Third_Party\FreeRTOS\Source\portable\MemMang\heap_4.o
 .bss.xBlockAllocatedBit
                0x20005070        0x4 Middlewares\Third_Party\FreeRTOS\Source\portable\MemMang\heap_4.o
 .bss.xFreeBytesRemaining
                0x20005074        0x4 Middlewares\Third_Party\FreeRTOS\Source\portable\MemMang\heap_4.o
 .bss.xMinimumEverFreeBytesRemaining
                0x20005078        0x4 Middlewares\Third_Party\FreeRTOS\Source\portable\MemMang\heap_4.o
 .bss.xStart    0x2000507c        0x8 Middlewares\Third_Party\FreeRTOS\Source\portable\MemMang\heap_4.o
 .bss.pxCurrentTCB
                0x20005084        0x4 Middlewares\Third_Party\FreeRTOS\Source\tasks.o
                0x20005084                pxCurrentTCB
 .bss.pxDelayedTaskList
                0x20005088        0x4 Middlewares\Third_Party\FreeRTOS\Source\tasks.o
 .bss.pxOverflowDelayedTaskList
                0x2000508c        0x4 Middlewares\Third_Party\FreeRTOS\Source\tasks.o
 .bss.pxReadyTasksLists
                0x20005090       0x8c Middlewares\Third_Party\FreeRTOS\Source\tasks.o
 .bss.uxCurrentNumberOfTasks
                0x2000511c        0x4 Middlewares\Third_Party\FreeRTOS\Source\tasks.o
 .bss.uxDeletedTasksWaitingCleanUp
                0x20005120        0x4 Middlewares\Third_Party\FreeRTOS\Source\tasks.o
 .bss.uxPendedTicks
                0x20005124        0x4 Middlewares\Third_Party\FreeRTOS\Source\tasks.o
 .bss.uxSchedulerSuspended
                0x20005128        0x4 Middlewares\Third_Party\FreeRTOS\Source\tasks.o
 .bss.uxTaskNumber
                0x2000512c        0x4 Middlewares\Third_Party\FreeRTOS\Source\tasks.o
 .bss.uxTopReadyPriority
                0x20005130        0x4 Middlewares\Third_Party\FreeRTOS\Source\tasks.o
 .bss.xDelayedTaskList1
                0x20005134       0x14 Middlewares\Third_Party\FreeRTOS\Source\tasks.o
 .bss.xDelayedTaskList2
                0x20005148       0x14 Middlewares\Third_Party\FreeRTOS\Source\tasks.o
 .bss.xIdleTaskHandle
                0x2000515c        0x4 Middlewares\Third_Party\FreeRTOS\Source\tasks.o
 .bss.xNextTaskUnblockTime
                0x20005160        0x4 Middlewares\Third_Party\FreeRTOS\Source\tasks.o
 .bss.xNumOfOverflows
                0x20005164        0x4 Middlewares\Third_Party\FreeRTOS\Source\tasks.o
 .bss.xPendingReadyList
                0x20005168       0x14 Middlewares\Third_Party\FreeRTOS\Source\tasks.o
 .bss.xSchedulerRunning
                0x2000517c        0x4 Middlewares\Third_Party\FreeRTOS\Source\tasks.o
 .bss.xSuspendedTaskList
                0x20005180       0x14 Middlewares\Third_Party\FreeRTOS\Source\tasks.o
 .bss.xTasksWaitingTermination
                0x20005194       0x14 Middlewares\Third_Party\FreeRTOS\Source\tasks.o
 .bss.xTickCount
                0x200051a8        0x4 Middlewares\Third_Party\FreeRTOS\Source\tasks.o
 .bss.xYieldPending
                0x200051ac        0x4 Middlewares\Third_Party\FreeRTOS\Source\tasks.o
 .bss.lastTimeCommand
                0x200051b0        0x2 Src\adcStorage.o
                0x200051b0                lastTimeCommand
 .bss.prevCompensation
                0x200051b2        0x1 Src\adcStorage.o
                0x200051b2                prevCompensation
 .bss.analyzeCounter
                0x200051b3        0x4 Src\analyze.o
                0x200051b3                analyzeCounter
 *fill*         0x200051b7        0x1 
 .bss.unique_ID
                0x200051b8        0xc Src\controllerInit.o
                0x200051b8                unique_ID
 .bss.debugMessage
                0x200051c4       0x40 Src\controllerUtils.o
                0x200051c4                debugMessage
 .bss.debugMessageLength
                0x20005204        0x1 Src\controllerUtils.o
                0x20005204                debugMessageLength
 .bss.airSystem
                0x20005205        0x1 Src\main.o
                0x20005205                airSystem
 *fill*         0x20005206        0x2 
 .bss.controllerSettings
                0x20005208        0xc Src\main.o
                0x20005208                controllerSettings
 .bss.filteredData
                0x20005214        0x8 Src\main.o
                0x20005214                filteredData
 .bss.message   0x2000521c       0x80 Src\main.o
                0x2000521c                message
 .bss.messageLength
                0x2000529c        0x1 Src\main.o
                0x2000529c                messageLength
 *fill*         0x2000529d        0x1 
 .bss.nessPressure
                0x2000529e        0x8 Src\main.o
                0x2000529e                nessPressure
 .bss.pressureCompensation
                0x200052a6        0x1 Src\main.o
                0x200052a6                pressureCompensation
 *fill*         0x200052a7        0x1 
 .bss.server_UID
                0x200052a8        0x2 Src\main.o
                0x200052a8                server_UID
 .bss.workState
                0x200052aa        0x1 Src\main.o
                0x200052aa                workState
 .bss.pressIsLower
                0x200052ab        0x4 Src\processCommand.o
                0x200052ab                pressIsLower
 *fill*         0x200052af        0x1 
 .bss.heap_end.5887
                0x200052b0        0x4 Src\syscalls.o
 .bss.__malloc_free_list
                0x200052b4        0x4 c:/program files (x86)/atollic/truestudio for stm32 9.1.0/armtools/bin/../lib/gcc/arm-atollic-eabi/6.3.1/../../../../arm-atollic-eabi/lib/armv7-m\libc_nano.a(lib_a-nano-mallocr.o)
                0x200052b4                __malloc_free_list
 .bss.__malloc_sbrk_start
                0x200052b8        0x4 c:/program files (x86)/atollic/truestudio for stm32 9.1.0/armtools/bin/../lib/gcc/arm-atollic-eabi/6.3.1/../../../../arm-atollic-eabi/lib/armv7-m\libc_nano.a(lib_a-nano-mallocr.o)
                0x200052b8                __malloc_sbrk_start
 *(COMMON)
 COMMON         0x200052bc        0x4 Drivers\STM32F1xx_HAL_Driver\Src\stm32f1xx_hal.o
                0x200052bc                uwTick
 COMMON         0x200052c0       0x20 Drivers\STM32F1xx_HAL_Driver\Src\stm32f1xx_hal_flash.o
                0x200052c0                pFlash
 COMMON         0x200052e0      0x195 Src\main.o
                0x200052e0                recCommandBuffer
                0x20005320                commandToProcessBuffer
                0x20005360                defaultTaskHandle
                0x20005364                ADCRawData
                0x2000536c                htim3
                0x200053ac                xPressureCompensationSemaphore
                0x200053b0                hdma_usart1_tx
                0x200053f4                hadc1
                0x20005424                huart1
                0x20005464                p_commandToProcessBuffer
                0x20005466                sensorValue
                0x2000546e                p_recCommandBuffer
                0x20005470                xRecCommandQueue
                0x20005474                recCommandByte
 *fill*         0x20005475        0x3 
 COMMON         0x20005478        0x4 c:/program files (x86)/atollic/truestudio for stm32 9.1.0/armtools/bin/../lib/gcc/arm-atollic-eabi/6.3.1/../../../../arm-atollic-eabi/lib/armv7-m\libc_nano.a(lib_a-reent.o)
                0x20005478                errno
                0x2000547c                . = ALIGN (0x4)
                0x2000547c                _ebss = .
                0x2000547c                __bss_end__ = _ebss

._user_heap_stack
                0x2000547c      0x600 load address 0x080067dc
                0x2000547c                . = ALIGN (0x4)
                0x2000547c                PROVIDE (end, .)
                [!provide]                PROVIDE (_end, .)
                0x2000567c                . = (. + _Min_Heap_Size)
 *fill*         0x2000547c      0x200 
                0x20005a7c                . = (. + _Min_Stack_Size)
 *fill*         0x2000567c      0x400 
                0x20005a7c                . = ALIGN (0x4)

/DISCARD/
 libc.a(*)
 libm.a(*)
 libgcc.a(*)

.ARM.attributes
                0x00000000       0x29
 *(.ARM.attributes)
 .ARM.attributes
                0x00000000       0x1d c:/program files (x86)/atollic/truestudio for stm32 9.1.0/armtools/bin/../lib/gcc/arm-atollic-eabi/6.3.1/armv7-m/crti.o
 .ARM.attributes
                0x0000001d       0x2d c:/program files (x86)/atollic/truestudio for stm32 9.1.0/armtools/bin/../lib/gcc/arm-atollic-eabi/6.3.1/armv7-m/crtbegin.o
 .ARM.attributes
                0x0000004a       0x33 Drivers\STM32F1xx_HAL_Driver\Src\stm32f1xx_hal.o
 .ARM.attributes
                0x0000007d       0x33 Drivers\STM32F1xx_HAL_Driver\Src\stm32f1xx_hal_adc.o
 .ARM.attributes
                0x000000b0       0x33 Drivers\STM32F1xx_HAL_Driver\Src\stm32f1xx_hal_adc_ex.o
 .ARM.attributes
                0x000000e3       0x33 Drivers\STM32F1xx_HAL_Driver\Src\stm32f1xx_hal_cortex.o
 .ARM.attributes
                0x00000116       0x33 Drivers\STM32F1xx_HAL_Driver\Src\stm32f1xx_hal_dma.o
 .ARM.attributes
                0x00000149       0x33 Drivers\STM32F1xx_HAL_Driver\Src\stm32f1xx_hal_flash.o
 .ARM.attributes
                0x0000017c       0x33 Drivers\STM32F1xx_HAL_Driver\Src\stm32f1xx_hal_flash_ex.o
 .ARM.attributes
                0x000001af       0x33 Drivers\STM32F1xx_HAL_Driver\Src\stm32f1xx_hal_gpio.o
 .ARM.attributes
                0x000001e2       0x33 Drivers\STM32F1xx_HAL_Driver\Src\stm32f1xx_hal_rcc.o
 .ARM.attributes
                0x00000215       0x33 Drivers\STM32F1xx_HAL_Driver\Src\stm32f1xx_hal_rcc_ex.o
 .ARM.attributes
                0x00000248       0x33 Drivers\STM32F1xx_HAL_Driver\Src\stm32f1xx_hal_tim.o
 .ARM.attributes
                0x0000027b       0x33 Drivers\STM32F1xx_HAL_Driver\Src\stm32f1xx_hal_tim_ex.o
 .ARM.attributes
                0x000002ae       0x33 Drivers\STM32F1xx_HAL_Driver\Src\stm32f1xx_hal_uart.o
 .ARM.attributes
                0x000002e1       0x33 Middlewares\Third_Party\FreeRTOS\Source\CMSIS_RTOS\cmsis_os.o
 .ARM.attributes
                0x00000314       0x33 Middlewares\Third_Party\FreeRTOS\Source\list.o
 .ARM.attributes
                0x00000347       0x33 Middlewares\Third_Party\FreeRTOS\Source\portable\GCC\ARM_CM3\port.o
 .ARM.attributes
                0x0000037a       0x33 Middlewares\Third_Party\FreeRTOS\Source\portable\MemMang\heap_4.o
 .ARM.attributes
                0x000003ad       0x33 Middlewares\Third_Party\FreeRTOS\Source\queue.o
 .ARM.attributes
                0x000003e0       0x33 Middlewares\Third_Party\FreeRTOS\Source\tasks.o
 .ARM.attributes
                0x00000413       0x33 Src\adcStorage.o
 .ARM.attributes
                0x00000446       0x33 Src\analyze.o
 .ARM.attributes
                0x00000479       0x33 Src\controllerInit.o
 .ARM.attributes
                0x000004ac       0x33 Src\controllerUtils.o
 .ARM.attributes
                0x000004df       0x33 Src\flashFunctions.o
 .ARM.attributes
                0x00000512       0x33 Src\main.o
 .ARM.attributes
                0x00000545       0x33 Src\processCommand.o
 .ARM.attributes
                0x00000578       0x33 Src\scanInput.o
 .ARM.attributes
                0x000005ab       0x33 Src\stm32f1xx_hal_msp.o
 .ARM.attributes
                0x000005de       0x33 Src\stm32f1xx_it.o
 .ARM.attributes
                0x00000611       0x33 Src\syscalls.o
 .ARM.attributes
                0x00000644       0x33 Src\system_stm32f1xx.o
 .ARM.attributes
                0x00000677       0x21 startup\startup_stm32f105xc.o
 .ARM.attributes
                0x00000698       0x2d c:/program files (x86)/atollic/truestudio for stm32 9.1.0/armtools/bin/../lib/gcc/arm-atollic-eabi/6.3.1/../../../../arm-atollic-eabi/lib/armv7-m\libc_nano.a(lib_a-errno.o)
 .ARM.attributes
                0x000006c5       0x2d c:/program files (x86)/atollic/truestudio for stm32 9.1.0/armtools/bin/../lib/gcc/arm-atollic-eabi/6.3.1/../../../../arm-atollic-eabi/lib/armv7-m\libc_nano.a(lib_a-impure.o)
 .ARM.attributes
                0x000006f2       0x2d c:/program files (x86)/atollic/truestudio for stm32 9.1.0/armtools/bin/../lib/gcc/arm-atollic-eabi/6.3.1/../../../../arm-atollic-eabi/lib/armv7-m\libc_nano.a(lib_a-memcpy-stub.o)
 .ARM.attributes
                0x0000071f       0x2d c:/program files (x86)/atollic/truestudio for stm32 9.1.0/armtools/bin/../lib/gcc/arm-atollic-eabi/6.3.1/../../../../arm-atollic-eabi/lib/armv7-m\libc_nano.a(lib_a-memset.o)
 .ARM.attributes
                0x0000074c       0x2d c:/program files (x86)/atollic/truestudio for stm32 9.1.0/armtools/bin/../lib/gcc/arm-atollic-eabi/6.3.1/../../../../arm-atollic-eabi/lib/armv7-m\libc_nano.a(lib_a-sprintf.o)
 .ARM.attributes
                0x00000779       0x2d c:/program files (x86)/atollic/truestudio for stm32 9.1.0/armtools/bin/../lib/gcc/arm-atollic-eabi/6.3.1/../../../../arm-atollic-eabi/lib/armv7-m\libc_nano.a(lib_a-sscanf.o)
 .ARM.attributes
                0x000007a6       0x2d c:/program files (x86)/atollic/truestudio for stm32 9.1.0/armtools/bin/../lib/gcc/arm-atollic-eabi/6.3.1/../../../../arm-atollic-eabi/lib/armv7-m\libc_nano.a(lib_a-stdio.o)
 .ARM.attributes
                0x000007d3       0x17 c:/program files (x86)/atollic/truestudio for stm32 9.1.0/armtools/bin/../lib/gcc/arm-atollic-eabi/6.3.1/../../../../arm-atollic-eabi/lib/armv7-m\libc_nano.a(lib_a-strlen.o)
 .ARM.attributes
                0x000007ea       0x2d c:/program files (x86)/atollic/truestudio for stm32 9.1.0/armtools/bin/../lib/gcc/arm-atollic-eabi/6.3.1/../../../../arm-atollic-eabi/lib/armv7-m\libc_nano.a(lib_a-nano-svfprintf.o)
 .ARM.attributes
                0x00000817       0x2d c:/program files (x86)/atollic/truestudio for stm32 9.1.0/armtools/bin/../lib/gcc/arm-atollic-eabi/6.3.1/../../../../arm-atollic-eabi/lib/armv7-m\libc_nano.a(lib_a-nano-svfscanf.o)
 .ARM.attributes
                0x00000844       0x2d c:/program files (x86)/atollic/truestudio for stm32 9.1.0/armtools/bin/../lib/gcc/arm-atollic-eabi/6.3.1/../../../../arm-atollic-eabi/lib/armv7-m\libc_nano.a(lib_a-nano-vfprintf_i.o)
 .ARM.attributes
                0x00000871       0x2d c:/program files (x86)/atollic/truestudio for stm32 9.1.0/armtools/bin/../lib/gcc/arm-atollic-eabi/6.3.1/../../../../arm-atollic-eabi/lib/armv7-m\libc_nano.a(lib_a-nano-vfscanf_i.o)
 .ARM.attributes
                0x0000089e       0x2d c:/program files (x86)/atollic/truestudio for stm32 9.1.0/armtools/bin/../lib/gcc/arm-atollic-eabi/6.3.1/../../../../arm-atollic-eabi/lib/armv7-m\libc_nano.a(lib_a-reent.o)
 .ARM.attributes
                0x000008cb       0x2d c:/program files (x86)/atollic/truestudio for stm32 9.1.0/armtools/bin/../lib/gcc/arm-atollic-eabi/6.3.1/../../../../arm-atollic-eabi/lib/armv7-m\libc_nano.a(lib_a-sccl.o)
 .ARM.attributes
                0x000008f8       0x2d c:/program files (x86)/atollic/truestudio for stm32 9.1.0/armtools/bin/../lib/gcc/arm-atollic-eabi/6.3.1/../../../../arm-atollic-eabi/lib/armv7-m\libc_nano.a(lib_a-strtol.o)
 .ARM.attributes
                0x00000925       0x2d c:/program files (x86)/atollic/truestudio for stm32 9.1.0/armtools/bin/../lib/gcc/arm-atollic-eabi/6.3.1/../../../../arm-atollic-eabi/lib/armv7-m\libc_nano.a(lib_a-strtoul.o)
 .ARM.attributes
                0x00000952       0x2d c:/program files (x86)/atollic/truestudio for stm32 9.1.0/armtools/bin/../lib/gcc/arm-atollic-eabi/6.3.1/../../../../arm-atollic-eabi/lib/armv7-m\libc_nano.a(lib_a-ungetc.o)
 .ARM.attributes
                0x0000097f       0x2d c:/program files (x86)/atollic/truestudio for stm32 9.1.0/armtools/bin/../lib/gcc/arm-atollic-eabi/6.3.1/../../../../arm-atollic-eabi/lib/armv7-m\libc_nano.a(lib_a-findfp.o)
 .ARM.attributes
                0x000009ac       0x2d c:/program files (x86)/atollic/truestudio for stm32 9.1.0/armtools/bin/../lib/gcc/arm-atollic-eabi/6.3.1/../../../../arm-atollic-eabi/lib/armv7-m\libc_nano.a(lib_a-locale.o)
 .ARM.attributes
                0x000009d9       0x2d c:/program files (x86)/atollic/truestudio for stm32 9.1.0/armtools/bin/../lib/gcc/arm-atollic-eabi/6.3.1/../../../../arm-atollic-eabi/lib/armv7-m\libc_nano.a(lib_a-mbtowc_r.o)
 .ARM.attributes
                0x00000a06       0x2d c:/program files (x86)/atollic/truestudio for stm32 9.1.0/armtools/bin/../lib/gcc/arm-atollic-eabi/6.3.1/../../../../arm-atollic-eabi/lib/armv7-m\libc_nano.a(lib_a-memchr-stub.o)
 .ARM.attributes
                0x00000a33       0x2d c:/program files (x86)/atollic/truestudio for stm32 9.1.0/armtools/bin/../lib/gcc/arm-atollic-eabi/6.3.1/../../../../arm-atollic-eabi/lib/armv7-m\libc_nano.a(lib_a-memmove.o)
 .ARM.attributes
                0x00000a60       0x2d c:/program files (x86)/atollic/truestudio for stm32 9.1.0/armtools/bin/../lib/gcc/arm-atollic-eabi/6.3.1/../../../../arm-atollic-eabi/lib/armv7-m\libc_nano.a(lib_a-nano-freer.o)
 .ARM.attributes
                0x00000a8d       0x2d c:/program files (x86)/atollic/truestudio for stm32 9.1.0/armtools/bin/../lib/gcc/arm-atollic-eabi/6.3.1/../../../../arm-atollic-eabi/lib/armv7-m\libc_nano.a(lib_a-nano-mallocr.o)
 .ARM.attributes
                0x00000aba       0x2d c:/program files (x86)/atollic/truestudio for stm32 9.1.0/armtools/bin/../lib/gcc/arm-atollic-eabi/6.3.1/../../../../arm-atollic-eabi/lib/armv7-m\libc_nano.a(lib_a-nano-reallocr.o)
 .ARM.attributes
                0x00000ae7       0x2d c:/program files (x86)/atollic/truestudio for stm32 9.1.0/armtools/bin/../lib/gcc/arm-atollic-eabi/6.3.1/../../../../arm-atollic-eabi/lib/armv7-m\libc_nano.a(lib_a-sbrkr.o)
 .ARM.attributes
                0x00000b14       0x2d c:/program files (x86)/atollic/truestudio for stm32 9.1.0/armtools/bin/../lib/gcc/arm-atollic-eabi/6.3.1/../../../../arm-atollic-eabi/lib/armv7-m\libc_nano.a(lib_a-wctomb_r.o)
 .ARM.attributes
                0x00000b41       0x2d c:/program files (x86)/atollic/truestudio for stm32 9.1.0/armtools/bin/../lib/gcc/arm-atollic-eabi/6.3.1/../../../../arm-atollic-eabi/lib/armv7-m\libc_nano.a(lib_a-ctype_.o)
 .ARM.attributes
                0x00000b6e       0x2d c:/program files (x86)/atollic/truestudio for stm32 9.1.0/armtools/bin/../lib/gcc/arm-atollic-eabi/6.3.1/../../../../arm-atollic-eabi/lib/armv7-m\libc_nano.a(lib_a-mlock.o)
 .ARM.attributes
                0x00000b9b       0x2d c:/program files (x86)/atollic/truestudio for stm32 9.1.0/armtools/bin/../lib/gcc/arm-atollic-eabi/6.3.1/../../../../arm-atollic-eabi/lib/armv7-m\libc_nano.a(lib_a-nano-msizer.o)
 .ARM.attributes
                0x00000bc8       0x1d c:/program files (x86)/atollic/truestudio for stm32 9.1.0/armtools/bin/../lib/gcc/arm-atollic-eabi/6.3.1/armv7-m\libgcc.a(_lshrdi3.o)
 .ARM.attributes
                0x00000be5       0x1d c:/program files (x86)/atollic/truestudio for stm32 9.1.0/armtools/bin/../lib/gcc/arm-atollic-eabi/6.3.1/armv7-m\libgcc.a(_aeabi_uldivmod.o)
 .ARM.attributes
                0x00000c02       0x2d c:/program files (x86)/atollic/truestudio for stm32 9.1.0/armtools/bin/../lib/gcc/arm-atollic-eabi/6.3.1/armv7-m\libgcc.a(_udivmoddi4.o)
 .ARM.attributes
                0x00000c2f       0x1d c:/program files (x86)/atollic/truestudio for stm32 9.1.0/armtools/bin/../lib/gcc/arm-atollic-eabi/6.3.1/armv7-m\libgcc.a(_dvmd_tls.o)
 .ARM.attributes
                0x00000c4c       0x1d c:/program files (x86)/atollic/truestudio for stm32 9.1.0/armtools/bin/../lib/gcc/arm-atollic-eabi/6.3.1/armv7-m/crtn.o
OUTPUT(aride_pressure.elf elf32-littlearm)

.debug_info     0x00000000    0x29c1b
 .debug_info    0x00000000     0x1042 Drivers\STM32F1xx_HAL_Driver\Src\stm32f1xx_hal.o
 .debug_info    0x00001042     0x16a1 Drivers\STM32F1xx_HAL_Driver\Src\stm32f1xx_hal_adc.o
 .debug_info    0x000026e3     0x138b Drivers\STM32F1xx_HAL_Driver\Src\stm32f1xx_hal_adc_ex.o
 .debug_info    0x00003a6e     0x1509 Drivers\STM32F1xx_HAL_Driver\Src\stm32f1xx_hal_cortex.o
 .debug_info    0x00004f77     0x1047 Drivers\STM32F1xx_HAL_Driver\Src\stm32f1xx_hal_dma.o
 .debug_info    0x00005fbe      0xeeb Drivers\STM32F1xx_HAL_Driver\Src\stm32f1xx_hal_flash.o
 .debug_info    0x00006ea9     0x13ac Drivers\STM32F1xx_HAL_Driver\Src\stm32f1xx_hal_flash_ex.o
 .debug_info    0x00008255      0xedc Drivers\STM32F1xx_HAL_Driver\Src\stm32f1xx_hal_gpio.o
 .debug_info    0x00009131     0x1342 Drivers\STM32F1xx_HAL_Driver\Src\stm32f1xx_hal_rcc.o
 .debug_info    0x0000a473      0xef4 Drivers\STM32F1xx_HAL_Driver\Src\stm32f1xx_hal_rcc_ex.o
 .debug_info    0x0000b367     0x3bb9 Drivers\STM32F1xx_HAL_Driver\Src\stm32f1xx_hal_tim.o
 .debug_info    0x0000ef20     0x1989 Drivers\STM32F1xx_HAL_Driver\Src\stm32f1xx_hal_tim_ex.o
 .debug_info    0x000108a9     0x1e46 Drivers\STM32F1xx_HAL_Driver\Src\stm32f1xx_hal_uart.o
 .debug_info    0x000126ef     0x2500 Middlewares\Third_Party\FreeRTOS\Source\CMSIS_RTOS\cmsis_os.o
 .debug_info    0x00014bef      0xac0 Middlewares\Third_Party\FreeRTOS\Source\list.o
 .debug_info    0x000156af      0x4ca Middlewares\Third_Party\FreeRTOS\Source\portable\GCC\ARM_CM3\port.o
 .debug_info    0x00015b79      0xca5 Middlewares\Third_Party\FreeRTOS\Source\portable\MemMang\heap_4.o
 .debug_info    0x0001681e     0x1fdf Middlewares\Third_Party\FreeRTOS\Source\queue.o
 .debug_info    0x000187fd     0x2993 Middlewares\Third_Party\FreeRTOS\Source\tasks.o
 .debug_info    0x0001b190     0x12ff Src\adcStorage.o
 .debug_info    0x0001c48f     0x1153 Src\analyze.o
 .debug_info    0x0001d5e2     0x17b3 Src\controllerInit.o
 .debug_info    0x0001ed95     0x10bf Src\controllerUtils.o
 .debug_info    0x0001fe54      0xbde Src\flashFunctions.o
 .debug_info    0x00020a32     0x23e8 Src\main.o
 .debug_info    0x00022e1a     0x13f4 Src\processCommand.o
 .debug_info    0x0002420e      0xfae Src\scanInput.o
 .debug_info    0x000251bc     0x1a38 Src\stm32f1xx_hal_msp.o
 .debug_info    0x00026bf4     0x133e Src\stm32f1xx_it.o
 .debug_info    0x00027f32      0xfe1 Src\syscalls.o
 .debug_info    0x00028f13      0xc8e Src\system_stm32f1xx.o
 .debug_info    0x00029ba1       0x7a startup\startup_stm32f105xc.o

.debug_abbrev   0x00000000     0x5923
 .debug_abbrev  0x00000000      0x315 Drivers\STM32F1xx_HAL_Driver\Src\stm32f1xx_hal.o
 .debug_abbrev  0x00000315      0x2fb Drivers\STM32F1xx_HAL_Driver\Src\stm32f1xx_hal_adc.o
 .debug_abbrev  0x00000610      0x296 Drivers\STM32F1xx_HAL_Driver\Src\stm32f1xx_hal_adc_ex.o
 .debug_abbrev  0x000008a6      0x399 Drivers\STM32F1xx_HAL_Driver\Src\stm32f1xx_hal_cortex.o
 .debug_abbrev  0x00000c3f      0x29e Drivers\STM32F1xx_HAL_Driver\Src\stm32f1xx_hal_dma.o
 .debug_abbrev  0x00000edd      0x373 Drivers\STM32F1xx_HAL_Driver\Src\stm32f1xx_hal_flash.o
 .debug_abbrev  0x00001250      0x35a Drivers\STM32F1xx_HAL_Driver\Src\stm32f1xx_hal_flash_ex.o
 .debug_abbrev  0x000015aa      0x268 Drivers\STM32F1xx_HAL_Driver\Src\stm32f1xx_hal_gpio.o
 .debug_abbrev  0x00001812      0x383 Drivers\STM32F1xx_HAL_Driver\Src\stm32f1xx_hal_rcc.o
 .debug_abbrev  0x00001b95      0x287 Drivers\STM32F1xx_HAL_Driver\Src\stm32f1xx_hal_rcc_ex.o
 .debug_abbrev  0x00001e1c      0x3bb Drivers\STM32F1xx_HAL_Driver\Src\stm32f1xx_hal_tim.o
 .debug_abbrev  0x000021d7      0x30d Drivers\STM32F1xx_HAL_Driver\Src\stm32f1xx_hal_tim_ex.o
 .debug_abbrev  0x000024e4      0x364 Drivers\STM32F1xx_HAL_Driver\Src\stm32f1xx_hal_uart.o
 .debug_abbrev  0x00002848      0x468 Middlewares\Third_Party\FreeRTOS\Source\CMSIS_RTOS\cmsis_os.o
 .debug_abbrev  0x00002cb0      0x1e3 Middlewares\Third_Party\FreeRTOS\Source\list.o
 .debug_abbrev  0x00002e93      0x249 Middlewares\Third_Party\FreeRTOS\Source\portable\GCC\ARM_CM3\port.o
 .debug_abbrev  0x000030dc      0x314 Middlewares\Third_Party\FreeRTOS\Source\portable\MemMang\heap_4.o
 .debug_abbrev  0x000033f0      0x3b6 Middlewares\Third_Party\FreeRTOS\Source\queue.o
 .debug_abbrev  0x000037a6      0x419 Middlewares\Third_Party\FreeRTOS\Source\tasks.o
 .debug_abbrev  0x00003bbf      0x28f Src\adcStorage.o
 .debug_abbrev  0x00003e4e      0x271 Src\analyze.o
 .debug_abbrev  0x000040bf      0x265 Src\controllerInit.o
 .debug_abbrev  0x00004324      0x253 Src\controllerUtils.o
 .debug_abbrev  0x00004577      0x241 Src\flashFunctions.o
 .debug_abbrev  0x000047b8      0x36a Src\main.o
 .debug_abbrev  0x00004b22      0x273 Src\processCommand.o
 .debug_abbrev  0x00004d95      0x214 Src\scanInput.o
 .debug_abbrev  0x00004fa9      0x28d Src\stm32f1xx_hal_msp.o
 .debug_abbrev  0x00005236      0x220 Src\stm32f1xx_it.o
 .debug_abbrev  0x00005456      0x2d9 Src\syscalls.o
 .debug_abbrev  0x0000572f      0x1e2 Src\system_stm32f1xx.o
 .debug_abbrev  0x00005911       0x12 startup\startup_stm32f105xc.o

.debug_loc      0x00000000     0xc0f6
 .debug_loc     0x00000000      0x11b Drivers\STM32F1xx_HAL_Driver\Src\stm32f1xx_hal.o
 .debug_loc     0x0000011b      0x873 Drivers\STM32F1xx_HAL_Driver\Src\stm32f1xx_hal_adc.o
 .debug_loc     0x0000098e      0x769 Drivers\STM32F1xx_HAL_Driver\Src\stm32f1xx_hal_adc_ex.o
 .debug_loc     0x000010f7      0x46b Drivers\STM32F1xx_HAL_Driver\Src\stm32f1xx_hal_cortex.o
 .debug_loc     0x00001562      0x5f2 Drivers\STM32F1xx_HAL_Driver\Src\stm32f1xx_hal_dma.o
 .debug_loc     0x00001b54      0x334 Drivers\STM32F1xx_HAL_Driver\Src\stm32f1xx_hal_flash.o
 .debug_loc     0x00001e88      0x6d0 Drivers\STM32F1xx_HAL_Driver\Src\stm32f1xx_hal_flash_ex.o
 .debug_loc     0x00002558      0x36a Drivers\STM32F1xx_HAL_Driver\Src\stm32f1xx_hal_gpio.o
 .debug_loc     0x000028c2      0x5a7 Drivers\STM32F1xx_HAL_Driver\Src\stm32f1xx_hal_rcc.o
 .debug_loc     0x00002e69      0x59c Drivers\STM32F1xx_HAL_Driver\Src\stm32f1xx_hal_rcc_ex.o
 .debug_loc     0x00003405     0x300c Drivers\STM32F1xx_HAL_Driver\Src\stm32f1xx_hal_tim.o
 .debug_loc     0x00006411      0x822 Drivers\STM32F1xx_HAL_Driver\Src\stm32f1xx_hal_tim_ex.o
 .debug_loc     0x00006c33     0x1311 Drivers\STM32F1xx_HAL_Driver\Src\stm32f1xx_hal_uart.o
 .debug_loc     0x00007f44     0x102d Middlewares\Third_Party\FreeRTOS\Source\CMSIS_RTOS\cmsis_os.o
 .debug_loc     0x00008f71       0x94 Middlewares\Third_Party\FreeRTOS\Source\list.o
 .debug_loc     0x00009005       0xce Middlewares\Third_Party\FreeRTOS\Source\portable\GCC\ARM_CM3\port.o
 .debug_loc     0x000090d3      0x385 Middlewares\Third_Party\FreeRTOS\Source\portable\MemMang\heap_4.o
 .debug_loc     0x00009458      0xe0c Middlewares\Third_Party\FreeRTOS\Source\queue.o
 .debug_loc     0x0000a264     0x123d Middlewares\Third_Party\FreeRTOS\Source\tasks.o
 .debug_loc     0x0000b4a1       0xc6 Src\adcStorage.o
 .debug_loc     0x0000b567      0x132 Src\analyze.o
 .debug_loc     0x0000b699       0xc3 Src\controllerInit.o
 .debug_loc     0x0000b75c       0x4d Src\controllerUtils.o
 .debug_loc     0x0000b7a9       0x93 Src\flashFunctions.o
 .debug_loc     0x0000b83c       0x66 Src\main.o
 .debug_loc     0x0000b8a2       0xe2 Src\processCommand.o
 .debug_loc     0x0000b984       0x80 Src\scanInput.o
 .debug_loc     0x0000ba04      0x134 Src\stm32f1xx_hal_msp.o
 .debug_loc     0x0000bb38      0x3ef Src\syscalls.o
 .debug_loc     0x0000bf27      0x1cf Src\system_stm32f1xx.o

.debug_aranges  0x00000000     0x1188
 .debug_aranges
                0x00000000       0xc8 Drivers\STM32F1xx_HAL_Driver\Src\stm32f1xx_hal.o
 .debug_aranges
                0x000000c8       0xc8 Drivers\STM32F1xx_HAL_Driver\Src\stm32f1xx_hal_adc.o
 .debug_aranges
                0x00000190       0x80 Drivers\STM32F1xx_HAL_Driver\Src\stm32f1xx_hal_adc_ex.o
 .debug_aranges
                0x00000210       0x90 Drivers\STM32F1xx_HAL_Driver\Src\stm32f1xx_hal_cortex.o
 .debug_aranges
                0x000002a0       0x78 Drivers\STM32F1xx_HAL_Driver\Src\stm32f1xx_hal_dma.o
 .debug_aranges
                0x00000318       0x78 Drivers\STM32F1xx_HAL_Driver\Src\stm32f1xx_hal_flash.o
 .debug_aranges
                0x00000390       0x60 Drivers\STM32F1xx_HAL_Driver\Src\stm32f1xx_hal_flash_ex.o
 .debug_aranges
                0x000003f0       0x58 Drivers\STM32F1xx_HAL_Driver\Src\stm32f1xx_hal_gpio.o
 .debug_aranges
                0x00000448       0x88 Drivers\STM32F1xx_HAL_Driver\Src\stm32f1xx_hal_rcc.o
 .debug_aranges
                0x000004d0       0x50 Drivers\STM32F1xx_HAL_Driver\Src\stm32f1xx_hal_rcc_ex.o
 .debug_aranges
                0x00000520      0x250 Drivers\STM32F1xx_HAL_Driver\Src\stm32f1xx_hal_tim.o
 .debug_aranges
                0x00000770       0xe8 Drivers\STM32F1xx_HAL_Driver\Src\stm32f1xx_hal_tim_ex.o
 .debug_aranges
                0x00000858      0x170 Drivers\STM32F1xx_HAL_Driver\Src\stm32f1xx_hal_uart.o
 .debug_aranges
                0x000009c8      0x190 Middlewares\Third_Party\FreeRTOS\Source\CMSIS_RTOS\cmsis_os.o
 .debug_aranges
                0x00000b58       0x40 Middlewares\Third_Party\FreeRTOS\Source\list.o
 .debug_aranges
                0x00000b98       0x78 Middlewares\Third_Party\FreeRTOS\Source\portable\GCC\ARM_CM3\port.o
 .debug_aranges
                0x00000c10       0x48 Middlewares\Third_Party\FreeRTOS\Source\portable\MemMang\heap_4.o
 .debug_aranges
                0x00000c58       0xc0 Middlewares\Third_Party\FreeRTOS\Source\queue.o
 .debug_aranges
                0x00000d18      0x170 Middlewares\Third_Party\FreeRTOS\Source\tasks.o
 .debug_aranges
                0x00000e88       0x28 Src\adcStorage.o
 .debug_aranges
                0x00000eb0       0x20 Src\analyze.o
 .debug_aranges
                0x00000ed0       0x28 Src\controllerInit.o
 .debug_aranges
                0x00000ef8       0x28 Src\controllerUtils.o
 .debug_aranges
                0x00000f20       0x28 Src\flashFunctions.o
 .debug_aranges
                0x00000f48       0x40 Src\main.o
 .debug_aranges
                0x00000f88       0x20 Src\processCommand.o
 .debug_aranges
                0x00000fa8       0x20 Src\scanInput.o
 .debug_aranges
                0x00000fc8       0x58 Src\stm32f1xx_hal_msp.o
 .debug_aranges
                0x00001020       0x68 Src\stm32f1xx_it.o
 .debug_aranges
                0x00001088       0xb0 Src\syscalls.o
 .debug_aranges
                0x00001138       0x28 Src\system_stm32f1xx.o
 .debug_aranges
                0x00001160       0x28 startup\startup_stm32f105xc.o

.debug_ranges   0x00000000     0x1700
 .debug_ranges  0x00000000       0xb8 Drivers\STM32F1xx_HAL_Driver\Src\stm32f1xx_hal.o
 .debug_ranges  0x000000b8       0xb8 Drivers\STM32F1xx_HAL_Driver\Src\stm32f1xx_hal_adc.o
 .debug_ranges  0x00000170       0x70 Drivers\STM32F1xx_HAL_Driver\Src\stm32f1xx_hal_adc_ex.o
 .debug_ranges  0x000001e0      0x128 Drivers\STM32F1xx_HAL_Driver\Src\stm32f1xx_hal_cortex.o
 .debug_ranges  0x00000308       0xa8 Drivers\STM32F1xx_HAL_Driver\Src\stm32f1xx_hal_dma.o
 .debug_ranges  0x000003b0       0xb8 Drivers\STM32F1xx_HAL_Driver\Src\stm32f1xx_hal_flash.o
 .debug_ranges  0x00000468       0xe0 Drivers\STM32F1xx_HAL_Driver\Src\stm32f1xx_hal_flash_ex.o
 .debug_ranges  0x00000548       0x60 Drivers\STM32F1xx_HAL_Driver\Src\stm32f1xx_hal_gpio.o
 .debug_ranges  0x000005a8       0xa0 Drivers\STM32F1xx_HAL_Driver\Src\stm32f1xx_hal_rcc.o
 .debug_ranges  0x00000648       0x60 Drivers\STM32F1xx_HAL_Driver\Src\stm32f1xx_hal_rcc_ex.o
 .debug_ranges  0x000006a8      0x340 Drivers\STM32F1xx_HAL_Driver\Src\stm32f1xx_hal_tim.o
 .debug_ranges  0x000009e8       0xd8 Drivers\STM32F1xx_HAL_Driver\Src\stm32f1xx_hal_tim_ex.o
 .debug_ranges  0x00000ac0      0x190 Drivers\STM32F1xx_HAL_Driver\Src\stm32f1xx_hal_uart.o
 .debug_ranges  0x00000c50      0x198 Middlewares\Third_Party\FreeRTOS\Source\CMSIS_RTOS\cmsis_os.o
 .debug_ranges  0x00000de8       0x30 Middlewares\Third_Party\FreeRTOS\Source\list.o
 .debug_ranges  0x00000e18       0x80 Middlewares\Third_Party\FreeRTOS\Source\portable\GCC\ARM_CM3\port.o
 .debug_ranges  0x00000e98       0x38 Middlewares\Third_Party\FreeRTOS\Source\portable\MemMang\heap_4.o
 .debug_ranges  0x00000ed0      0x1a0 Middlewares\Third_Party\FreeRTOS\Source\queue.o
 .debug_ranges  0x00001070      0x288 Middlewares\Third_Party\FreeRTOS\Source\tasks.o
 .debug_ranges  0x000012f8       0x18 Src\adcStorage.o
 .debug_ranges  0x00001310       0x10 Src\analyze.o
 .debug_ranges  0x00001320       0x18 Src\controllerInit.o
 .debug_ranges  0x00001338       0x18 Src\controllerUtils.o
 .debug_ranges  0x00001350       0x30 Src\flashFunctions.o
 .debug_ranges  0x00001380       0xe0 Src\main.o
 .debug_ranges  0x00001460       0x10 Src\processCommand.o
 .debug_ranges  0x00001470       0x10 Src\scanInput.o
 .debug_ranges  0x00001480      0x150 Src\stm32f1xx_hal_msp.o
 .debug_ranges  0x000015d0       0x58 Src\stm32f1xx_it.o
 .debug_ranges  0x00001628       0xa0 Src\syscalls.o
 .debug_ranges  0x000016c8       0x18 Src\system_stm32f1xx.o
 .debug_ranges  0x000016e0       0x20 startup\startup_stm32f105xc.o

.debug_line     0x00000000     0xb73f
 .debug_line    0x00000000      0x461 Drivers\STM32F1xx_HAL_Driver\Src\stm32f1xx_hal.o
 .debug_line    0x00000461      0x86c Drivers\STM32F1xx_HAL_Driver\Src\stm32f1xx_hal_adc.o
 .debug_line    0x00000ccd      0x72b Drivers\STM32F1xx_HAL_Driver\Src\stm32f1xx_hal_adc_ex.o
 .debug_line    0x000013f8      0x469 Drivers\STM32F1xx_HAL_Driver\Src\stm32f1xx_hal_cortex.o
 .debug_line    0x00001861      0x7bc Drivers\STM32F1xx_HAL_Driver\Src\stm32f1xx_hal_dma.o
 .debug_line    0x0000201d      0x51e Drivers\STM32F1xx_HAL_Driver\Src\stm32f1xx_hal_flash.o
 .debug_line    0x0000253b      0x551 Drivers\STM32F1xx_HAL_Driver\Src\stm32f1xx_hal_flash_ex.o
 .debug_line    0x00002a8c      0x45e Drivers\STM32F1xx_HAL_Driver\Src\stm32f1xx_hal_gpio.o
 .debug_line    0x00002eea      0x683 Drivers\STM32F1xx_HAL_Driver\Src\stm32f1xx_hal_rcc.o
 .debug_line    0x0000356d      0x4d9 Drivers\STM32F1xx_HAL_Driver\Src\stm32f1xx_hal_rcc_ex.o
 .debug_line    0x00003a46     0x116e Drivers\STM32F1xx_HAL_Driver\Src\stm32f1xx_hal_tim.o
 .debug_line    0x00004bb4      0x701 Drivers\STM32F1xx_HAL_Driver\Src\stm32f1xx_hal_tim_ex.o
 .debug_line    0x000052b5      0xc45 Drivers\STM32F1xx_HAL_Driver\Src\stm32f1xx_hal_uart.o
 .debug_line    0x00005efa      0x8da Middlewares\Third_Party\FreeRTOS\Source\CMSIS_RTOS\cmsis_os.o
 .debug_line    0x000067d4      0x363 Middlewares\Third_Party\FreeRTOS\Source\list.o
 .debug_line    0x00006b37      0x315 Middlewares\Third_Party\FreeRTOS\Source\portable\GCC\ARM_CM3\port.o
 .debug_line    0x00006e4c      0x40f Middlewares\Third_Party\FreeRTOS\Source\portable\MemMang\heap_4.o
 .debug_line    0x0000725b      0x814 Middlewares\Third_Party\FreeRTOS\Source\queue.o
 .debug_line    0x00007a6f      0xbb6 Middlewares\Third_Party\FreeRTOS\Source\tasks.o
 .debug_line    0x00008625      0x445 Src\adcStorage.o
 .debug_line    0x00008a6a      0x470 Src\analyze.o
 .debug_line    0x00008eda      0x4c4 Src\controllerInit.o
 .debug_line    0x0000939e      0x360 Src\controllerUtils.o
 .debug_line    0x000096fe      0x312 Src\flashFunctions.o
 .debug_line    0x00009a10      0x5ea Src\main.o
 .debug_line    0x00009ffa      0x491 Src\processCommand.o
 .debug_line    0x0000a48b      0x38f Src\scanInput.o
 .debug_line    0x0000a81a      0x45a Src\stm32f1xx_hal_msp.o
 .debug_line    0x0000ac74      0x3c4 Src\stm32f1xx_it.o
 .debug_line    0x0000b038      0x3c0 Src\syscalls.o
 .debug_line    0x0000b3f8      0x2c9 Src\system_stm32f1xx.o
 .debug_line    0x0000b6c1       0x7e startup\startup_stm32f105xc.o

.debug_str      0x00000000     0x66ee
 .debug_str     0x00000000      0xc89 Drivers\STM32F1xx_HAL_Driver\Src\stm32f1xx_hal.o
                                0xd52 (size before relaxing)
 .debug_str     0x00000c89      0x621 Drivers\STM32F1xx_HAL_Driver\Src\stm32f1xx_hal_adc.o
                                0xd8c (size before relaxing)
 .debug_str     0x000012aa      0x291 Drivers\STM32F1xx_HAL_Driver\Src\stm32f1xx_hal_adc_ex.o
                                0xd3f (size before relaxing)
 .debug_str     0x0000153b      0x2d8 Drivers\STM32F1xx_HAL_Driver\Src\stm32f1xx_hal_cortex.o
                                0xe6c (size before relaxing)
 .debug_str     0x00001813      0x220 Drivers\STM32F1xx_HAL_Driver\Src\stm32f1xx_hal_dma.o
                                0xafc (size before relaxing)
 .debug_str     0x00001a33      0x29b Drivers\STM32F1xx_HAL_Driver\Src\stm32f1xx_hal_flash.o
                                0xa1c (size before relaxing)
 .debug_str     0x00001cce      0x2c3 Drivers\STM32F1xx_HAL_Driver\Src\stm32f1xx_hal_flash_ex.o
                                0xb32 (size before relaxing)
 .debug_str     0x00001f91      0x1c6 Drivers\STM32F1xx_HAL_Driver\Src\stm32f1xx_hal_gpio.o
                                0x913 (size before relaxing)
 .debug_str     0x00002157      0x36b Drivers\STM32F1xx_HAL_Driver\Src\stm32f1xx_hal_rcc.o
                                0xb5e (size before relaxing)
 .debug_str     0x000024c2      0x1d6 Drivers\STM32F1xx_HAL_Driver\Src\stm32f1xx_hal_rcc_ex.o
                                0x9f9 (size before relaxing)