stm32f1xx_it.c:74:6:NMI_Handler	0	static
stm32f1xx_it.c:87:6:HardFault_Handler	0	static
stm32f1xx_it.c:102:6:MemManage_Handler	0	static
stm32f1xx_it.c:117:6:BusFault_Handler	0	static
stm32f1xx_it.c:132:6:UsageFault_Handler	0	static
stm32f1xx_it.c:147:6:DebugMon_Handler	0	static
stm32f1xx_it.c:160:6:SysTick_Handler	8	static
stm32f1xx_it.c:182:6:DMA1_Channel4_IRQHandler	0	static
stm32f1xx_it.c:196:6:ADC1_2_IRQHandler	0	static
stm32f1xx_it.c:210:6:TIM3_IRQHandler	0	static
stm32f1xx_it.c:224:6:USART1_IRQHandler	0	static
